phy.c:427:5:genphy_startup	0	static
phy.c:435:5:genphy_shutdown	0	static
phy.c:142:5:genphy_restart_aneg	16	static
phy.c:170:5:genphy_config_aneg	24	static
phy.c:374:5:genphy_config	16	static
phy.c:210:5:genphy_update_link	0	static
phy.c:280:5:genphy_parse_link	0	static
phy.c:452:5:phy_init	8	static
phy.c:503:5:phy_register	0	static
phy.c:610:12:get_phy_id	24	static
phy.c:664:27:get_phy_device_by_mask	56	static
phy.c:709:5:phy_reset	24	static
phy.c:764:5:miiphy_reset	8	static
phy.c:779:20:phy_find_by_mask	16	static
phy.c:796:6:phy_connect_dev	24	static
phy.c:814:20:phy_connect	24	static
phy.c:831:5:phy_startup	8	static
phy.c:839:12:board_phy_config	8	static
phy.c:846:5:phy_config	8	static
phy.c:854:5:phy_shutdown	8	static
phy.c:862:5:phy_get_interface_by_name	16	static
