shmoo_ddr40.c:1340:15:_get_random	0	static
shmoo_ddr40.c:1351:13:_fill_in_data	0	static
shmoo_ddr40.c:241:1:5	16	static
shmoo_ddr40.c:3846:12:7	104	static
shmoo_ddr40.c:76:6:soc_cm_debug	148	static
shmoo_ddr40.c:95:1:soc_timeout_init	8	static
shmoo_ddr40.c:106:1:soc_timeout_check	8	static
shmoo_ddr40.c:118:1:soc_ddr40_set_shmoo_dram_config	0	static
shmoo_ddr40.c:123:5:soc_reg32_get	0	static
shmoo_ddr40.c:133:5:soc_reg32_set	0	static
shmoo_ddr40.c:145:1:_check_dram	0	static
shmoo_ddr40.c:151:1:_check_dram_either	0	static
shmoo_ddr40.c:167:1:_check_dram_both	0	static
shmoo_ddr40.c:197:1:_soc_ddr40_mem_rowstoloc	0	static
shmoo_ddr40.c:210:1:_soc_ddr40_mem_gradetoloc	0	static
shmoo_ddr40.c:406:5:_soc_ddr40_pll_calc	48	static
shmoo_ddr40.c:648:1:_soc_ddr40_phy_PVT_ctl	40	static
shmoo_ddr40.c:806:1:soc_ddr40_phy_calibrate	40	static
shmoo_ddr40.c:1169:1:soc_ddr40_ctlr_reset	0	static
shmoo_ddr40.c:1178:1:soc_ddr40_ctlr_ctl	0	static
shmoo_ddr40.c:1208:5:soc_ddr40_read	32	static
shmoo_ddr40.c:1235:5:soc_ddr40_write	32	static
shmoo_ddr40.c:1270:1:soc_ddr40_phy_reg_ci_read	0	static
shmoo_ddr40.c:1291:1:soc_ddr40_phy_reg_ci_write	0	static
shmoo_ddr40.c:1312:1:soc_ddr40_phy_reg_ci_modify	0	static
shmoo_ddr40.c:1421:1:_test_func_self_test_1_arad	80	static
shmoo_ddr40.c:1629:1:_test_func_self_test_1	0	static
shmoo_ddr40.c:1640:1:_test_func_self_test_2_arad	72	static
shmoo_ddr40.c:1742:1:_test_func_self_test_2	0	static
shmoo_ddr40.c:1799:5:_soc_ddr_shmoo_prepare_for_shmoo	24	static
shmoo_ddr40.c:2135:5:_soc_arad_mem_reset_and_init_after_shmoo_addr	0	static
shmoo_ddr40.c:2174:1:_soc_mem_reset_and_init_after_shmoo_addr	0	static
shmoo_ddr40.c:2184:5:_shmoo_init_vdl_result	56	static
shmoo_ddr40.c:2758:1:_shmoo_rd_data_dly	112	static
shmoo_ddr40.c:4317:1:_soc_ddr40_shmoo_get_init_step	24	static
shmoo_ddr40.c:4539:1:_soc_ddr40_shmoo_do	128	static
shmoo_ddr40.c:4561:1:_soc_ddr40_shmoo_calib	120	static
shmoo_ddr40.c:4578:5:_soc_ddr40_shmoo_plot	112	static
shmoo_ddr40.c:4916:1:_soc_ddr40_shmoo_set_new_step	32	static
shmoo_ddr40.c:5121:1:soc_ddr40_shmoo_ctl	32	static
