bcm-xgs-eth-gmac.c:369:6:gmac_check_tx_done	0	static
bcm-xgs-eth-gmac.c:913:1:gmac_core_reset	0	static
bcm-xgs-eth-gmac.c:793:5:gmac_set_mac_addr	0	static
bcm-xgs-eth-gmac.c:392:5:gmac_check_rx_done	112	static
bcm-xgs-eth-gmac.c:310:5:gmac_tx_packet	32	static
bcm-xgs-eth-gmac.c:522:12:gmac_enable_dma	8	static
bcm-xgs-eth-gmac.c:477:12:1	24	static
bcm-xgs-eth-gmac.c:477:12:gmac_disable_dma	16	static
bcm-xgs-eth-gmac.c:838:1:gmac_serdes_init	24	static
bcm-xgs-eth-gmac.c:58:17:5	12	static
bcm-xgs-eth-gmac.c:602:5:gmac_miiphy_read	8	static
bcm-xgs-eth-gmac.c:638:5:gmac_miiphy_write	8	static
bcm-xgs-eth-gmac.c:674:6:gmac_init_reset	0	static
bcm-xgs-eth-gmac.c:683:6:gmac_clear_reset	0	static
bcm-xgs-eth-gmac.c:981:5:gmac_mac_init	32	static
bcm-xgs-eth-gmac.c:746:5:gmac_set_speed	24	static
bcm-xgs-eth-gmac.c:731:5:gmac_enable	16	static
bcm-xgs-eth-gmac.c:740:5:gmac_disable	16	static
bcm-xgs-eth-gmac.c:968:1:ethHw_serdesEarlyInit	72	static
bcm-xgs-eth-gmac.c:1106:5:gmac_add	16	static
