1e000000 T __image_copy_start
1e000000 T _start
1e000020 T _undefined_instruction
1e000024 T _software_interrupt
1e000028 T _prefetch_abort
1e00002c T _data_abort
1e000030 T _not_used
1e000034 T _irq
1e000038 T _fiq
1e000040 T IRQ_STACK_START_IN
1e000060 t undefined_instruction
1e0000c0 t software_interrupt
1e000120 t prefetch_abort
1e000180 t data_abort
1e0001e0 t not_used
1e000240 t irq
1e0002a0 t fiq
1e000300 T reset
1e000304 T save_boot_params_ret
1e000340 T c_runtime_cpu_setup
1e000350 W save_boot_params
1e000354 T cpu_init_cp15
1e0003a8 T cpu_init_crit
1e0003b0 T mmu_table_addr
1e0003b4 T lowlevel_init
1e0003cc t ddr_init_done
1e000454 t way_loop
1e000458 t set_loop
1e000494 t scu_enable
1e0004d8 t l2cc_init
1e0004fc t test_inv_way
1e000524 t l2cc_init_done
1e000538 t coreo_init_done
1e000560 t v7_maint_dcache_all
1e00062c t v7_dcache_inval_range
1e0006ac T invalidate_icache_all
1e0006c4 W v7_outer_cache_enable
1e0006c8 W v7_outer_cache_disable
1e0006cc T flush_dcache_all
1e0006e0 T invalidate_dcache_all
1e0006f4 T arm_init_before_mmu
1e00071c T flush_dcache_range
1e000754 T invalidate_dcache_range
1e00078c W cpu_cache_initialization
1e000790 T cleanup_before_linux_select
1e0007dc T cleanup_before_linux
1e0007e4 T armpll_config
1e000994 T early_access_env_vars
1e000aa0 W reset_cpu
1e000ab4 T enable_caches
1e000ad8 T timer_global_init
1e000afc T timer_init
1e000b0c T get_timer
1e000bac T __udelay
1e000c60 T get_ticks
1e000c74 T get_tbclk
1e000c7c T iproc_get_uart_clk
1e000cd8 T iproc_get_periph_clk
1e000d0c T iproc_get_apb_clk
1e000d40 T iproc_clk_enum
1e000e8c t validate_flash_shmoo_values
1e000fb0 T iproc_get_ddr3_clock_mhz
1e001020 T change_ddr_clock
1e001110 T ddr_init_regs
1e001138 T iproc_save_shmoo_values
1e001394 T ddr_init2
1e0018dc T shmoo_sig2mem
1e001958 T shmoo_sigmemcmp
1e001980 t _get_random
1e0019d0 t _fill_in_data
1e001a00 t _shmoo_print_diagnostics.isra.5
1e001dbc t _calib_all.isra.7
1e0022d0 T soc_cm_debug
1e002324 T soc_timeout_init
1e002358 T soc_timeout_check
1e00237c T soc_ddr40_set_shmoo_dram_config
1e002380 T _check_dram_either
1e0023a8 T _check_dram_both
1e0023d8 T _soc_ddr40_phy_PVT_ctl
1e002630 T soc_ddr40_phy_calibrate
1e002c04 T soc_ddr40_phy_reg_ci_modify
1e002c30 T _test_func_self_test_1_arad
1e002e98 T _test_func_self_test_2_arad
1e003004 T _soc_ddr_shmoo_prepare_for_shmoo
1e0036b0 T _shmoo_init_vdl_result
1e00391c T _shmoo_rd_data_dly
1e003cb0 T _soc_ddr40_shmoo_get_init_step
1e003f04 T _soc_ddr40_shmoo_do
1e0049e0 T _soc_ddr40_shmoo_calib
1e005294 T _soc_ddr40_shmoo_plot
1e0059ec T _soc_ddr40_shmoo_set_new_step
1e005d6c T soc_ddr40_shmoo_ctl
1e0066dc T _main
1e00671c t here
1e006730 t clbss_l
1e006764 W relocate_vectors
1e006770 T relocate_code
1e006780 t copy_loop
1e006798 t fixloop
1e0067b8 t fixnext
1e0067c0 t relocate_done
1e0067d4 t boot_jump_linux
1e0068ac T arch_lmb_reserve
1e0068d0 W setup_board_tags
1e0068d4 t boot_prep_linux.isra.4
1e0069dc T do_bootm_linux
1e006a48 T bootz_setup
1e006aa8 T boot_prep_vxworks
1e006aac T boot_jump_vxworks
1e006ac0 t pl310_background_op_all_ways
1e006b04 T v7_outer_cache_inval_all
1e006b10 T v7_outer_cache_flush_all
1e006b1c T v7_outer_cache_flush_range
1e006b4c T v7_outer_cache_inval_range
1e006bcc W arch_reserve_stacks
1e006be8 T interrupt_init
1e006c04 T enable_interrupts
1e006c08 T disable_interrupts
1e006c10 T bad_mode
1e006c20 T show_regs
1e006d94 T do_undefined_instruction
1e006db4 T do_software_interrupt
1e006dd4 T do_prefetch_abort
1e006df4 T do_data_abort
1e006e14 T do_not_used
1e006e34 T do_fiq
1e006e54 T do_irq
1e006e74 W reset_misc
1e006e78 T do_reset
1e006ea8 W flush_cache
1e006eb0 t cp_delay
1e006ee0 W arm_init_domains
1e006ee4 T set_section_dcache
1e006ef8 W dram_bank_mmu_setup
1e006f44 T icache_enable
1e006f5c T icache_disable
1e006f7c T dcache_enable
1e006fe8 T dcache_disable
1e007014 T dcache_status
1e007020 T board_init
1e00704c T dram_init
1e007078 T board_early_init_f
1e00708c T board_late_init
1e0070bc T board_eth_init
1e0070e0 W arch_setup_gd
1e0070e8 T board_init_f_mem
1e007114 W show_boot_progress
1e007118 T main_loop
1e00714c t dummy
1e007150 T get_version
1e007158 T jumptable_init
1e007338 t hash_finish_crc32
1e007368 t hash_update_crc32
1e00738c t hash_init_crc32
1e0073b0 t hash_finish_sha256
1e0073e8 t hash_update_sha256
1e007404 t hash_init_sha256
1e007428 t hash_finish_sha1
1e007460 t hash_update_sha1
1e00747c t hash_init_sha1
1e0074a0 T hash_lookup_algo
1e0074f8 T hash_parse_string
1e00755c T hash_show
1e0075b4 T hash_command
1e007878 t b_reset
1e007894 t static_get
1e0078b0 t static_peek
1e0078bc t file_peek
1e0078c8 t mapset
1e0078ec t syntax_err
1e0078f8 t do_showvar
1e0079ec t xmalloc
1e007a0c t new_pipe
1e007a34 t free_pipe_list
1e007b30 t xrealloc
1e007b50 t done_command
1e007bdc t done_pipe
1e007c24 t done_word
1e007f14 t is_assignment
1e007f68 t file_get
1e008138 t b_addchr
1e0081b8 t b_addqchr
1e008208 T get_local_var
1e0082a0 T set_local_var
1e008470 t insert_var_value_sub
1e008720 T parse_string_outer
1e008818 t run_list_real
1e009004 t parse_stream_outer
1e009700 T parse_file_outer
1e009744 T u_boot_hush_start
1e009798 T bootdelay_process
1e0097e8 T autoboot_command
1e0098c0 t print_cpuinfo
1e0098c8 t display_text_info
1e0098d0 t setup_mon_len
1e0098f0 W arch_cpu_init
1e0098f8 t reserve_round_4k
1e009910 t reserve_mmu
1e009948 t reserve_trace
1e009950 t reserve_uboot
1e009980 t reserve_malloc
1e009994 t setup_machine
1e0099a8 t reserve_global_data
1e0099c4 t reserve_fdt
1e009a10 t display_new_sp
1e009a18 t initf_console_record
1e009a20 t initf_dm
1e009a28 W reserve_arch
1e009a30 W arch_cpu_init_dm
1e009a38 t announce_dram_init
1e009a50 t init_func_i2c
1e009a78 t mark_bootstage
1e009a8c t setup_reloc
1e009ac0 t reloc_fdt
1e009afc t reserve_board
1e009b34 t init_baud_rate
1e009b6c W coloured_LED_init
1e009b70 W red_led_on
1e009b74 W board_add_ram_info
1e009b78 t show_dram_config
1e009bb0 W dram_init_banksize
1e009bd0 t setup_dram_config
1e009be0 W board_get_usable_ram_top
1e009bf4 W board_reserve_ram_top
1e009bf8 t setup_dest_addr
1e009c48 t reserve_stacks
1e009c64 T board_init_f
1e009c8c t bootstage_relocate
1e009c94 t initr_trace
1e009c9c t initr_reloc
1e009cb4 t initr_reloc_global_data
1e009cdc t initr_barrier
1e009ce4 t initr_console_record
1e009cec W power_init_board
1e009cf4 t initr_announce
1e009cfc t run_main_loop
1e009d08 t initr_net
1e009d24 t initr_ethaddr
1e009d44 t initr_enable_interrupts
1e009d54 t initr_jumptable
1e009d64 t initr_pci
1e009d74 t initr_env
1e009da4 t initr_nand
1e009dc0 t initr_serial
1e009dd0 t initr_bootstage
1e009de4 t initr_malloc
1e009e00 t initr_caches
1e009e10 W cpu_secondary_init_r
1e009e14 t initr_secondary_cpu
1e009e24 T board_init_r
1e009e38 W do_go_exec
1e009e50 t do_go
1e009ec0 t image_info
1e009f84 T do_bootd
1e009fa4 T do_bootm
1e00a0a8 t do_iminfo
1e00a108 T bootm_maybe_autostart
1e00a17c T do_bootz
1e00a274 T bootm_find_images
1e00a2bc T bootm_decomp_image
1e00a44c T bootm_disable_interrupts
1e00a464 T do_bootm_states
1e00abf4 t copy_args
1e00ac40 t do_bootm_rtems
1e00ac80 t do_bootm_plan9
1e00ad24 t do_bootm_standalone
1e00ad88 t do_bootm_qnxelf
1e00ade4 t do_bootm_netbsd
1e00aedc T do_bootvx_fdt
1e00af18 t do_bootm_vxworks
1e00af3c W arch_preboot_os
1e00af40 T boot_selected_os
1e00af9c T bootm_os_get_boot_func
1e00afac t do_help
1e00aff0 t do_version
1e00b028 t regex_callback
1e00b160 T env_attr_walk
1e00b288 T env_attr_lookup
1e00b30c t clear_callback
1e00b31c t on_callbacks
1e00b36c t set_callback
1e00b448 T env_callback_init
1e00b55c t skip_num
1e00b5e4 t clear_flags
1e00b5f4 t on_flags
1e00b644 T env_flags_parse_vartype
1e00b694 T env_flags_parse_varaccess
1e00b6ec t set_flags
1e00b79c T eth_validate_ethaddr_str
1e00b82c T env_flags_init
1e00b900 T env_flags_validate
1e00bb94 T saveenv
1e00bc6c T env_relocate_spec
1e00bd3c T env_init
1e00bd58 T source
1e00be38 t do_source
1e00be80 t print_num
1e00be98 t do_bdinfo
1e00c014 t do_coninfo
1e00c0c0 t do_echo
1e00c170 t load_elf_image_shdr
1e00c1fc T valid_elf_image
1e00c248 T do_bootvx
1e00c57c T do_bootelf
1e00c73c t do_exit
1e00c770 t do_ext2ls
1e00c784 T do_ext2load
1e00c798 t do_fat_fswrite
1e00c8a0 t do_fat_fsinfo
1e00c930 t do_fat_ls
1e00c944 T do_fat_fsload
1e00c958 T do_fat_size
1e00c96c t do_i2c
1e00c9c8 t do_i2c_reset
1e00c9f8 t do_i2c_probe
1e00ca98 t do_i2c_bus_num
1e00cb50 t do_i2c_bus_speed
1e00cbc4 t do_i2c_show_bus
1e00cca4 t get_alen.constprop.5
1e00cce0 t do_i2c_crc
1e00ce00 t do_i2c_write
1e00cf4c t do_i2c_mw
1e00d04c t do_i2c_read
1e00d108 t do_i2c_md
1e00d2e8 t mod_i2c_mem.isra.4
1e00d4dc t do_i2c_nm
1e00d4e4 t do_i2c_mm
1e00d4ec t do_i2c_loop
1e00d5d0 W i2c_init_board
1e00d5d4 t do_hash
1e00d674 t evalexp
1e00d708 t evalstr
1e00d778 t binary_test
1e00d914 t do_itest
1e00d9ac t bin_data_init
1e00d9d8 t k_data_restore
1e00da24 t load_serial_ymodem
1e00db04 t getcxmodem
1e00db24 t bin_data_char
1e00db4c t chk1.constprop.1
1e00db7c t s1_sendpacket.constprop.2
1e00dbcc t load_serial
1e00ddc4 t do_load_serial
1e00dea4 t do_load_serial_bin
1e00e6a8 t do_mem_base
1e00e6e8 t do_mem_mtest
1e00e928 t do_mem_loop
1e00ea24 t do_mem_cmp
1e00eb90 t do_mem_cp
1e00ec68 t do_mem_mw
1e00ed2c t do_mem_mwc
1e00eda8 t do_mem_crc
1e00ee14 t do_mem_md
1e00ef00 t do_mem_mdc
1e00ef7c t mod_mem.isra.2
1e00f0f4 t do_mem_nm
1e00f0fc t do_mem_mm
1e00f104 t legacy_miiphy_read
1e00f134 t legacy_miiphy_write
1e00f158 T miiphy_get_dev_by_name
1e00f1b4 T miiphy_init
1e00f1d8 T mdio_alloc
1e00f208 T miiphy_register
1e00f32c T mdio_list_devices
1e00f3c8 T miiphy_set_current_dev
1e00f408 t miiphy_get_active_dev
1e00f45c T mdio_get_current_dev
1e00f46c T mdio_phydev_for_ethname
1e00f4f8 T miiphy_get_current_dev
1e00f510 T miiphy_read
1e00f55c T miiphy_write
1e00f59c T miiphy_listdev
1e00f610 T miiphy_info
1e00f694 T miiphy_speed
1e00f73c T miiphy_duplex
1e00f7e4 T miiphy_is_1000base_x
1e00f7ec t extract_range
1e00f838 t extract_range
1e00f8c4 t do_mii
1e0101c0 t do_mdio
1e010680 t do_sleep
1e0106f0 t part_delall
1e010734 t memsize_parse
1e0107b4 t get_mtd_info
1e010838 t part_validate
1e010bb8 t mtd_part_info
1e010c4c t memsize_format
1e010cec t index_partitions
1e010da0 t current_save
1e010e5c t part_sort_add
1e010f84 t device_del
1e011000 t generate_mtdparts_save.constprop.7
1e0112d4 t device_delall.constprop.9
1e011338 t mtd_devices_init
1e011364 T device_find
1e0113b4 t device_parse
1e0118e4 T mtd_id_parse
1e0119fc T find_dev_and_part
1e011bbc T mtdparts_init
1e01226c t do_mtdparts
1e01281c t do_chpart
1e0128f0 t set_dev
1e012960 t nand_load_image
1e012b10 t do_nandboot
1e012d4c t nand_print_and_set_info
1e012e38 t do_nand
1e013b24 t netboot_common
1e013e24 t do_nfs
1e013e30 t do_dhcp
1e013e3c t do_bootp
1e013e48 T do_tftpput
1e013e54 T do_tftpb
1e013e94 t do_ping
1e013f08 t pci_cfg_write
1e013f44 t pci_read_config
1e013f8c t pci_cfg_modify.isra.1
1e014094 t pci_show_regs
1e014110 T pci_header_show
1e0141d8 T pciinfo_header
1e014218 T pci_header_show_brief
1e014298 T pciinfo
1e0143e4 t do_pci
1e0147a4 t bytes_per_second
1e0147f4 t do_spi_flash
1e015084 t do_time
1e015158 t do_false
1e015160 t do_true
1e015168 t do_test
1e0154bc t ubi_find_volume
1e015530 t ubi_volume_continue_write
1e0155d0 T ubi_volume_begin_write
1e015670 T ubi_volume_write
1e015678 T ubi_volume_read
1e015874 T ubi_part
1e015ad4 t do_ubi
1e016364 t do_ubifs_load
1e016428 t do_ubifs_ls
1e01648c t do_ubifs_mount
1e0164e8 T ubifs_is_mounted
1e0164f8 T cmd_ubifs_umount
1e016520 t do_ubifs_umount
1e016564 t usb_get_class_desc
1e016628 t do_usbboot
1e016634 t usb_display_class_sub
1e0167bc t usb_find_device
1e0167f8 t usb_show_tree_graph
1e016a20 t usb_display_string
1e016a64 t usb_display_config
1e016ca4 t do_usb_start
1e016cd4 t usb_display_desc.part.3
1e016df4 T usb_show_tree
1e016e48 t do_usb
1e017580 t usb_set_maxpacket_ep
1e0175e8 T usb_stop
1e017644 T usb_disable_asynch
1e017664 T usb_control_msg
1e017730 t usb_get_descriptor
1e017780 t get_descriptor_len
1e017810 t usb_get_string
1e01787c t usb_string_sub
1e017988 T usb_bulk_msg
1e017a04 T usb_maxpacket
1e017a20 T usb_clear_halt
1e017ac0 T usb_get_configuration_len
1e017b38 T usb_get_configuration_no
1e017b68 T usb_set_interface
1e017c24 T usb_string
1e017d30 T usb_get_dev_index
1e017d54 T usb_alloc_new_device
1e017de8 T usb_free_device
1e017e30 W usb_alloc_device
1e017e38 T usb_select_config
1e0182a0 T usb_setup_device
1e018454 T usb_new_device
1e018484 T usb_init
1e0185d4 T usb_device_has_child_on_port
1e0185e8 T usb_find_usb2_hub_address_port
1e018644 t usb_get_hub_descriptor
1e018690 t usb_set_port_feature
1e0186dc t usb_clear_port_feature
1e018728 t usb_hub_power_on
1e018794 W usb_hub_reset_devices
1e018798 T usb_get_port_status
1e0187e4 T usb_hub_reset
1e0187f8 T legacy_hub_port_reset
1e0188a0 T usb_hub_port_connect_change
1e018a10 t usb_hub_configure
1e018d20 T usb_hub_probe
1e018d78 t usb_stor_irq
1e018d94 t usb_stor_BBB_clear_endpt_stall
1e018dd8 t usb_stor_BBB_reset
1e018ea8 t usb_stor_CB_reset
1e018f74 t usb_stor_BBB_transport
1e0191d4 t usb_stor_CB_comdat
1e0193c4 t usb_stor_CBI_get_status.isra.0
1e01948c t usb_stor_CB_transport
1e0196b0 t usb_request_sense.constprop.7
1e019720 T usb_stor_read
1e01989c T usb_stor_write
1e019a18 T usb_stor_get_dev
1e019a40 T usb_stor_info
1e019ab8 T usb_storage_probe
1e019cc4 T usb_stor_get_info
1e019ff4 T usb_stor_scan
1e01a1fc t do_imgextract
1e01a47c t do_env_delete
1e01a524 t do_env_exists
1e01a588 t env_print
1e01a650 t do_env_print
1e01a714 t do_env
1e01a770 t do_env_import
1e01aa10 t do_env_default
1e01aac4 t do_env_save
1e01aaf0 t _do_env_set.isra.1
1e01acc8 t do_env_set
1e01ace8 T get_env_id
1e01acf8 T setenv
1e01ad5c T setenv_ulong
1e01ad7c T setenv_hex
1e01adb0 t do_env_export
1e01b018 T envmatch
1e01b084 T getenv_f
1e01b150 T getenv
1e01b1c8 t do_env_edit.part.3
1e01b270 t do_env_edit
1e01b29c T getenv_ulong
1e01b2cc W env_get_char_spec
1e01b2d8 T env_get_addr
1e01b2f8 T env_get_char_memory
1e01b308 T env_get_char
1e01b338 T getenv_yesno
1e01b388 T getenv_default
1e01b3b8 T set_default_env
1e01b474 T set_default_vars
1e01b4b0 T env_import
1e01b58c T env_export
1e01b62c T env_relocate
1e01b65c T env_complete
1e01b730 t console_setfile
1e01b7ec T puts
1e01b82c T fgetc
1e01b858 T getc
1e01b87c T ftstc
1e01b8a8 T tstc
1e01b8cc T fputc
1e01b8f0 T putc
1e01b918 T ctrlc
1e01b970 T confirm_yesno
1e01ba40 T had_ctrlc
1e01ba50 T clear_ctrlc
1e01ba64 T search_device
1e01ba94 T console_assign
1e01badc t on_console
1e01bba0 T console_init_f
1e01bbb0 T stdio_print_current_devices
1e01bc68 T console_init_r
1e01bd3c T sbrk
1e01bdac T mem_malloc_init
1e01bde0 T malloc_trim
1e01beac T free
1e01c0d4 T malloc
1e01c6dc T calloc
1e01c7b4 T memalign
1e01c8c0 T realloc
1e01ccd4 T initf_malloc
1e01ccdc t on_loadaddr
1e01cd14 T image_check_hcrc
1e01cd60 T image_check_dcrc
1e01cd98 T image_multi_count
1e01cdb8 T image_multi_getimg
1e01ce38 T getenv_bootm_low
1e01ce68 T getenv_bootm_size
1e01cec8 T memmove_wd
1e01ced4 T genimg_print_size
1e01cf04 T get_table_entry
1e01cf28 T get_table_entry_name
1e01cf48 T genimg_get_os_name
1e01cf60 T genimg_get_arch_name
1e01cf78 T genimg_get_type_name
1e01cf90 T genimg_get_comp_name
1e01cfa8 T image_print_contents
1e01d118 T genimg_get_kernel_addr_fit
1e01d13c T genimg_get_format
1e01d15c T genimg_get_image
1e01d160 T boot_get_ramdisk
1e01d3a0 T boot_ramdisk_high
1e01d4e0 T boot_get_setup
1e01d4e8 W get_effective_memsize
1e01d4f0 t stdio_serial_tstc
1e01d4f4 t stdio_serial_getc
1e01d4f8 t stdio_serial_puts
1e01d500 t stdio_serial_putc
1e01d508 T stdio_get_list
1e01d514 T stdio_get_by_name
1e01d564 T stdio_clone
1e01d5a0 T stdio_register_dev
1e01d5f0 T stdio_register
1e01d5f8 T stdio_init_tables
1e01d614 T stdio_add_devices
1e01d690 T run_command
1e01d6a0 T run_command_list
1e01d724 T do_run
1e01d79c T cli_loop
1e01d7a8 T cli_init
1e01d7ac t delete_char.part.0
1e01d880 t cread_add_char
1e01d96c T cli_readline_into_buffer
1e01e338 T cli_readline
1e01e34c T find_cmd_tbl
1e01e3f0 T find_cmd
1e01e418 T cmd_usage
1e01e474 T _do_help
1e01e5f8 T var_complete
1e01e680 T cmd_auto_complete
1e01eb44 T cmd_get_data_size
1e01eb94 T cmd_process
1e01ec80 t hex1_bin
1e01ecc0 t hex2_bin
1e01ecf8 T srec_decode
1e01ef54 t CYGACC_COMM_IF_GETC_TIMEOUT.isra.1
1e01efa0 t xyzModem_flush
1e01efb8 t xyzModem_get_hdr
1e01f208 T xyzModem_stream_open
1e01f45c T xyzModem_stream_read
1e01f6b0 T xyzModem_stream_close
1e01f700 T xyzModem_stream_terminate
1e01f794 T xyzModem_error
1e01f7b4 T common_diskboot
1e01f9f0 t get_dev_hwpart
1e01fa9c T dev_print
1e01fcb8 T init_part
1e01fcd8 T print_part
1e01fdd0 T get_partition_info
1e01fdfc T get_device
1e01ff10 T get_device_and_partition
1e02036c t test_block_type
1e0203e8 t print_partition_extended
1e020650 t get_partition_info_extended.constprop.2
1e020940 T test_part_dos
1e0209a4 T print_part_dos
1e0209d4 T get_partition_info_dos
1e0209f0 T i2c_get_adapter
1e020a54 T i2c_init_bus
1e020ae4 T i2c_get_bus_num
1e020aec T i2c_set_bus_num
1e020ba8 T i2c_init_all
1e020bbc T i2c_probe
1e020be4 T i2c_read
1e020c2c T i2c_write
1e020c74 T i2c_set_bus_speed
1e020cd8 T i2c_get_bus_speed
1e020cec W i2c_init
1e020d00 t iproc_i2c_write_trans_data
1e020da8 t iproc_get_base
1e020df8 t iproc_i2c_startbusy_wait
1e020e70 t iproc_i2c_data_send
1e020f34 t iproc_i2c_data_recv
1e02107c t iproc_i2c_write
1e021170 t iproc_i2c_read
1e021264 t iproc_i2c_init
1e0212b8 T iproc_i2c_probe
1e021338 t iproc_i2c_set_bus_speed
1e0213a4 T idr_get_next
1e0213ec T idr_alloc
1e021420 T __mtd_next_device
1e02143c T del_mtd_device
1e0214b4 T __get_mtd_device
1e0214ec T get_mtd_device
1e021580 T get_mtd_device_nm
1e0215d8 T __put_mtd_device
1e021624 T put_mtd_device
1e021628 T mtd_erase
1e0216b0 T mtd_read
1e021760 T mtd_write
1e021804 T mtd_read_oob
1e021868 T mtd_unlock
1e0218e0 T add_mtd_device
1e021acc T mtd_block_isbad
1e021b18 T mtd_block_markbad
1e021b78 T mtd_arg_off
1e021c64 T mtd_arg_off_size
1e021d80 t part_get_unmapped_area
1e021da0 t part_read_user_prot_reg
1e021dd0 t part_get_user_prot_info
1e021de4 t part_read_fact_prot_reg
1e021e14 t part_get_fact_prot_info
1e021e28 t part_write
1e021e6c t part_panic_write
1e021eb0 t part_write_oob
1e021f18 t part_write_user_prot_reg
1e021f48 t part_lock_user_prot_reg
1e021f64 t part_lock
1e021f90 t part_unlock
1e021fbc t part_is_locked
1e021fe8 t part_sync
1e021ffc t part_block_isreserved
1e02201c t part_block_isbad
1e02203c t part_block_markbad
1e022070 t part_read
1e022110 t part_read_oob
1e0222b0 t part_erase
1e022320 T kstrdup
1e022368 T mtd_erase_callback
1e0223d0 T del_mtd_partitions
1e02246c T add_mtd_partitions
1e022b5c T mtd_is_partition
1e022b98 T mtd_get_device_size
1e022bc0 T nand_register
1e022c54 T nand_init
1e022cc0 t read_bbt
1e022eac t read_abs_bbt
1e022f78 t scan_read
1e023074 t write_bbt
1e023684 t nand_update_bbt
1e0237b0 t mark_bbt_region
1e023938 t verify_bbt_descr
1e023a74 t create_bbt
1e023c80 t search_bbt
1e023e24 T nand_scan_bbt
1e024344 T nand_default_bbt
1e024418 T nand_isreserved_bbt
1e024460 T nand_isbad_bbt
1e0244bc T nand_markbad_bbt
1e024524 t check_skip_len
1e0245cc T nand_erase_opts
1e024948 T nand_verify_page_oob
1e024a0c T nand_verify
1e024afc T nand_write_skip_bad
1e024d9c T nand_read_skip_bad
1e024fd4 T nand_calculate_ecc
1e0250d0 T nand_correct_data
1e0251f4 t nand_release_device
1e02520c T nand_read_byte
1e02521c t nand_read_byte16
1e025230 t nand_read_word
1e025240 t nand_write_byte
1e025264 t nand_write_byte16
1e025288 T nand_write_buf
1e0252b0 T nand_read_buf
1e0252d8 T nand_write_buf16
1e025308 T nand_read_buf16
1e02533c t nand_check_wp
1e02538c t nand_read_page_raw_syndrome
1e025460 t nand_read_page_swecc
1e025598 t nand_read_subpage
1e02582c t nand_read_page_hwecc
1e025984 t nand_read_page_hwecc_oob_first
1e025ad4 t nand_read_page_syndrome
1e025c14 t nand_setup_read_retry
1e025c4c t nand_read_oob_std
1e025c88 t nand_read_oob_syndrome
1e025d90 t nand_write_oob_std
1e025e00 t nand_write_oob_syndrome
1e025fb0 t nand_write_page_raw_syndrome
1e026084 t nand_write_page_swecc
1e02613c t nand_write_page_hwecc
1e026208 t nand_write_page_syndrome
1e0262fc t single_erase
1e026348 t nand_sync
1e026358 t nand_onfi_set_features
1e0263dc t nand_set_defaults
1e026588 t nand_setup_read_retry_micron
1e0265b4 t nand_write_page
1e0266e8 t nand_block_bad
1e026898 t nand_write_subpage_hwecc
1e026a3c t nand_onfi_get_features
1e026ac8 t nand_block_checkbad
1e026b58 t nand_block_isbad
1e026b70 t nand_block_isreserved
1e026b8c t nand_fill_oob
1e026cb0 t nand_do_write_oob
1e026e54 t nand_default_block_markbad
1e026f38 t nand_do_write_ops
1e0272b0 t nand_write_oob
1e027348 t nand_write
1e0273cc t nand_wait
1e0274b4 t sanitize_string
1e0274ec t nand_read_page_raw
1e027530 t nand_write_page_raw
1e027574 t nand_select_chip
1e0275cc t nand_transfer_oob
1e0276d8 t onfi_crc16.constprop.13
1e027728 t panic_nand_write
1e0277fc t nand_wait_status_ready.constprop.15
1e027848 T nand_wait_ready
1e027894 t nand_do_read_ops
1e027cec t nand_read_oob
1e027fa0 t nand_read
1e028024 t nand_command
1e028208 t nand_command_lp
1e028460 T nand_erase_nand
1e0286e8 t nand_block_markbad
1e0287cc t nand_erase
1e0287d4 T nand_scan_ident
1e0298c0 T nand_scan_tail
1e029ef0 T nand_scan
1e029f14 t iproc_nand_waitfunc
1e029f1c t iproc_nand_read_byte
1e02a03c t iproc_nand_read_buf
1e02a070 t iproc_nand_cmd_ctrl
1e02a074 t iproc_nand_mark_bad
1e02a08c t iproc_check_nand_done
1e02a1ac t nand_dev_ready
1e02a224 t _iproc_nand_one_page_read
1e02a570 t iproc_nand_onfi_parameters_cmd.part.0
1e02a598 t iproc_nand_block_bad
1e02a654 t iproc_nand_read_page_raw
1e02a9a8 T iproc_nand_onfi_parameter_pages
1e02aa7c t iproc_nand_config.part.2
1e02b12c t iproc_nand_config
1e02b164 T board_nand_init
1e02b400 T iproc_nand_page_read
1e02b4fc t iproc_nand_read_page
1e02b560 T iproc_nand_block_erase
1e02b684 T iproc_nand_page_program
1e02b98c t iproc_nand_write_page_hwecc
1e02b9e8 t iproc_nand_write_page
1e02ba48 t iproc_nand_command
1e02bc04 T spi_flash_probe
1e02bc84 T spi_flash_free
1e02bca0 t stm_is_locked_sr
1e02bd10 T spi_flash_read_common
1e02bd68 t read_sr
1e02bd94 T stm_is_locked
1e02bdcc t spi_flash_cmd_wait_ready
1e02beb0 t sst_byte_write
1e02bf30 T sst_write_bp
1e02bfac T sst_write_wp
1e02c0ec T spi_flash_write_common
1e02c184 t write_sr
1e02c1b0 T stm_unlock
1e02c35c T stm_lock
1e02c4b4 t spi_flash_write_bar
1e02c514 T spi_flash_cmd_write_ops
1e02c618 T spi_flash_cmd_erase_ops
1e02c714 W spi_flash_copy_mmap
1e02c718 T spi_flash_cmd_read_ops
1e02c874 T spi_flash_scan
1e02cd88 t spi_flash_read_write
1e02cdfc T spi_flash_cmd_read
1e02ce18 T spi_flash_cmd
1e02ce44 T spi_flash_cmd_write
1e02ce60 t add_to_list
1e02cf34 t destroy_ai
1e02d14c t validate_vid_hdr.isra.3
1e02d21c T ubi_compare_lebs
1e02d440 T ubi_add_to_av
1e02d878 T ubi_find_av
1e02d8a8 T ubi_remove_av
1e02d910 T ubi_early_get_peb
1e02dac4 T ubi_attach
1e02e9f8 t kill_volumes
1e02ea38 T ubi_volume_notify
1e02ea6c T ubi_notify_all
1e02ead4 T ubi_get_device
1e02eaf4 T ubi_put_device
1e02eb04 T ubi_free_internal_volumes
1e02eb4c T ubi_attach_mtd_dev
1e02f2a4 T ubi_detach_mtd_dev
1e02f388 T ubi_init
1e02f4d0 T ubi_exit
1e02f52c T kstrtoint
1e02f554 T ubi_mtd_param_parse
1e02f724 t create_vtbl
1e02f910 t vtbl_check
1e02fbd8 t ubi_update_layout_vol
1e02fc2c T ubi_change_vtbl_record
1e02fcf0 T ubi_read_volume_table
1e030424 t vol_release
1e030440 t self_check_volumes
1e030780 T ubi_create_volume
1e030c08 T ubi_resize_volume
1e030e50 T ubi_add_volume
1e030e80 T ubi_free_volume
1e030e98 t write_leb
1e030f54 t clear_update_marker
1e03104c T ubi_start_update
1e0311e4 T ubi_more_update_data
1e031458 T ubi_do_get_device_info
1e03148c T ubi_get_device_info
1e0314d0 T ubi_do_get_volume_info
1e031540 T ubi_get_volume_info
1e031550 T ubi_close_volume
1e0315d0 T ubi_open_volume
1e03178c T ubi_open_volume_nm
1e031868 T ubi_leb_read
1e03197c T ubi_leb_unmap
1e0319ec T ubi_is_mapped
1e031a3c t ltree_lookup
1e031a7c t leb_write_unlock
1e031ab4 t leb_read_unlock
1e031aec t ltree_add_entry
1e031bc0 t leb_write_lock
1e031bd4 t is_error_sane
1e031c10 T ubi_eba_unmap_leb
1e031c90 T ubi_eba_read_leb
1e031ec0 T ubi_eba_write_leb
1e0324b0 T ubi_eba_write_leb_st
1e032820 T ubi_eba_atomic_leb_change
1e032b88 T ubi_eba_copy_leb
1e032f24 T ubi_eba_init
1e033158 t erase_callback
1e03315c t validate_ec_hdr
1e033230 t validate_vid_hdr
1e033414 t self_check_ec_hdr.isra.0.part.1
1e03346c t self_check_vid_hdr.isra.2.part.3
1e0334c4 T ubi_io_is_bad
1e0334ec t self_check_not_bad.part.4
1e033504 T ubi_io_read
1e0335f0 t self_check_peb_ec_hdr.part.6
1e0336c4 T ubi_io_mark_bad
1e033700 T ubi_io_read_ec_hdr
1e03384c T ubi_io_read_vid_hdr
1e0339a4 T ubi_self_check_all_ff
1e033a80 t do_sync_erase
1e033b64 t do_sync_erase
1e033bb8 T ubi_io_write
1e033f04 T ubi_io_write_vid_hdr
1e033ff4 T ubi_io_write_ec_hdr
1e034128 T ubi_io_sync_erase
1e0343dc t in_wl_tree
1e034438 t shutdown_work
1e034490 t prot_queue_del
1e034514 t find_wl_entry
1e03459c t wl_entry_destroy
1e0345b4 t tree_destroy
1e034618 t wl_tree_add
1e034678 t self_check_in_wl_tree
1e0346a4 t get_peb_for_wl
1e0346f4 T do_work
1e034748 t __schedule_ubi_work
1e034774 t schedule_erase
1e0347d4 t ensure_wear_leveling
1e03489c t erase_worker
1e034cb4 t wear_leveling_worker
1e0350e0 T ubi_wl_put_peb
1e035240 T ubi_wl_scrub_peb
1e035340 T ubi_wl_flush
1e0353e8 T ubi_wl_init
1e035710 T ubi_wl_close
1e0357c0 T ubi_wl_get_peb
1e0358ec T crc32_le
1e0359dc T ubi_calc_data_len
1e035a10 T ubi_check_volume
1e035ac4 T ubi_update_reserved
1e035b1c T ubi_calculate_reserved
1e035b34 T ubi_check_pattern
1e035b64 T ubi_dump_flash
1e035bf4 T ubi_dump_ec_hdr
1e035bf8 T ubi_dump_vid_hdr
1e035bfc T ubi_dump_vol_info
1e035d48 T ubi_dump_vtbl_record
1e035d80 T ubi_dump_av
1e035d84 T ubi_dump_aeb
1e035d88 T ubi_debugfs_init
1e035d90 T ubi_debugfs_exit
1e035d94 T ubi_debugfs_init_dev
1e035d9c T ubi_debugfs_exit_dev
1e035da0 T ubi_dbg_power_cut
1e035da8 t bcm_xgs_eth_open
1e035dec t bcm_xgs_eth_close
1e035e2c t bcm_xgs_eth_write_hwaddr
1e035e84 t bcm_xgs_eth_receive
1e035f04 t bcm_xgs_eth_send
1e035f94 T bcm_xgs_eth_register
1e036174 T gmac_check_tx_done
1e03619c t gmac_core_reset
1e0361dc T gmac_set_mac_addr
1e036220 T gmac_check_rx_done
1e036330 T gmac_tx_packet
1e0363e8 t gmac_enable_dma
1e0364b8 t gmac_disable_dma.part.1
1e036564 t gmac_disable_dma
1e0365d0 t gmac_serdes_init
1e0366e0 t dma_ctrlflags.constprop.5
1e036748 T gmac_init_reset
1e03676c T gmac_clear_reset
1e036790 T gmac_mac_init
1e036a78 T gmac_set_speed
1e036b48 T gmac_enable
1e036bc0 T gmac_disable
1e036c04 T ethHw_serdesEarlyInit
1e036c38 T gmac_add
1e036de8 T chip_phy_wr
1e036f48 T chip_phy_rd
1e0370ac T serdes_set_blk
1e037100 T serdes_wr_reg
1e037140 T serdes_rd_reg
1e037178 T serdes_reset
1e0371d8 T serdes_reset_core
1e037284 T serdes_start_pll
1e0372fc T serdes_init
1e037458 T genphy_shutdown
1e037460 T genphy_restart_aneg
1e0374b4 T genphy_config_aneg
1e03769c T genphy_update_link
1e0376a4 T genphy_parse_link
1e0376ac T phy_init
1e0376bc T phy_register
1e0376e4 T phy_reset
1e037794 t bcm_cygnus_startup
1e0377b0 t bcm_cygnus_config
1e0377cc t bcm5461_config
1e0377e8 t bcm54xx_parse_status
1e037894 t bcm54xx_startup
1e0378b0 t bcm5482_startup
1e037a04 t bcm5482_config
1e037b44 T phy_broadcom_init
1e037ba4 T pci_hose_read_config_byte
1e037bb4 T pci_hose_read_config_word
1e037bc4 T pci_hose_read_config_dword
1e037bd4 T pci_hose_write_config_byte
1e037be4 T pci_hose_write_config_word
1e037bf4 T pci_hose_write_config_dword
1e037c04 T pci_get_hose_head
1e037c24 T pci_register_hose
1e037c50 T pci_bus_to_hose
1e037c9c T pci_write_config_dword
1e037cd8 T pci_write_config_word
1e037d14 T pci_write_config_byte
1e037d50 T pci_read_config_dword
1e037d90 T pci_read_config_word
1e037dd0 T pci_read_config_byte
1e037e10 T pci_hose_config_device
1e037fd0 T pci_find_config
1e03808c T pci_print_dev
1e038094 T pci_hose_scan_bus
1e038270 T pci_hose_scan
1e0382a4 T pci_init
1e0382b8 T pci_class_str
1e038444 T pci_skip_dev
1e03844c T iproc_pcie_wr_conf_byte
1e0384d8 T iproc_pcie_wr_conf_word
1e038564 T iproc_pcie_wr_conf_dword
1e0385ec T iproc_pcie_rd_conf_byte
1e0386b0 T iproc_pcie_rd_conf_word
1e038774 T iproc_pcie_rd_conf_dword
1e038818 T pci_bus0_read_config_word
1e0388bc T pci_bus0_read_config_byte
1e038960 T pci_bus0_write_config_word
1e038a70 T pci_bus0_write_config_byte
1e038aec T soc_pcie_check_link
1e038c88 T pci_iproc_init_board
1e03912c T pci_init_board
1e03913c t serial_stub_start
1e039150 t serial_stub_stop
1e039164 t serial_stub_putc
1e03917c t serial_stub_puts
1e039194 T serial_stub_getc
1e0391a8 T serial_stub_tstc
1e0391bc t get_current
1e0391f8 W amirix_serial_initialize
1e0391f8 W arc_serial_initialize
1e0391f8 W arm_dcc_initialize
1e0391f8 W asc_serial_initialize
1e0391f8 W atmel_serial_initialize
1e0391f8 W au1x00_serial_initialize
1e0391f8 W bfin_jtag_initialize
1e0391f8 W bfin_serial_initialize
1e0391f8 W bmw_serial_initialize
1e0391f8 W clps7111_serial_initialize
1e0391f8 W cogent_serial_initialize
1e0391f8 W cpci750_serial_initialize
1e0391f8 W evb64260_serial_initialize
1e0391f8 W imx_serial_initialize
1e0391f8 W iop480_serial_initialize
1e0391f8 W jz_serial_initialize
1e0391f8 W leon2_serial_initialize
1e0391f8 W leon3_serial_initialize
1e0391f8 W lh7a40x_serial_initialize
1e0391f8 W lpc32xx_serial_initialize
1e0391f8 W marvell_serial_initialize
1e0391f8 W max3100_serial_initialize
1e0391f8 W mcf_serial_initialize
1e0391f8 W ml2_serial_initialize
1e0391f8 W mpc512x_serial_initialize
1e0391f8 W mpc5xx_serial_initialize
1e0391f8 W mpc8260_scc_serial_initialize
1e0391f8 W mpc8260_smc_serial_initialize
1e0391f8 W mpc85xx_serial_initialize
1e0391f8 W mpc8xx_serial_initialize
1e0391f8 W mxc_serial_initialize
1e0391f8 W mxs_auart_initialize
1e0391f8 W oc_serial_initialize
1e0391f8 W p3mx_serial_initialize
1e0391f8 W pl01x_serial_initialize
1e0391f8 W pxa_serial_initialize
1e0391f8 W s3c24xx_serial_initialize
1e0391f8 W s5p_serial_initialize
1e0391f8 W sa1100_serial_initialize
1e0391f8 W sandbox_serial_initialize
1e0391f8 W sconsole_serial_initialize
1e0391f8 W sh_serial_initialize
1e0391f8 W stm32_serial_initialize
1e0391f8 W uartlite_serial_initialize
1e0391f8 W zynq_serial_initialize
1e0391f8 t serial_null
1e0391fc T serial_register
1e039214 T serial_stdio_init
1e0392bc T serial_assign
1e03930c T serial_initialize
1e0393d4 T serial_init
1e0393f4 T serial_setbrg
1e039408 t on_baudrate
1e0394f8 T serial_getc
1e03950c T serial_tstc
1e039520 T serial_putc
1e03953c T serial_puts
1e039558 t eserial1_init
1e039590 t eserial1_setbrg
1e0395c4 t eserial1_tstc
1e0395d0 t eserial1_getc
1e0395e4 t _serial_putc.constprop.4
1e039614 t eserial1_puts
1e039634 t eserial1_putc
1e039638 W default_serial_console
1e039644 T ns16550_serial_initialize
1e039650 T ns16550_calc_divisor
1e039668 T NS16550_init
1e0396bc T NS16550_reinit
1e039704 T NS16550_putc
1e039720 T NS16550_getc
1e039734 T NS16550_tstc
1e039740 T spi_do_alloc_slave
1e03978c t bspi_flush_prefetch_buffers
1e0397ac t bspi_set_4byte_mode
1e0397e4 t bspi_emulate_flash_read
1e039a2c T spi_setup_slave
1e039b6c T spi_free_slave
1e039b78 T spi_claim_bus
1e039bd4 T spi_release_bus
1e039c4c T spi_xfer
1e03a01c t ehci_get_port_speed
1e03a024 t ehci_set_usbmode
1e03a038 t ehci_get_portsc_register
1e03a050 t ehci_powerup_fixup
1e03a058 t ehci_td_buffer
1e03a0e0 t handshake
1e03a130 t disable_periodic
1e03a17c t enable_periodic
1e03a1d0 t _ehci_destroy_int_queue
1e03a2ac t _ehci_poll_int_queue
1e03a36c t ehci_update_endpt2_dev_n_port
1e03a3c4 t ehci_submit_async
1e03a960 t ehci_shutdown
1e03a9fc t _ehci_create_int_queue.isra.0
1e03ad8c T usb_lowlevel_stop
1e03adb4 T usb_lowlevel_init
1e03b000 T submit_bulk_msg
1e03b028 T submit_control_msg
1e03b554 T submit_int_msg
1e03b608 T linux_usbh_init
1e03b714 T ehci_hcd_init
1e03b7a8 T ehci_hcd_stop
1e03b7b0 t fs_probe_unsupported
1e03b7c8 t fs_ls_unsupported
1e03b7d0 t fs_exists_unsupported
1e03b7d8 t fs_size_unsupported
1e03b7e0 t fs_read_unsupported
1e03b7e8 t fs_write_unsupported
1e03b7f0 t fs_close_unsupported
1e03b7f4 t fs_uuid_unsupported
1e03b7fc t fs_get_info
1e03b844 t fs_close
1e03b86c T fs_set_blk_dev
1e03b920 T fs_ls
1e03b95c T fs_exists
1e03b990 T fs_size
1e03b9cc T fs_read
1e03ba6c T do_size
1e03bacc T do_load
1e03bd24 T do_ls
1e03bd90 T file_exists
1e03bdbc T get_fs
1e03bdc8 T ext4fs_free_node
1e03bdec T ext4fs_read_file
1e03c1a4 T ext4fs_ls
1e03c21c T ext4fs_exists
1e03c234 T ext4fs_size
1e03c238 T ext4fs_read
1e03c294 T ext4fs_probe
1e03c2c4 T ext4_read_file
1e03c340 T ext4fs_uuid
1e03c35c T ext4fs_read_inode
1e03c490 T read_allocated_block
1e03ce2c T ext4fs_reinit_global
1e03cee8 T ext4fs_close
1e03cf48 T ext4fs_iterate_dir
1e03d214 t ext4fs_find_file1
1e03d4c4 T ext4fs_find_file
1e03d538 T ext4fs_open
1e03d5e4 T ext4fs_mount
1e03d6ac T ext4fs_set_blk_dev
1e03d718 T ext4fs_devread
1e03d984 T ext4_read_superblock
1e03d9c0 t downcase
1e03d9f0 t disk_read
1e03da60 t dirdelim
1e03da94 t get_fatent
1e03dbec t mkcksum
1e03dc40 t disk_write
1e03dcd4 t flush_fat_buffer
1e03dd54 t set_fatent_value
1e03de54 t get_fatent_value
1e03e024 t find_empty_cluster
1e03e050 t get_name
1e03e0fc t read_bootsectandvi
1e03e224 t get_cluster
1e03e3a0 t set_cluster
1e03e524 t set_name
1e03e664 t check_overflow
1e03e70c t slot2str
1e03e7d4 t get_vfatname
1e03e9b0 t flush_dir_table.constprop.6
1e03ea84 t do_fat_write
1e03f798 T fat_set_blk_dev
1e03f86c T do_fat_read_at
1e040600 T do_fat_read
1e04063c T file_fat_detectfs
1e040788 T file_fat_ls
1e0407b4 T fat_exists
1e0407f8 T fat_size
1e040830 T file_fat_read_at
1e040890 T fat_read_file
1e0408d8 T fat_close
1e0408dc T file_fat_write
1e040938 t ubifs_findfile
1e040c98 t compr_init
1e040d44 t gzip_decompress
1e040d6c T kmemdup
1e040da0 T ubifs_decompress
1e040e28 t read_block
1e040f54 T ubifs_compressors_init
1e040f90 T ubifs_set_blk_dev
1e040fb8 T ubifs_ls
1e0414d0 T ubifs_exists
1e041520 T ubifs_size
1e0415c0 T ubifs_read
1e04195c T ubifs_close
1e041960 T ubifs_load
1e0419e0 T uboot_ubifs_umount
1e041a24 T ubifs_ro_mode
1e041a60 T ubifs_leb_read
1e041a70 T ubifs_leb_unmap
1e041ab8 T ubifs_is_mapped
1e041ac0 T ubifs_check_node
1e041c00 T ubifs_pad
1e041cf4 T ubifs_wbuf_seek_nolock
1e041d50 T ubifs_read_node
1e041e20 T ubifs_read_node_wbuf
1e041f54 T ubifs_wbuf_init
1e042000 t ubifs_dirty_inode
1e042014 t sb_test
1e042034 t sb_set
1e042040 t ubifs_alloc_inode
1e042078 t free_wbufs
1e0420e0 t free_orphans
1e042170 t kill_ubifs_super
1e042178 t bud_wbuf_callback
1e042190 T iget_locked
1e0421e0 T ubifs_iput
1e04220c T iput
1e042264 T clear_nlink
1e04229c T set_nlink
1e0422e0 T ubifs_iget
1e04271c T ubifs_umount
1e0427d0 T sget
1e042888 t ubifs_mount
1e0436c0 T ubifs_init
1e0436e8 T uboot_ubifs_mount
1e043750 t key_r5_hash
1e043790 t key_test_hash
1e0437cc T ubifs_read_sb_node
1e04383c T ubifs_read_superblock
1e043e38 T ubifs_read_master
1e0449e0 t do_calc_lpt_geom
1e044e24 t calc_nnode_num_from_parent
1e044e5c t calc_pnode_num_from_parent
1e044e9c t validate_nnode
1e044f64 t validate_pnode
1e045010 t update_cats
1e045060 T ubifs_calc_lpt_geom
1e045100 T ubifs_unpack_bits
1e045240 t check_lpt_crc.isra.3
1e045290 t unpack_pnode
1e045394 T ubifs_add_lpt_dirt
1e0453c4 T ubifs_add_nnode_dirt
1e045424 t dirty_cow_nnode
1e045528 T ubifs_unpack_nnode
1e0455f4 T ubifs_read_nnode
1e045730 T ubifs_get_nnode
1e045764 T ubifs_get_pnode
1e045934 T ubifs_lpt_lookup_dirty
1e045b48 T ubifs_lpt_init
1e045d4c T ubifs_lpt_free
1e045f30 T ubifs_scan_a_node
1e046090 T ubifs_start_scan
1e046120 T ubifs_end_scan
1e04613c T ubifs_add_snod
1e046228 T ubifs_scanned_corruption
1e04622c T ubifs_scan_destroy
1e046270 T ubifs_scan
1e0463f8 t get_heap_comp_val
1e046424 t move_up_lpt_heap.isra.7
1e0464a4 t adjust_lpt_heap.isra.8
1e046630 t remove_from_lpt_heap
1e046690 T ubifs_add_to_cat
1e046840 T ubifs_replace_cat
1e0468a4 T ubifs_categorize_lprops
1e046944 T ubifs_calc_dark
1e046968 T ubifs_change_lp
1e046cdc T ubifs_change_one_lp
1e046d3c T ubifs_update_one_lp
1e046da0 t insert_zbranch
1e046e78 t get_znode
1e046ea8 t tnc_next
1e046f44 t tnc_prev
1e046fe4 t lnc_free
1e047008 t insert_old_idx
1e0470ac t fallible_read_node
1e0471e8 t fallible_matches_name
1e0472d8 t fallible_resolve_collision
1e047578 t key_in_range.isra.15
1e0475d8 t correct_parent_keys.isra.16
1e047644 t tnc_insert
1e047a90 t tnc_read_node_nm
1e047b14 t dirty_cow_znode
1e047d38 t dirty_cow_bottom_up
1e047e2c t lookup_level0_dirty
1e047ff8 t matches_name
1e0480dc t resolve_collision
1e0482b0 T insert_old_idx_znode
1e048304 t tnc_delete
1e0485f4 T destroy_old_idx
1e048634 T ubifs_lookup_level0
1e04879c T ubifs_tnc_locate
1e0488a8 T ubifs_tnc_add
1e048988 T ubifs_tnc_remove
1e0489d8 T ubifs_tnc_remove_nm
1e048ab4 T ubifs_tnc_add_nm
1e048c88 T ubifs_tnc_remove_range
1e048eac T ubifs_tnc_next_ent
1e048fc0 T ubifs_tnc_remove_ino
1e0490fc T ubifs_tnc_close
1e04919c T ubifs_search_zbranch
1e04921c T ubifs_tnc_postorder_first
1e049268 T ubifs_tnc_postorder_next
1e0492bc T ubifs_destroy_tnc_subtree
1e049350 T ubifs_load_znode
1e049654 T ubifs_tnc_read_node
1e0496ec T ubifs_dump_inode
1e0496f0 T ubifs_dump_node
1e0496f4 T ubifs_dump_znode
1e0496f8 T ubifs_dump_pnode
1e0496fc T dbg_check_dir
1e049704 T dbg_debugfs_exit_fs
1e049708 T ubifs_debugging_init
1e049710 T ubifs_debugging_exit
1e049714 T dbg_check_filesystem
1e04971c T dbg_debugfs_init_fs
1e049724 T dbg_check_tnc
1e04972c T dbg_check_idx_size
1e049734 T crc16
1e049768 T ubifs_calc_min_idx_lebs
1e049804 T ubifs_reported_space
1e049878 T ubifs_search_bud
1e0498ac T ubifs_get_wbuf
1e0498fc T ubifs_add_bud
1e0499a4 T ubifs_clear_orphans
1e0499ec T ubifs_mount_orphans
1e049d98 t is_empty
1e049dc8 t find_ino
1e049df4 t add_ino
1e049e90 t get_master_node
1e04a090 T ubifs_recover_master_node
1e04a2b0 T ubifs_recover_leb
1e04a740 T ubifs_recover_log_leb
1e04a964 T ubifs_destroy_size_tree
1e04a9bc T ubifs_recover_size_accum
1e04aacc T ubifs_recover_size
1e04ac54 t replay_entries_cmp
1e04ac80 t insert_node
1e04ad48 T ubifs_validate_entry
1e04ae2c T ubifs_replay_journal
1e04bbf8 T ubifs_destroy_idx_gc
1e04bc40 T lzo1x_decompress_safe
1e04c290 T lzop_decompress
1e04c3fc T zcfree
1e04c404 T zcalloc
1e04c40c T inflate_fast
1e04c9dc T inflate_table
1e04cf7c T inflateReset
1e04cff8 T inflateInit2_
1e04d0fc T inflateEnd
1e04d160 T adler32
1e04d49c T inflate
1e04ead0 T cyg_crc16
1e04eb14 T gzalloc
1e04eb24 T gzfree
1e04eb2c T zunzip
1e04ec4c T gunzip
1e04ed08 T initcall_run_list
1e04ed6c t lmb_add_region
1e04ef3c T lmb_init
1e04ef64 T lmb_add
1e04ef68 T lmb_reserve
1e04ef70 T __lmb_alloc_base
1e04f0e8 T lmb_alloc_base
1e04f11c T lmb_alloc
1e04f124 W board_lmb_reserve
1e04f128 T string_to_ip
1e04f184 T qsort
1e04f264 T strcmp_compar
1e04f270 t sha1_process
1e0507a0 t sha1_update.part.0
1e05085c T sha1_starts
1e0508a8 T sha1_update
1e0508b4 T sha1_finish
1e0509f4 T sha1_csum_wd
1e050a34 t sha256_process
1e052ef4 t sha256_update.part.0
1e052fb0 T sha256_starts
1e053020 T sha256_update
1e05302c T sha256_finish
1e0531d8 T sha256_csum_wd
1e053218 T rb_insert_color
1e053348 T rb_erase
1e053694 T rb_first
1e0536b8 T rb_last
1e0536dc T rb_next
1e05373c T rb_next_postorder
1e053790 T rb_first_postorder
1e0537c0 t merge
1e053824 T list_sort
1e0539c8 t cmpkey
1e0539dc t _hdelete.isra.1
1e053a2c t drop_var_from_set.part.2
1e053a7c t match_string
1e053b34 t match_entry
1e053bf4 T hcreate_r
1e053ca8 T hdestroy_r
1e053d20 T hmatch_r
1e053dc0 T hsearch_r
1e054258 T hdelete_r
1e05432c T hexport_r
1e0545d0 T himport_r
1e0549cc T hwalk_r
1e054a2c T display_options
1e054a4c T print_size
1e054b84 T print_buffer
1e054d44 T crc32_no_comp
1e054e1c T crc32
1e054e30 T crc32_wd
1e054e34 T crc32_wd_buf
1e054e70 T __div64_32
1e054f4c T hang
1e054f68 T copy_from_user
1e054f78 T kmalloc
1e054fb0 T get_mem
1e054fcc T kmem_cache_alloc
1e054fdc T skip_spaces
1e05500c T strim
1e055074 t emit
1e055098 t store_char_in_data
1e0550c0 t get_escape_char
1e055154 t match
1e055560 t loop_greedy
1e0555ec t loop_non_greedy
1e05566c t relocate
1e0556ac t fixup_branch.part.0
1e0556e4 t quantifier
1e055780 t compile
1e055b0c T slre_compile
1e055bc0 T slre_match
1e055c58 T strcpy
1e055c74 T strncpy
1e055c98 T strcat
1e055cc8 T strncat
1e055d1c T strcmp
1e055d48 T strncmp
1e055d88 T strchr
1e055dbc T strlen
1e055ddc T strrchr
1e055e18 T strnlen
1e055e48 T strdup
1e055e80 T strpbrk
1e055ebc T strsep
1e055ef0 T memset
1e055f5c T memcpy
1e055fc4 T memmove
1e056024 T memcmp
1e056058 T strstr
1e0560bc T udelay
1e0560ec T mdelay
1e056110 t put_dec_trunc
1e0561ec t put_dec
1e05631c t string.isra.0
1e0563bc t number.isra.4
1e056620 t vsnprintf_internal.isra.6
1e056c5c T vsprintf
1e056c60 T sprintf
1e056c84 T printf
1e056cc8 T vprintf
1e056cfc T simple_itoa
1e056d54 T str2off
1e056d94 T str2long
1e056dd4 t panic_finish
1e056e04 T panic
1e056e20 T simple_strtoul
1e056ef0 T strict_strtoul
1e056f68 T simple_strtol
1e056f90 T ustrtoul
1e057000 T simple_strtoull
1e0570fc T ustrtoull
1e057184 T compute_ip_checksum
1e0571ec T ip_checksum_ok
1e057208 T arp_init
1e057258 T arp_raw_request
1e057318 T arp_request
1e057398 T arp_timeout_check
1e057428 T arp_receive
1e057648 t dhcp_extended
1e057744 t dhcp_process_options
1e057930 t dhcp_packet_process_options
1e0579b8 t dhcp_handler
1e057d50 T bootp_reset
1e057d94 T bootp_request
1e057fd8 t bootp_timeout_handler
1e058040 T dhcp_request
1e058044 W cpu_eth_init
1e058044 t __def_eth_init
1e05804c T eth_parse_enetaddr
1e0580a0 t on_ethaddr
1e058130 T eth_getenv_enetaddr
1e05818c T eth_setenv_enetaddr
1e0581c0 T eth_getenv_enetaddr_by_index
1e058210 T eth_get_dev_by_name
1e058298 T eth_get_dev_by_index
1e0582d8 T eth_get_dev_index
1e0582f4 T eth_write_hwaddr
1e058568 T eth_halt
1e058598 T eth_send
1e0585d0 T eth_rx
1e0585fc T eth_get_name
1e05861c t eth_current_changed
1e0586b8 T eth_set_current
1e058754 T eth_try_another
1e0587dc T eth_init
1e058854 T eth_initialize
1e0589ec T eth_register
1e058a68 t start_again_timeout_handler
1e058a7c t dummy_handler
1e058a80 t on_serverip
1e058aa8 t on_netmask
1e058ad0 t on_gatewayip
1e058af8 t on_ipaddr
1e058b20 t net_init_loop
1e058b48 t net_clear_handlers
1e058b7c T net_auto_load
1e058be0 T net_init
1e058c50 T net_start_again
1e058dc8 T net_loop
1e059188 T net_set_udp_handler
1e0591a8 T net_get_arp_handler
1e0591b8 T net_set_icmp_handler
1e0591c8 T net_set_timeout_handler
1e059214 T net_process_received_packet
1e05952c T net_eth_hdr_size
1e059568 T net_set_ether
1e05960c T net_update_ether
1e059690 T net_set_ip_header
1e059718 T net_set_udp_header
1e0597bc T net_send_udp_packet
1e0598d0 T copy_filename
1e05991c t on_bootfile
1e059950 T ip_to_string
1e059984 T string_to_vlan
1e0599d0 t on_vlan
1e0599f8 t on_nvlan
1e059a20 t basename
1e059a60 t rpc_add_credentials
1e059b14 t rpc_lookup_reply
1e059bc8 t nfs_mount_reply
1e059c74 t nfs_umountall_reply
1e059d10 t nfs_lookup_reply
1e059dac t rpc_req
1e059ea8 t nfs_mount_req
1e059f38 t nfs_umountall_req
1e059f98 t nfs_lookup_req
1e05a03c t nfs_read_req
1e05a0b4 t nfs_readlink_req
1e05a10c t nfs_readlink_reply
1e05a20c t nfs_read_reply.isra.3
1e05a354 t nfs_send
1e05a468 t nfs_handler
1e05a6c4 t nfs_timeout_handler
1e05a728 T nfs_start
1e05a990 t ping_timeout_handler
1e05a9ac T ping_start
1e05aac8 T ping_receive
1e05aba8 t tftp_complete
1e05ac20 t tftp_send
1e05ae7c t update_block_number
1e05af30 t tftp_timeout_handler
1e05afb8 t tftp_handler
1e05b328 t icmp_handler
1e05b354 T tftp_start
1e05b7b4 T raise
1e05b7d0 T __aeabi_unwind_cpp_pr0
1e05b7d4 T __udivsi3
1e05b7d4 t .udivsi3_skip_div0_test
1e05b7d4 t __aeabi_uidiv
1e05b864 t __aeabi_uidivmod
1e05b880 T __divsi3
1e05b880 t __aeabi_idiv
1e05b884 t .divsi3_skip_div0_test
1e05b944 t __aeabi_idivmod
1e05b960 T __lshrdi3
1e05b960 t __aeabi_llsr
1e05b978 T __ashrdi3
1e05b978 t __aeabi_lasr
1e05b994 T __ashldi3
1e05b994 t __aeabi_llsl
1e05b9ac t __aeabi_uldivmod
1e05b9d8 t __aeabi_idiv0
1e05b9d8 t __aeabi_ldiv0
1e05b9e4 T __gnu_ldivmod_helper
1e05ba0e t __gnu_uldivmod_helper
1e05ba36 t __divdi3
1e05bd74 t __udivdi3
1e060000 r mmu_table1
1e064094 r CSWTCH.22
1e0640a8 r CSWTCH.26
1e0640c8 r baudrate_table
1e0640dc r block_drvr
1e0640f4 r block_sizes
1e064110 r boot_os
1e064170 r crc32table_le
1e064570 r crc_table
1e064970 R default_ehci_ops
1e064980 r desc_and_len_tbl
1e0649b0 r device_sizes
1e0649f0 R drc_channel_set
1e064a10 r env_flags_varaccess_mask
1e064a20 r gmac_regs
1e064a28 r iproc_nand_strap_page_sizes
1e064a38 r mon_lengths.7343
1e064a98 R op_adv
1e064b98 r op_table
1e064c00 r page_sizes
1e064c10 r reg_0_5_desc_tbl
1e064c40 r reg_0_desc_tbl
1e064cb8 r reg_1_desc_tbl
1e064d78 r reg_2_desc_tbl
1e064d84 r reg_3_desc_tbl
1e064da8 r reg_4_desc_tbl
1e064e38 r reg_5_desc_tbl
1e064ec8 R spi_flash_params_table
1e065738 R ubifs_super_operations
1e065774 r uimage_arch
1e0658a0 r uimage_comp
1e0658f4 r uimage_os
1e06596c r uimage_type
1e065ab0 r year_lengths.7344
1e065ab8 r crc16_tab
1e065cb8 R crc16_table
1e065eb8 r dbase.6787
1e065ef8 r ddr_phy_ctl_regs
1e065efe r ddr_phy_wl_regs
1e065faa r dext.6788
1e065fea r distfix
1e06606a r iproc_nand_strap_types
1e06608e r lbase.6785
1e0660cc r lenfix
1e0668cc r lext.6786
1e06690a r order.6881
1e066979 r CSWTCH.27
1e06697b r CSWTCH.49
1e066991 r CSWTCH.63
1e066994 r CSWTCH.63
1e066997 r __FUNCTION__.6518
1e0669a4 r __FUNCTION__.6524
1e0669b6 r __FUNCTION__.6533
1e0669c7 r __FUNCTION__.7294
1e0669d8 r __FUNCTION__.7783
1e0669e3 r __FUNCTION__.7854
1e0669f4 r __FUNCTION__.7926
1e066a05 r __FUNCTION__.8136
1e066a15 r __FUNCTION__.8207
1e066a28 r __FUNCTION__.8263
1e066a3a r __FUNCTION__.8544
1e066a4a r __FUNCTION__.8547
1e066a58 r __FUNCTION__.8781
1e066a6c r __FUNCTION__.8891
1e066a7b r __FUNCTION__.9496
1e066a94 r __func__.6626
1e066aa4 r __func__.6642
1e066aaf r __func__.6649
1e066ac5 r __func__.6649
1e066ad0 r __func__.6662
1e066aeb r __func__.6687
1e066afa r __func__.6774
1e066b13 r __func__.6802
1e066b27 r __func__.6814
1e066b3b r __func__.6853
1e066b49 r __func__.6873
1e066b58 r __func__.6996
1e066b64 r __func__.7007
1e066b72 r __func__.7017
1e066b7e r __func__.7044
1e066b8c r __func__.7278
1e066b9d r __func__.7279
1e066bac r __func__.7288
1e066bbd r __func__.7310
1e066bcb r __func__.7325
1e066bd4 r __func__.7326
1e066be9 r __func__.7915
1e066bf4 r __func__.8108
1e066c0d r __func__.8118
1e066c25 r __func__.8182
1e066c3a r __func__.8202
1e066c56 r __func__.8216
1e066c6c r __func__.9240
1e066c83 r __func__.9700
1e066c8b r __func__.9730
1e066c99 r __func__.9773
1e066ca2 r __func__.9789
1e066cad r __func__.9824
1e066cb9 r __func__.9845
1e066cc4 R _ctype
1e066dc4 r banner
1e066dec r day_name.7337
1e066e01 R default_environment
1e0673f3 r digits.6441
1e067403 r env_flags_varaccess_rep
1e067408 r env_flags_vartype_rep
1e06740f r erase_seq
1e067413 r hex_asc
1e067424 r lzop_magic
1e06742d r mon_name.7338
1e067451 r names.6594
1e067457 r nand_ecc_precalc_table
1e067557 r nand_iproc_ecc_bytes
1e067567 R net_bcast_ethaddr
1e06756d r patterns
1e067570 r sha1_padding
1e0675b0 r spi_read_cmds_array
1e0771ac r tab_seq
1e0771b5 r us_direction
1e0771d5 V version_string
1e077244 D armpll_clk_tab
1e077348 D ddr2_init_tab_1066
1e07787c D ddr3_init_tab_1066
1e077d68 D ddr2_init_tab_800
1e07829c D ddr_init_tab
1e078450 D ddr_clk_tab
1e0784b4 D ddr3_init_tab_800
1e0789a0 D ddr3_init_tab_1600
1e078e8c D ddr3_init_tab_1333
1e079380 d hash_algo
1e0793d4 d reserved_list
1e079458 d init_sequence_f
1e0794ec D init_sequence_r
1e079558 d bootm_help_text
1e0797a0 d cmd_bootm_sub
1e079880 d bootz_help_text
1e079968 d first_call
1e07996c d first_call
1e079970 D env_name_spec
1e079974 d source_help_text
1e0799c2 d i2c_help_text
1e079d40 d cmd_i2c_sub
1e079eac d i2c_dp_last_length
1e079eb0 d do_echo
1e079eb4 d dp_last_length
1e079eb8 d mtdparts_help_text
1e07a38b d nand_help_text
1e07a770 d regs_start
1e07a7b8 d regs_cardbus
1e07a8e4 d pci_help_text
1e07aad8 d regs_bridge
1e07abd4 d regs_rest
1e07ac34 d regs_normal
1e07acdc d usb_stor_curr_dev
1e07ace0 d imgextract_help_text
1e07ad35 d env_help_text
1e07af84 d env_id
1e07af88 d cmd_env_sub
1e07b0a0 D env_htab
1e07b0b0 d av_
1e07b4b8 d sbrk_base
1e07b4bc d trim_threshold
1e07b4c0 D load_addr
1e07b4c4 D stdio_names
1e07b4d0 d hist_cur
1e07b4d4 d IPROC_SMBUS_BASE_ADDR
1e07b4d8 d mtd_partitions
1e07b4e0 D nand_curr_device
1e07b4e4 d bbt_mirror_descr
1e07b508 d mirror_pattern
1e07b50c d bbt_main_no_oob_descr
1e07b530 d bbt_mirror_no_oob_descr
1e07b554 d scan_ff_pattern
1e07b558 d bbt_main_descr
1e07b57c d bbt_pattern
1e07b580 D nand_flash_ids
1e07c278 D nand_manuf_ids
1e07c2f0 d nand_oob_8
1e07ce98 d nand_oob_128
1e07da40 d nand_oob_16
1e07e5e8 d nand_oob_64
1e07f190 d iproc_chip_list
1e07f3c0 d phy_drivers
1e07f3c8 d BCM5481_driver
1e07f3fc d BCM54616S_driver
1e07f430 d BCM_CYGNUS_driver
1e07f464 d BCM5482S_driver
1e07f498 d BCM5461S_driver
1e07f4cc d BCM5221_driver
1e07f500 d BCM5464S_driver
1e07f534 d soc_pcie_ports
1e07f558 D eserial1_device
1e07f588 d descriptor
1e07f5c0 d fstypes
1e07f670 D ext4fs_indir3_blkno
1e07f674 D ext4fs_indir1_blkno
1e07f678 D ext4fs_indir2_blkno
1e07f67c d lzo_compr
1e07f698 d none_compr
1e07f6b4 d zlib_compr
1e07f6d0 d ubifs_fs_type
1e07f6ec D super_blocks
1e07f6f4 d sha256_padding
1e07f734 d first_call.6750
1e07f738 D net_native_vlan
1e07f73a D net_our_vlan
1e07f73c d nfs_offset
1e07f740 d tftp_block_size_option
1e07f744 D tftp_timeout_count_max
1e07f748 d timeout_ms
1e07f74c d tftp_block_size
1e07f750 d timeout_count_max
1e07f760 D _u_boot_list_2_cmd_2_base
1e07f760 d start.6389
1e07f760 d start.6393
1e07f760 d start.6462
1e07f760 d start.6466
1e07f760 d start.6493
1e07f760 d start.6497
1e07f77c D _u_boot_list_2_cmd_2_bdinfo
1e07f798 D _u_boot_list_2_cmd_2_boot
1e07f7b4 D _u_boot_list_2_cmd_2_bootd
1e07f7d0 D _u_boot_list_2_cmd_2_bootelf
1e07f7ec D _u_boot_list_2_cmd_2_bootm
1e07f808 D _u_boot_list_2_cmd_2_bootp
1e07f824 D _u_boot_list_2_cmd_2_bootvx
1e07f840 D _u_boot_list_2_cmd_2_bootz
1e07f85c D _u_boot_list_2_cmd_2_chpart
1e07f878 D _u_boot_list_2_cmd_2_cmp
1e07f894 D _u_boot_list_2_cmd_2_coninfo
1e07f8b0 D _u_boot_list_2_cmd_2_cp
1e07f8cc D _u_boot_list_2_cmd_2_crc32
1e07f8e8 D _u_boot_list_2_cmd_2_dhcp
1e07f904 D _u_boot_list_2_cmd_2_echo
1e07f920 D _u_boot_list_2_cmd_2_editenv
1e07f93c D _u_boot_list_2_cmd_2_env
1e07f958 D _u_boot_list_2_cmd_2_exit
1e07f974 D _u_boot_list_2_cmd_2_ext2load
1e07f990 D _u_boot_list_2_cmd_2_ext2ls
1e07f9ac D _u_boot_list_2_cmd_2_false
1e07f9c8 D _u_boot_list_2_cmd_2_fatinfo
1e07f9e4 D _u_boot_list_2_cmd_2_fatload
1e07fa00 D _u_boot_list_2_cmd_2_fatls
1e07fa1c D _u_boot_list_2_cmd_2_fatsize
1e07fa38 D _u_boot_list_2_cmd_2_fatwrite
1e07fa54 D _u_boot_list_2_cmd_2_go
1e07fa70 D _u_boot_list_2_cmd_2_hash
1e07fa8c D _u_boot_list_2_cmd_2_help
1e07faa8 D _u_boot_list_2_cmd_2_i2c
1e07fac4 D _u_boot_list_2_cmd_2_iminfo
1e07fae0 D _u_boot_list_2_cmd_2_imxtract
1e07fafc D _u_boot_list_2_cmd_2_itest
1e07fb18 D _u_boot_list_2_cmd_2_loadb
1e07fb34 D _u_boot_list_2_cmd_2_loads
1e07fb50 D _u_boot_list_2_cmd_2_loadx
1e07fb6c D _u_boot_list_2_cmd_2_loady
1e07fb88 D _u_boot_list_2_cmd_2_loop
1e07fba4 D _u_boot_list_2_cmd_2_md
1e07fbc0 D _u_boot_list_2_cmd_2_mdc
1e07fbdc D _u_boot_list_2_cmd_2_mdio
1e07fbf8 D _u_boot_list_2_cmd_2_mii
1e07fc14 D _u_boot_list_2_cmd_2_mm
1e07fc30 D _u_boot_list_2_cmd_2_mtdparts
1e07fc4c D _u_boot_list_2_cmd_2_mtest
1e07fc68 D _u_boot_list_2_cmd_2_mw
1e07fc84 D _u_boot_list_2_cmd_2_mwc
1e07fca0 D _u_boot_list_2_cmd_2_nand
1e07fcbc D _u_boot_list_2_cmd_2_nboot
1e07fcd8 D _u_boot_list_2_cmd_2_nfs
1e07fcf4 D _u_boot_list_2_cmd_2_nm
1e07fd10 D _u_boot_list_2_cmd_2_pci
1e07fd2c D _u_boot_list_2_cmd_2_ping
1e07fd48 D _u_boot_list_2_cmd_2_printenv
1e07fd64 D _u_boot_list_2_cmd_2_question_mark
1e07fd80 D _u_boot_list_2_cmd_2_reset
1e07fd9c D _u_boot_list_2_cmd_2_run
1e07fdb8 D _u_boot_list_2_cmd_2_saveenv
1e07fdd4 D _u_boot_list_2_cmd_2_setenv
1e07fdf0 D _u_boot_list_2_cmd_2_sf
1e07fe0c D _u_boot_list_2_cmd_2_showvar
1e07fe28 D _u_boot_list_2_cmd_2_sleep
1e07fe44 D _u_boot_list_2_cmd_2_source
1e07fe60 D _u_boot_list_2_cmd_2_test
1e07fe7c D _u_boot_list_2_cmd_2_tftpboot
1e07fe98 D _u_boot_list_2_cmd_2_tftpput
1e07feb4 D _u_boot_list_2_cmd_2_time
1e07fed0 D _u_boot_list_2_cmd_2_true
1e07feec D _u_boot_list_2_cmd_2_ubi
1e07ff08 D _u_boot_list_2_cmd_2_ubifsload
1e07ff24 D _u_boot_list_2_cmd_2_ubifsls
1e07ff40 D _u_boot_list_2_cmd_2_ubifsmount
1e07ff5c D _u_boot_list_2_cmd_2_ubifsumount
1e07ff78 D _u_boot_list_2_cmd_2_usb
1e07ff94 D _u_boot_list_2_cmd_2_usbboot
1e07ffb0 D _u_boot_list_2_cmd_2_version
1e07ffcc D _u_boot_list_2_env_clbk_2_baudrate
1e07ffcc d end.6396
1e07ffcc d end.6469
1e07ffcc d end.6500
1e07ffcc d start.6539
1e07ffcc d start.6546
1e07ffd4 D _u_boot_list_2_env_clbk_2_bootfile
1e07ffdc D _u_boot_list_2_env_clbk_2_callbacks
1e07ffe4 D _u_boot_list_2_env_clbk_2_console
1e07ffec D _u_boot_list_2_env_clbk_2_ethaddr
1e07fff4 D _u_boot_list_2_env_clbk_2_flags
1e07fffc D _u_boot_list_2_env_clbk_2_gatewayip
1e080004 D _u_boot_list_2_env_clbk_2_ipaddr
1e08000c D _u_boot_list_2_env_clbk_2_loadaddr
1e080014 D _u_boot_list_2_env_clbk_2_netmask
1e08001c D _u_boot_list_2_env_clbk_2_nvlan
1e080024 D _u_boot_list_2_env_clbk_2_serverip
1e08002c D _u_boot_list_2_env_clbk_2_vlan
1e080034 D _u_boot_list_2_i2c_2_iproc_0
1e080034 d end.6542
1e080034 d start.6602
1e080034 d start.6606
1e080034 d start.6627
1e080034 d start.6648
1e080034 d start.8720
1e080034 d start.8732
1e080034 d start.8748
1e080060 D _u_boot_list_2_i2c_2_iproc_1
1e08008c B __bss_base
1e08008c B __bss_start
1e08008c D __image_copy_end
1e08008c D __rel_dyn_start
1e08008c b iproc_clk
1e08008c d end.6609
1e08008c d end.6630
1e08008c d end.6651
1e08008c d end.8723
1e08008c d end.8735
1e08008c d end.8751
1e08009c b params
1e0800a0 b flag_repeat
1e0800a4 b buf.6921
1e0800cc b the_command.6721
1e0804d0 b ifs
1e0804d4 b last_return_code
1e0804d8 b map
1e0805d8 b do_repeat
1e0805dc b top_vars
1e0805e0 b stored_bootdelay
1e0805e4 B monitor_flash_len
1e0805e8 B images
1e080718 b callback_list
1e08071c b flags_list
1e080720 b env_flash
1e080724 b i2c_mm_last_chip
1e080728 b i2c_mm_last_alen
1e08072c b i2c_mm_last_addr
1e080730 b i2c_dp_last_chip
1e080734 b i2c_dp_last_addr
1e080738 b i2c_dp_last_alen
1e08073c b send_parms
1e080750 b os_data_init
1e080754 b os_data_addr_saved
1e080758 b his_pad_char
1e080759 b a_b
1e080774 b os_data_char
1e080778 b os_data_state
1e08077c b k_data_escape
1e080780 b os_data_state_saved
1e080784 b os_data_addr
1e080788 b send_ptr
1e08078c b bin_start_address
1e080790 b his_quote
1e080794 b his_pad_count
1e080798 b his_eol
1e08079c b k_data_escape_saved
1e0807a0 b dp_last_addr
1e0807a4 b base_address
1e0807a8 b mm_last_size
1e0807ac b mm_last_addr
1e0807b0 b dp_last_size
1e0807b4 b current_mii
1e0807b8 b mii_devs
1e0807c0 b last_data
1e0807c4 b last_data
1e0807c8 b last_reg_hi
1e0807cc b last_reg_hi
1e0807d0 b last_mask
1e0807d4 b last_addr_lo
1e0807d8 b last_addr_lo
1e0807dc b last_op
1e0807de b last_op
1e0807e0 b last_addr_hi
1e0807e4 b last_addr_hi
1e0807e8 b last_reg_lo
1e0807ec b last_reg_lo
1e0807f0 b last_devad_hi
1e0807f4 b last_devad_lo
1e0807f8 b last_ids
1e080878 B current_mtd_dev
1e08087c b last_partition
1e08088c b last_parts
1e080a8c b initialized.8113
1e080a90 B current_mtd_partnum
1e080a94 b mtdids
1e080a9c b devices
1e080aa8 b last.7886
1e080ab0 b flash
1e080ab4 b ubi
1e080ab8 b ubi_dev
1e080b14 b ubi_initialized
1e080b18 b buffer
1e080b68 b ubifs_initialized
1e080b6c b ubifs_mounted
1e080b70 b dev_index
1e080b80 b usb_dev
1e089e8c R __rel_dyn_end
1e089e8c R _end
1e089e8c r _image_binary_end
1e093b80 b asynch_allowed
1e093b84 B usb_started
1e093b88 b usb_hub_index
1e093b8c b hub_dev
1e093c8c b usb_stor
1e093df8 b usb_dev_desc
1e094124 b usb_max_devs
1e094128 b CBWTag
1e094140 b usb_ccb
1e094200 b ctrlc_was_pressed
1e094204 b ctrlc_disabled
1e094208 b max_total_mem
1e09420c B mem_malloc_brk
1e094210 b max_sbrked_mem
1e094214 b current_mallinfo
1e09423c B mem_malloc_end
1e094240 b top_pad
1e094244 B mem_malloc_start
1e094248 B save_addr
1e09424c B save_size
1e094250 b devs
1e09429c B stdio_devices
1e0942a8 b hist_list
1e0942f8 b hist_lines
1e09930c b hist_max
1e099310 b initted.6574
1e099314 b hist_add_idx
1e099318 b hist_num
1e09931c B console_buffer
1e09971d b tmp_buf
1e099b1d b tmp_buf.6483
1e099d20 b xyz
1e09a154 b mtd_idr
1e09a358 B nand_info
1e09a428 b nand_chip
1e09a860 b total_nand_size
1e09a864 b dev_name
1e09a86c b iproc_nand_oob_layout
1e09b414 b cs.8281
1e09b418 B mlocal
1e09b41c B inand
1e09b420 b vidh
1e09b424 b ech
1e09b428 b mtd_devs
1e09b42c B ubi_wl_entry_slab
1e09b430 B ubi_devices
1e09b4b0 b mtd_dev_param
1e09be30 b empty_vtbl_record
1e09bedc B g_dmactrlflags
1e09bee0 b hose_head
1e09bee4 b indent.7148
1e09bee8 b PORT_IN_USE
1e09beec B pci_hoses
1e09c18c b conf_trace
1e09c190 b serial_devices
1e09c194 b serial_current
1e09c1c0 b ehcic
1e09c300 b fs_partition
1e09c350 b fs_type
1e09c354 b fs_dev_desc
1e09c358 B ext_fs
1e09c3a0 B ext4fs_indir3_block
1e09c3a4 B ext4fs_root
1e09c3a8 B ext4fs_indir3_size
1e09c3ac B ext4fs_indir1_block
1e09c3b0 B ext4fs_indir2_size
1e09c3b4 B ext4fs_indir2_block
1e09c3b8 B ext4fs_indir1_size
1e09c3bc b symlinknest
1e09c3c0 B ext4fs_file
1e09c3c4 b part_info
1e09c3c8 b ext4fs_block_dev_desc
1e09c3cc B part_offset
1e09c400 B get_contents_vfatname_block
1e0ac400 B do_fat_read_at_block
1e0bc400 B get_dentfromdir_block
1e0cc400 b empty_dentptr
1e0cc404 b cur_part_info
1e0cc454 b total_sector
1e0cc458 b dir_curclust
1e0cc45c b num_of_fats
1e0cc460 b cur_dev
1e0cc464 B ubifs_compressors
1e0cc470 B ubifs_clean_zn_cnt
1e0cc474 B ubifs_sb
1e0cc478 b inodes_locked_down
1e0cc578 B ubifs_inode_slab
1e0cc57c B errno
1e0cc580 b local.6637
1e0cc596 b arp_tx_packet_buf
1e0ccbd8 B arp_wait_packet_ethaddr
1e0ccbdc b arp_tx_packet
1e0ccbe0 B arp_wait_tx_packet_size
1e0ccbe4 B arp_wait_try
1e0ccbe8 b net_arp_wait_reply_ip
1e0ccbec B net_arp_wait_packet_ip
1e0ccbf0 B arp_wait_timer_start
1e0ccbf4 b dhcp_state
1e0ccbf8 B net_hostname
1e0ccc18 B bootp_timeout
1e0ccc1c b dhcp_server_ip
1e0ccc20 b dhcp_option_overload
1e0ccc21 B net_root_path
1e0ccc64 B bootp_ids
1e0ccc74 B bootp_num_ids
1e0ccc78 B bootp_try
1e0ccc7c B bootp_start
1e0ccc80 b dhcp_leasetime
1e0ccc84 B net_nis_domain
1e0ccca4 b first_failed.8867
1e0ccca8 b env_changed_id.8873
1e0cccac b act.8872
1e0cccb0 b index.8820
1e0cccb4 B eth_current
1e0cccb8 b eth_devices
1e0cccbc B net_ethaddr
1e0cccc4 B net_dns_server
1e0cccc8 B net_state
1e0ccccc B net_server_ip
1e0cccd0 B net_rx_packet
1e0cccd4 B net_boot_file_expected_size_in_blocks
1e0cccd8 B net_rx_packets
1e0ccce8 b time_start
1e0cccec b time_start
1e0cccf0 B net_gateway
1e0cccf4 B net_boot_file_name
1e0cd0f4 b udp_packet_handler
1e0cd0f8 b net_dev_exists
1e0cd0fc b net_try_count
1e0cd100 B net_server_ethaddr
1e0cd106 B net_null_ethaddr
1e0cd10c b net_ip_id
1e0cd110 B net_restart_wrap
1e0cd114 b net_pkt_buf
1e0cef54 b net_restarted
1e0cef58 b time_delta
1e0cef5c b arp_packet_handler
1e0cef60 B net_netmask
1e0cef64 b packet_icmp_handler
1e0cef68 B net_ip
1e0cef6c B net_rx_packet_len
1e0cef70 B net_tx_packet
1e0cef74 b time_handler
1e0cef78 B net_boot_file_size
1e0cef7c b nfs_server_mount_port
1e0cef80 b nfs_server_ip
1e0cef84 b nfs_filename
1e0cef88 b nfs_state
1e0cef8c b dirfh
1e0cefac b nfs_len
1e0cefb0 b rpc_id
1e0cefb4 b fs_mounted
1e0cefb8 b default_filename
1e0ceff8 b default_filename
1e0cf008 b nfs_server_port
1e0cf00c b nfs_download_state
1e0cf010 b nfs_path
1e0cf014 b filefh
1e0cf034 b nfs_path_buff
1e0cf834 b nfs_timeout_count
1e0cf838 b nfs_our_port
1e0cf83c B net_ping_ip
1e0cf840 b ping_seq_number
1e0cf844 b tftp_put_final_block_sent
1e0cf848 b tftp_prev_block
1e0cf84c b timeout_count
1e0cf850 b tftp_put_active
1e0cf854 b tftp_remote_port
1e0cf858 b tftp_cur_block
1e0cf85c b tftp_remote_ip
1e0cf860 b tftp_state
1e0cf864 b tftp_our_port
1e0cf868 b tftp_block_wrap
1e0cf86c b tftp_filename
1e0cf8ec b tftp_block_wrap_offset
1e0cf8f0 B __bss_end
1e0cf8f0 B __bss_limit
