1e000000 T __image_copy_start
1e000000 T _start
1e000020 T _undefined_instruction
1e000024 T _software_interrupt
1e000028 T _prefetch_abort
1e00002c T _data_abort
1e000030 T _not_used
1e000034 T _irq
1e000038 T _fiq
1e000040 T IRQ_STACK_START_IN
1e000060 t undefined_instruction
1e0000c0 t software_interrupt
1e000120 t prefetch_abort
1e000180 t data_abort
1e0001e0 t not_used
1e000240 t irq
1e0002a0 t fiq
1e000300 T reset
1e000304 T save_boot_params_ret
1e000340 T c_runtime_cpu_setup
1e000350 W save_boot_params
1e000354 T cpu_init_cp15
1e0003a8 T cpu_init_crit
1e0003b0 T mmu_table_addr
1e0003b4 T lowlevel_init
1e0003cc t ddr_init_done
1e000454 t way_loop
1e000458 t set_loop
1e000494 t scu_enable
1e0004d8 t l2cc_init
1e0004fc t test_inv_way
1e000524 t l2cc_init_done
1e000538 t coreo_init_done
1e000560 t v7_maint_dcache_all
1e00062c t v7_dcache_inval_range
1e0006ac T invalidate_icache_all
1e0006c4 W v7_outer_cache_enable
1e0006c8 W v7_outer_cache_disable
1e0006cc T flush_dcache_all
1e0006e0 T invalidate_dcache_all
1e0006f4 T arm_init_before_mmu
1e00071c T flush_dcache_range
1e000754 T invalidate_dcache_range
1e00078c W cpu_cache_initialization
1e000790 T cleanup_before_linux_select
1e0007dc T cleanup_before_linux
1e0007e4 T armpll_config
1e000994 T early_access_env_vars
1e000aa0 W reset_cpu
1e000ab4 T enable_caches
1e000ad8 T timer_global_init
1e000afc T timer_init
1e000b0c T get_timer
1e000bac T __udelay
1e000c60 T get_ticks
1e000c74 T get_tbclk
1e000c7c T iproc_get_uart_clk
1e000cd8 T iproc_get_periph_clk
1e000d0c T iproc_get_apb_clk
1e000d40 T iproc_clk_enum
1e000e8c t validate_flash_shmoo_values
1e000fb0 T iproc_get_ddr3_clock_mhz
1e001020 T change_ddr_clock
1e001110 T ddr_init_regs
1e001138 T iproc_save_shmoo_values
1e001394 T ddr_init2
1e0018dc T shmoo_sig2mem
1e001958 T shmoo_sigmemcmp
1e001980 t _get_random
1e0019d0 t _fill_in_data
1e001a00 t _shmoo_print_diagnostics.isra.5
1e001dbc t _calib_all.isra.7
1e0022d0 T soc_cm_debug
1e002324 T soc_timeout_init
1e002358 T soc_timeout_check
1e00237c T soc_ddr40_set_shmoo_dram_config
1e002380 T _check_dram_either
1e0023a8 T _check_dram_both
1e0023d8 T _soc_ddr40_phy_PVT_ctl
1e002630 T soc_ddr40_phy_calibrate
1e002c04 T soc_ddr40_phy_reg_ci_modify
1e002c30 T _test_func_self_test_1_arad
1e002e98 T _test_func_self_test_2_arad
1e003004 T _soc_ddr_shmoo_prepare_for_shmoo
1e0036b0 T _shmoo_init_vdl_result
1e00391c T _shmoo_rd_data_dly
1e003cb0 T _soc_ddr40_shmoo_get_init_step
1e003f04 T _soc_ddr40_shmoo_do
1e0049e0 T _soc_ddr40_shmoo_calib
1e005294 T _soc_ddr40_shmoo_plot
1e0059ec T _soc_ddr40_shmoo_set_new_step
1e005d6c T soc_ddr40_shmoo_ctl
1e0066dc T _main
1e00671c t here
1e006730 t clbss_l
1e006764 W relocate_vectors
1e006770 T relocate_code
1e006780 t copy_loop
1e006798 t fixloop
1e0067b8 t fixnext
1e0067c0 t relocate_done
1e0067d4 t boot_jump_linux
1e0068ac T arch_lmb_reserve
1e0068d0 W setup_board_tags
1e0068d4 t boot_prep_linux.isra.4
1e0069dc T do_bootm_linux
1e006a48 T bootz_setup
1e006aa8 T boot_prep_vxworks
1e006aac T boot_jump_vxworks
1e006ac0 t pl310_background_op_all_ways
1e006b04 T v7_outer_cache_inval_all
1e006b10 T v7_outer_cache_flush_all
1e006b1c T v7_outer_cache_flush_range
1e006b4c T v7_outer_cache_inval_range
1e006bcc W arch_reserve_stacks
1e006be8 T interrupt_init
1e006c04 T enable_interrupts
1e006c08 T disable_interrupts
1e006c10 T bad_mode
1e006c20 T show_regs
1e006d94 T do_undefined_instruction
1e006db4 T do_software_interrupt
1e006dd4 T do_prefetch_abort
1e006df4 T do_data_abort
1e006e14 T do_not_used
1e006e34 T do_fiq
1e006e54 T do_irq
1e006e74 W reset_misc
1e006e78 T do_reset
1e006ea8 W flush_cache
1e006eb0 t cp_delay
1e006ee0 W arm_init_domains
1e006ee4 T set_section_dcache
1e006ef8 W dram_bank_mmu_setup
1e006f44 T icache_enable
1e006f5c T icache_disable
1e006f7c T dcache_enable
1e006fe8 T dcache_disable
1e007014 T dcache_status
1e007020 T board_init
1e00704c T dram_init
1e007078 T board_early_init_f
1e00708c T board_late_init
1e0070bc T board_eth_init
1e0070e0 W arch_setup_gd
1e0070e8 T board_init_f_mem
1e007114 W show_boot_progress
1e007118 T main_loop
1e00714c t dummy
1e007150 T get_version
1e007158 T jumptable_init
1e007338 t hash_finish_crc32
1e007368 t hash_update_crc32
1e00738c t hash_init_crc32
1e0073b0 t hash_finish_sha256
1e0073e8 t hash_update_sha256
1e007404 t hash_init_sha256
1e007428 t hash_finish_sha1
1e007460 t hash_update_sha1
1e00747c t hash_init_sha1
1e0074a0 T hash_lookup_algo
1e0074f8 T hash_parse_string
1e00755c T hash_show
1e0075b4 T hash_command
1e007878 t b_reset
1e007894 t static_get
1e0078b0 t static_peek
1e0078bc t file_peek
1e0078c8 t mapset
1e0078ec t syntax_err
1e0078f8 t do_showvar
1e0079ec t xmalloc
1e007a0c t new_pipe
1e007a34 t free_pipe_list
1e007b30 t xrealloc
1e007b50 t done_command
1e007bdc t done_pipe
1e007c24 t done_word
1e007f14 t is_assignment
1e007f68 t file_get
1e008138 t b_addchr
1e0081b8 t b_addqchr
1e008208 T get_local_var
1e0082a0 T set_local_var
1e008470 t insert_var_value_sub
1e008720 T parse_string_outer
1e008818 t run_list_real
1e009004 t parse_stream_outer
1e009700 T parse_file_outer
1e009744 T u_boot_hush_start
1e009798 T bootdelay_process
1e0097e8 T autoboot_command
1e0098c0 t print_cpuinfo
1e0098c8 t display_text_info
1e0098d0 t setup_mon_len
1e0098f0 W arch_cpu_init
1e0098f8 t reserve_round_4k
1e009910 t reserve_mmu
1e009948 t reserve_trace
1e009950 t reserve_uboot
1e009980 t reserve_malloc
1e009994 t setup_machine
1e0099a8 t reserve_global_data
1e0099c4 t reserve_fdt
1e009a10 t display_new_sp
1e009a18 t initf_console_record
1e009a20 t initf_dm
1e009a28 W reserve_arch
1e009a30 W arch_cpu_init_dm
1e009a38 t announce_dram_init
1e009a50 t init_func_i2c
1e009a78 t mark_bootstage
1e009a8c t setup_reloc
1e009ac0 t reloc_fdt
1e009afc t reserve_board
1e009b34 t init_baud_rate
1e009b6c W coloured_LED_init
1e009b70 W red_led_on
1e009b74 W board_add_ram_info
1e009b78 t show_dram_config
1e009bb0 W dram_init_banksize
1e009bd0 t setup_dram_config
1e009be0 W board_get_usable_ram_top
1e009bf4 W board_reserve_ram_top
1e009bf8 t setup_dest_addr
1e009c48 t reserve_stacks
1e009c64 T board_init_f
1e009c8c t bootstage_relocate
1e009c94 t initr_trace
1e009c9c t initr_reloc
1e009cb4 t initr_reloc_global_data
1e009cdc t initr_barrier
1e009ce4 t initr_console_record
1e009cec W power_init_board
1e009cf4 t initr_announce
1e009cfc t run_main_loop
1e009d08 t initr_net
1e009d24 t initr_ethaddr
1e009d44 t initr_enable_interrupts
1e009d54 t initr_jumptable
1e009d64 t initr_pci
1e009d74 t initr_env
1e009da4 t initr_nand
1e009dc0 t initr_serial
1e009dd0 t initr_bootstage
1e009de4 t initr_malloc
1e009e00 t initr_caches
1e009e10 W cpu_secondary_init_r
1e009e14 t initr_secondary_cpu
1e009e24 T board_init_r
1e009e38 W do_go_exec
1e009e50 t do_go
1e009ec0 t image_info
1e009f84 T do_bootd
1e009fa4 T do_bootm
1e00a0a8 t do_iminfo
1e00a108 T bootm_maybe_autostart
1e00a17c T do_bootz
1e00a274 T bootm_find_images
1e00a2bc T bootm_decomp_image
1e00a44c T bootm_disable_interrupts
1e00a464 T do_bootm_states
1e00abf4 t copy_args
1e00ac40 t do_bootm_rtems
1e00ac80 t do_bootm_plan9
1e00ad24 t do_bootm_standalone
1e00ad88 t do_bootm_qnxelf
1e00ade4 t do_bootm_netbsd
1e00aedc T do_bootvx_fdt
1e00af18 t do_bootm_vxworks
1e00af3c W arch_preboot_os
1e00af40 T boot_selected_os
1e00af9c T bootm_os_get_boot_func
1e00afac t do_help
1e00aff0 t do_version
1e00b028 t regex_callback
1e00b160 T env_attr_walk
1e00b288 T env_attr_lookup
1e00b30c t clear_callback
1e00b31c t on_callbacks
1e00b36c t set_callback
1e00b448 T env_callback_init
1e00b55c t skip_num
1e00b5e4 t clear_flags
1e00b5f4 t on_flags
1e00b644 T env_flags_parse_vartype
1e00b694 T env_flags_parse_varaccess
1e00b6ec t set_flags
1e00b79c T eth_validate_ethaddr_str
1e00b82c T env_flags_init
1e00b900 T env_flags_validate
1e00bb94 T saveenv
1e00bc6c T env_relocate_spec
1e00bd3c T env_init
1e00bd58 T source
1e00be38 t do_source
1e00be80 t print_num
1e00be98 t do_bdinfo
1e00c014 t do_coninfo
1e00c0c0 t do_echo
1e00c170 t load_elf_image_shdr
1e00c1fc T valid_elf_image
1e00c248 T do_bootvx
1e00c57c T do_bootelf
1e00c73c t do_exit
1e00c770 t do_ext2ls
1e00c784 T do_ext2load
1e00c798 t do_fat_fswrite
1e00c8a0 t do_fat_fsinfo
1e00c930 t do_fat_ls
1e00c944 T do_fat_fsload
1e00c958 T do_fat_size
1e00c96c t do_i2c
1e00c9c8 t do_i2c_reset
1e00c9f8 t do_i2c_probe
1e00ca98 t do_i2c_bus_num
1e00cb50 t do_i2c_bus_speed
1e00cbc4 t do_i2c_show_bus
1e00cca4 t get_alen.constprop.5
1e00cce0 t do_i2c_crc
1e00ce00 t do_i2c_write
1e00cf4c t do_i2c_mw
1e00d04c t do_i2c_read
1e00d108 t do_i2c_md
1e00d2e8 t mod_i2c_mem.isra.4
1e00d4dc t do_i2c_nm
1e00d4e4 t do_i2c_mm
1e00d4ec t do_i2c_loop
1e00d5d0 W i2c_init_board
1e00d5d4 t do_hash
1e00d674 t evalexp
1e00d708 t evalstr
1e00d778 t binary_test
1e00d914 t do_itest
1e00d9ac t bin_data_init
1e00d9d8 t k_data_restore
1e00da24 t load_serial_ymodem
1e00db04 t getcxmodem
1e00db24 t bin_data_char
1e00db4c t chk1.constprop.1
1e00db7c t s1_sendpacket.constprop.2
1e00dbcc t load_serial
1e00ddc4 t do_load_serial
1e00dea4 t do_load_serial_bin
1e00e6a8 t do_mem_base
1e00e6e8 t do_mem_mtest
1e00e928 t do_mem_loop
1e00ea24 t do_mem_cmp
1e00eb90 t do_mem_cp
1e00ec68 t do_mem_mw
1e00ed2c t do_mem_mwc
1e00eda8 t do_mem_crc
1e00ee14 t do_mem_md
1e00ef00 t do_mem_mdc
1e00ef7c t mod_mem.isra.2
1e00f0f4 t do_mem_nm
1e00f0fc t do_mem_mm
1e00f104 t legacy_miiphy_read
1e00f134 t legacy_miiphy_write
1e00f158 T miiphy_get_dev_by_name
1e00f1b4 T miiphy_init
1e00f1d8 T mdio_alloc
1e00f208 T miiphy_register
1e00f32c T mdio_list_devices
1e00f3c8 T miiphy_set_current_dev
1e00f408 t miiphy_get_active_dev
1e00f45c T mdio_get_current_dev
1e00f46c T mdio_phydev_for_ethname
1e00f4f8 T miiphy_get_current_dev
1e00f510 T miiphy_read
1e00f55c T miiphy_write
1e00f59c T miiphy_listdev
1e00f610 T miiphy_info
1e00f694 T miiphy_speed
1e00f73c T miiphy_duplex
1e00f7e4 T miiphy_is_1000base_x
1e00f7ec t extract_range
1e00f838 t extract_range
1e00f8c4 t do_mii
1e0101c0 t do_mdio
1e010680 t do_sleep
1e0106f0 t part_delall
1e010734 t memsize_parse
1e0107b4 t get_mtd_info
1e010838 t part_validate
1e010bb8 t mtd_part_info
1e010c4c t memsize_format
1e010cec t index_partitions
1e010da0 t current_save
1e010e5c t part_sort_add
1e010f84 t device_del
1e011000 t generate_mtdparts_save.constprop.7
1e0112d4 t device_delall.constprop.9
1e011338 t mtd_devices_init
1e011364 T device_find
1e0113b4 t device_parse
1e0118e4 T mtd_id_parse
1e0119fc T find_dev_and_part
1e011bbc T mtdparts_init
1e01226c t do_mtdparts
1e01290c t do_chpart
1e0129e0 t set_dev
1e012a50 t nand_load_image
1e012c00 t do_nandboot
1e012e3c t nand_print_and_set_info
1e012f28 T do_nand
1e013c14 T do_Activeimage
1e013f28 T do_Printfimage
1e0140f0 t netboot_common
1e0143f0 t do_nfs
1e0143fc t do_dhcp
1e014408 t do_bootp
1e014414 T do_tftpput
1e014420 T do_tftpb
1e014460 t do_ping
1e0144d4 t pci_cfg_write
1e014510 t pci_read_config
1e014558 t pci_cfg_modify.isra.1
1e014660 t pci_show_regs
1e0146dc T pci_header_show
1e0147a4 T pciinfo_header
1e0147e4 T pci_header_show_brief
1e014864 T pciinfo
1e0149b0 t do_pci
1e014d70 t bytes_per_second
1e014dc0 T do_spi_flash
1e015650 t do_time
1e015724 t do_false
1e01572c t do_true
1e015734 t do_test
1e015a88 t ubi_find_volume
1e015afc t ubi_volume_continue_write
1e015b9c T ubi_volume_begin_write
1e015c3c T ubi_volume_write
1e015c44 T ubi_volume_read
1e015e40 T ubi_part
1e0160a0 t do_ubi
1e016930 t do_ubifs_load
1e0169f4 t do_ubifs_ls
1e016a58 t do_ubifs_mount
1e016ab4 T ubifs_is_mounted
1e016ac4 T cmd_ubifs_umount
1e016aec t do_ubifs_umount
1e016b30 t usb_get_class_desc
1e016bf4 t do_usbboot
1e016c00 t usb_display_class_sub
1e016d88 t usb_find_device
1e016dc4 t usb_show_tree_graph
1e016fec t usb_display_string
1e017030 t usb_display_config
1e017270 t do_usb_start
1e0172a0 t usb_display_desc.part.3
1e0173c0 T usb_show_tree
1e017414 t do_usb
1e017b4c t usb_set_maxpacket_ep
1e017bb4 T usb_stop
1e017c10 T usb_disable_asynch
1e017c30 T usb_control_msg
1e017cfc t usb_get_descriptor
1e017d4c t get_descriptor_len
1e017ddc t usb_get_string
1e017e48 t usb_string_sub
1e017f54 T usb_bulk_msg
1e017fd0 T usb_maxpacket
1e017fec T usb_clear_halt
1e01808c T usb_get_configuration_len
1e018104 T usb_get_configuration_no
1e018134 T usb_set_interface
1e0181f0 T usb_string
1e0182fc T usb_get_dev_index
1e018320 T usb_alloc_new_device
1e0183b4 T usb_free_device
1e0183fc W usb_alloc_device
1e018404 T usb_select_config
1e01886c T usb_setup_device
1e018a20 T usb_new_device
1e018a50 T usb_init
1e018ba0 T usb_device_has_child_on_port
1e018bb4 T usb_find_usb2_hub_address_port
1e018c10 t usb_get_hub_descriptor
1e018c5c t usb_set_port_feature
1e018ca8 t usb_clear_port_feature
1e018cf4 t usb_hub_power_on
1e018d60 W usb_hub_reset_devices
1e018d64 T usb_get_port_status
1e018db0 T usb_hub_reset
1e018dc4 T legacy_hub_port_reset
1e018e6c T usb_hub_port_connect_change
1e018fdc t usb_hub_configure
1e0192ec T usb_hub_probe
1e019344 t usb_stor_irq
1e019360 t usb_stor_BBB_clear_endpt_stall
1e0193a4 t usb_stor_BBB_reset
1e019474 t usb_stor_CB_reset
1e019540 t usb_stor_BBB_transport
1e0197a0 t usb_stor_CB_comdat
1e019990 t usb_stor_CBI_get_status.isra.0
1e019a58 t usb_stor_CB_transport
1e019c7c t usb_request_sense.constprop.7
1e019cec T usb_stor_read
1e019e68 T usb_stor_write
1e019fe4 T usb_stor_get_dev
1e01a00c T usb_stor_info
1e01a084 T usb_storage_probe
1e01a290 T usb_stor_get_info
1e01a5c0 T usb_stor_scan
1e01a7c8 t do_imgextract
1e01aa48 t do_env_delete
1e01aaf0 t do_env_exists
1e01ab54 t env_print
1e01ac1c t do_env_print
1e01ace0 t do_env
1e01ad3c t do_env_import
1e01afdc t do_env_default
1e01b090 t do_env_save
1e01b0bc t _do_env_set.isra.1
1e01b294 t do_env_set
1e01b2b4 T get_env_id
1e01b2c4 T setenv
1e01b328 T setenv_ulong
1e01b348 T setenv_hex
1e01b37c t do_env_export
1e01b5e4 T envmatch
1e01b650 T getenv_f
1e01b71c T getenv
1e01b794 t do_env_edit.part.3
1e01b83c t do_env_edit
1e01b868 T getenv_ulong
1e01b898 W env_get_char_spec
1e01b8a4 T env_get_addr
1e01b8c4 T env_get_char_memory
1e01b8d4 T env_get_char
1e01b904 T getenv_yesno
1e01b954 T getenv_default
1e01b984 T set_default_env
1e01ba40 T set_default_vars
1e01ba7c T env_import
1e01bb58 T env_export
1e01bbf8 T env_relocate
1e01bc28 T env_complete
1e01bcfc t console_setfile
1e01bdb8 T puts
1e01bdf8 T fgetc
1e01be24 T getc
1e01be48 T ftstc
1e01be74 T tstc
1e01be98 T fputc
1e01bebc T putc
1e01bee4 T ctrlc
1e01bf3c T confirm_yesno
1e01c00c T had_ctrlc
1e01c01c T clear_ctrlc
1e01c030 T search_device
1e01c060 T console_assign
1e01c0a8 t on_console
1e01c16c T console_init_f
1e01c17c T stdio_print_current_devices
1e01c234 T console_init_r
1e01c308 T sbrk
1e01c378 T mem_malloc_init
1e01c3ac T malloc_trim
1e01c478 T free
1e01c6a0 T malloc
1e01cca8 T calloc
1e01cd80 T memalign
1e01ce8c T realloc
1e01d2a0 T initf_malloc
1e01d2a8 t on_loadaddr
1e01d2e0 T image_check_hcrc
1e01d32c T image_check_dcrc
1e01d364 T image_multi_count
1e01d384 T image_multi_getimg
1e01d404 T getenv_bootm_low
1e01d434 T getenv_bootm_size
1e01d494 T memmove_wd
1e01d4a0 T genimg_print_size
1e01d4d0 T get_table_entry
1e01d4f4 T get_table_entry_name
1e01d514 T genimg_get_os_name
1e01d52c T genimg_get_arch_name
1e01d544 T genimg_get_type_name
1e01d55c T genimg_get_comp_name
1e01d574 T image_print_contents
1e01d6e4 T genimg_get_kernel_addr_fit
1e01d708 T genimg_get_format
1e01d728 T genimg_get_image
1e01d72c T boot_get_ramdisk
1e01d96c T boot_ramdisk_high
1e01daac T boot_get_setup
1e01dab4 W get_effective_memsize
1e01dabc t stdio_serial_tstc
1e01dac0 t stdio_serial_getc
1e01dac4 t stdio_serial_puts
1e01dacc t stdio_serial_putc
1e01dad4 T stdio_get_list
1e01dae0 T stdio_get_by_name
1e01db30 T stdio_clone
1e01db6c T stdio_register_dev
1e01dbbc T stdio_register
1e01dbc4 T stdio_init_tables
1e01dbe0 T stdio_add_devices
1e01dc5c T run_command
1e01dc6c T run_command_list
1e01dcf0 T do_run
1e01dd68 T cli_loop
1e01dd74 T cli_init
1e01dd78 t delete_char.part.0
1e01de4c t cread_add_char
1e01df38 T cli_readline_into_buffer
1e01e904 T cli_readline
1e01e918 T find_cmd_tbl
1e01e9bc T find_cmd
1e01e9e4 T cmd_usage
1e01ea40 T _do_help
1e01ebc4 T var_complete
1e01ec4c T cmd_auto_complete
1e01f110 T cmd_get_data_size
1e01f160 T cmd_process
1e01f24c t hex1_bin
1e01f28c t hex2_bin
1e01f2c4 T srec_decode
1e01f520 t CYGACC_COMM_IF_GETC_TIMEOUT.isra.1
1e01f56c t xyzModem_flush
1e01f584 t xyzModem_get_hdr
1e01f7d4 T xyzModem_stream_open
1e01fa28 T xyzModem_stream_read
1e01fc7c T xyzModem_stream_close
1e01fccc T xyzModem_stream_terminate
1e01fd60 T xyzModem_error
1e01fd80 T common_diskboot
1e01ffbc t get_dev_hwpart
1e020068 T dev_print
1e020284 T init_part
1e0202a4 T print_part
1e02039c T get_partition_info
1e0203c8 T get_device
1e0204dc T get_device_and_partition
1e020938 t test_block_type
1e0209b4 t print_partition_extended
1e020c1c t get_partition_info_extended.constprop.2
1e020f0c T test_part_dos
1e020f70 T print_part_dos
1e020fa0 T get_partition_info_dos
1e020fbc T i2c_get_adapter
1e021020 T i2c_init_bus
1e0210b0 T i2c_get_bus_num
1e0210b8 T i2c_set_bus_num
1e021174 T i2c_init_all
1e021188 T i2c_probe
1e0211b0 T i2c_read
1e0211f8 T i2c_write
1e021240 T i2c_set_bus_speed
1e0212a4 T i2c_get_bus_speed
1e0212b8 W i2c_init
1e0212cc t iproc_i2c_write_trans_data
1e021374 t iproc_get_base
1e0213c4 t iproc_i2c_startbusy_wait
1e02143c t iproc_i2c_data_send
1e021500 t iproc_i2c_data_recv
1e021648 t iproc_i2c_write
1e02173c t iproc_i2c_read
1e021830 t iproc_i2c_init
1e021884 T iproc_i2c_probe
1e021904 t iproc_i2c_set_bus_speed
1e021970 T idr_get_next
1e0219b8 T idr_alloc
1e0219ec T __mtd_next_device
1e021a08 T del_mtd_device
1e021a80 T __get_mtd_device
1e021ab8 T get_mtd_device
1e021b4c T get_mtd_device_nm
1e021ba4 T __put_mtd_device
1e021bf0 T put_mtd_device
1e021bf4 T mtd_erase
1e021c7c T mtd_read
1e021d2c T mtd_write
1e021dd0 T mtd_read_oob
1e021e34 T mtd_unlock
1e021eac T add_mtd_device
1e022098 T mtd_block_isbad
1e0220e4 T mtd_block_markbad
1e022144 T mtd_arg_off
1e022230 T mtd_arg_off_size
1e02234c t part_get_unmapped_area
1e02236c t part_read_user_prot_reg
1e02239c t part_get_user_prot_info
1e0223b0 t part_read_fact_prot_reg
1e0223e0 t part_get_fact_prot_info
1e0223f4 t part_write
1e022438 t part_panic_write
1e02247c t part_write_oob
1e0224e4 t part_write_user_prot_reg
1e022514 t part_lock_user_prot_reg
1e022530 t part_lock
1e02255c t part_unlock
1e022588 t part_is_locked
1e0225b4 t part_sync
1e0225c8 t part_block_isreserved
1e0225e8 t part_block_isbad
1e022608 t part_block_markbad
1e02263c t part_read
1e0226dc t part_read_oob
1e02287c t part_erase
1e0228ec T kstrdup
1e022934 T mtd_erase_callback
1e02299c T del_mtd_partitions
1e022a38 T add_mtd_partitions
1e023128 T mtd_is_partition
1e023164 T mtd_get_device_size
1e02318c T nand_register
1e023220 T nand_init
1e02328c t read_bbt
1e023478 t read_abs_bbt
1e023544 t scan_read
1e023640 t write_bbt
1e023c50 t nand_update_bbt
1e023d7c t mark_bbt_region
1e023f04 t verify_bbt_descr
1e024040 t create_bbt
1e02424c t search_bbt
1e0243f0 T nand_scan_bbt
1e024910 T nand_default_bbt
1e0249e4 T nand_isreserved_bbt
1e024a2c T nand_isbad_bbt
1e024a88 T nand_markbad_bbt
1e024af0 t check_skip_len
1e024b98 T nand_erase_opts
1e024f14 T nand_verify_page_oob
1e024fd8 T nand_verify
1e0250c8 T nand_write_skip_bad
1e025368 T nand_read_skip_bad
1e0255a0 T nand_calculate_ecc
1e02569c T nand_correct_data
1e0257c0 t nand_release_device
1e0257d8 T nand_read_byte
1e0257e8 t nand_read_byte16
1e0257fc t nand_read_word
1e02580c t nand_write_byte
1e025830 t nand_write_byte16
1e025854 T nand_write_buf
1e02587c T nand_read_buf
1e0258a4 T nand_write_buf16
1e0258d4 T nand_read_buf16
1e025908 t nand_check_wp
1e025958 t nand_read_page_raw_syndrome
1e025a2c t nand_read_page_swecc
1e025b64 t nand_read_subpage
1e025df8 t nand_read_page_hwecc
1e025f50 t nand_read_page_hwecc_oob_first
1e0260a0 t nand_read_page_syndrome
1e0261e0 t nand_setup_read_retry
1e026218 t nand_read_oob_std
1e026254 t nand_read_oob_syndrome
1e02635c t nand_write_oob_std
1e0263cc t nand_write_oob_syndrome
1e02657c t nand_write_page_raw_syndrome
1e026650 t nand_write_page_swecc
1e026708 t nand_write_page_hwecc
1e0267d4 t nand_write_page_syndrome
1e0268c8 t single_erase
1e026914 t nand_sync
1e026924 t nand_onfi_set_features
1e0269a8 t nand_set_defaults
1e026b54 t nand_setup_read_retry_micron
1e026b80 t nand_write_page
1e026cb4 t nand_block_bad
1e026e64 t nand_write_subpage_hwecc
1e027008 t nand_onfi_get_features
1e027094 t nand_block_checkbad
1e027124 t nand_block_isbad
1e02713c t nand_block_isreserved
1e027158 t nand_fill_oob
1e02727c t nand_do_write_oob
1e027420 t nand_default_block_markbad
1e027504 t nand_do_write_ops
1e02787c t nand_write_oob
1e027914 t nand_write
1e027998 t nand_wait
1e027a80 t sanitize_string
1e027ab8 t nand_read_page_raw
1e027afc t nand_write_page_raw
1e027b40 t nand_select_chip
1e027b98 t nand_transfer_oob
1e027ca4 t onfi_crc16.constprop.13
1e027cf4 t panic_nand_write
1e027dc8 t nand_wait_status_ready.constprop.15
1e027e14 T nand_wait_ready
1e027e60 t nand_do_read_ops
1e0282b8 t nand_read_oob
1e02856c t nand_read
1e0285f0 t nand_command
1e0287d4 t nand_command_lp
1e028a2c T nand_erase_nand
1e028cb4 t nand_block_markbad
1e028d98 t nand_erase
1e028da0 T nand_scan_ident
1e029e8c T nand_scan_tail
1e02a4bc T nand_scan
1e02a4e0 t iproc_nand_waitfunc
1e02a4e8 t iproc_nand_read_byte
1e02a608 t iproc_nand_read_buf
1e02a63c t iproc_nand_cmd_ctrl
1e02a640 t iproc_nand_mark_bad
1e02a658 t iproc_check_nand_done
1e02a778 t nand_dev_ready
1e02a7f0 t _iproc_nand_one_page_read
1e02ab3c t iproc_nand_onfi_parameters_cmd.part.0
1e02ab64 t iproc_nand_block_bad
1e02ac20 t iproc_nand_read_page_raw
1e02af74 T iproc_nand_onfi_parameter_pages
1e02b048 t iproc_nand_config.part.2
1e02b6f8 t iproc_nand_config
1e02b730 T board_nand_init
1e02b9cc T iproc_nand_page_read
1e02bac8 t iproc_nand_read_page
1e02bb2c T iproc_nand_block_erase
1e02bc50 T iproc_nand_page_program
1e02bf58 t iproc_nand_write_page_hwecc
1e02bfb4 t iproc_nand_write_page
1e02c014 t iproc_nand_command
1e02c1d0 T spi_flash_probe
1e02c250 T spi_flash_free
1e02c26c t stm_is_locked_sr
1e02c2dc T spi_flash_read_common
1e02c334 t read_sr
1e02c360 T stm_is_locked
1e02c398 t spi_flash_cmd_wait_ready
1e02c47c t sst_byte_write
1e02c4fc T sst_write_bp
1e02c578 T sst_write_wp
1e02c6b8 T spi_flash_write_common
1e02c750 t write_sr
1e02c77c T stm_unlock
1e02c928 T stm_lock
1e02ca80 t spi_flash_write_bar
1e02cae0 T spi_flash_cmd_write_ops
1e02cbe4 T spi_flash_cmd_erase_ops
1e02cce0 W spi_flash_copy_mmap
1e02cce4 T spi_flash_cmd_read_ops
1e02ce40 T spi_flash_scan
1e02d354 t spi_flash_read_write
1e02d3c8 T spi_flash_cmd_read
1e02d3e4 T spi_flash_cmd
1e02d410 T spi_flash_cmd_write
1e02d42c t add_to_list
1e02d500 t destroy_ai
1e02d718 t validate_vid_hdr.isra.3
1e02d7e8 T ubi_compare_lebs
1e02da0c T ubi_add_to_av
1e02de44 T ubi_find_av
1e02de74 T ubi_remove_av
1e02dedc T ubi_early_get_peb
1e02e090 T ubi_attach
1e02efc4 t kill_volumes
1e02f004 T ubi_volume_notify
1e02f038 T ubi_notify_all
1e02f0a0 T ubi_get_device
1e02f0c0 T ubi_put_device
1e02f0d0 T ubi_free_internal_volumes
1e02f118 T ubi_attach_mtd_dev
1e02f870 T ubi_detach_mtd_dev
1e02f954 T ubi_init
1e02fa9c T ubi_exit
1e02faf8 T kstrtoint
1e02fb20 T ubi_mtd_param_parse
1e02fcf0 t create_vtbl
1e02fedc t vtbl_check
1e0301a4 t ubi_update_layout_vol
1e0301f8 T ubi_change_vtbl_record
1e0302bc T ubi_read_volume_table
1e0309f0 t vol_release
1e030a0c t self_check_volumes
1e030d4c T ubi_create_volume
1e0311d4 T ubi_resize_volume
1e03141c T ubi_add_volume
1e03144c T ubi_free_volume
1e031464 t write_leb
1e031520 t clear_update_marker
1e031618 T ubi_start_update
1e0317b0 T ubi_more_update_data
1e031a24 T ubi_do_get_device_info
1e031a58 T ubi_get_device_info
1e031a9c T ubi_do_get_volume_info
1e031b0c T ubi_get_volume_info
1e031b1c T ubi_close_volume
1e031b9c T ubi_open_volume
1e031d58 T ubi_open_volume_nm
1e031e34 T ubi_leb_read
1e031f48 T ubi_leb_unmap
1e031fb8 T ubi_is_mapped
1e032008 t ltree_lookup
1e032048 t leb_write_unlock
1e032080 t leb_read_unlock
1e0320b8 t ltree_add_entry
1e03218c t leb_write_lock
1e0321a0 t is_error_sane
1e0321dc T ubi_eba_unmap_leb
1e03225c T ubi_eba_read_leb
1e03248c T ubi_eba_write_leb
1e032a7c T ubi_eba_write_leb_st
1e032dec T ubi_eba_atomic_leb_change
1e033154 T ubi_eba_copy_leb
1e0334f0 T ubi_eba_init
1e033724 t erase_callback
1e033728 t validate_ec_hdr
1e0337fc t validate_vid_hdr
1e0339e0 t self_check_ec_hdr.isra.0.part.1
1e033a38 t self_check_vid_hdr.isra.2.part.3
1e033a90 T ubi_io_is_bad
1e033ab8 t self_check_not_bad.part.4
1e033ad0 T ubi_io_read
1e033bbc t self_check_peb_ec_hdr.part.6
1e033c90 T ubi_io_mark_bad
1e033ccc T ubi_io_read_ec_hdr
1e033e18 T ubi_io_read_vid_hdr
1e033f70 T ubi_self_check_all_ff
1e03404c t do_sync_erase
1e034130 t do_sync_erase
1e034184 T ubi_io_write
1e0344d0 T ubi_io_write_vid_hdr
1e0345c0 T ubi_io_write_ec_hdr
1e0346f4 T ubi_io_sync_erase
1e0349a8 t in_wl_tree
1e034a04 t shutdown_work
1e034a5c t prot_queue_del
1e034ae0 t find_wl_entry
1e034b68 t wl_entry_destroy
1e034b80 t tree_destroy
1e034be4 t wl_tree_add
1e034c44 t self_check_in_wl_tree
1e034c70 t get_peb_for_wl
1e034cc0 T do_work
1e034d14 t __schedule_ubi_work
1e034d40 t schedule_erase
1e034da0 t ensure_wear_leveling
1e034e68 t erase_worker
1e035280 t wear_leveling_worker
1e0356ac T ubi_wl_put_peb
1e03580c T ubi_wl_scrub_peb
1e03590c T ubi_wl_flush
1e0359b4 T ubi_wl_init
1e035cdc T ubi_wl_close
1e035d8c T ubi_wl_get_peb
1e035eb8 T crc32_le
1e035fa8 T ubi_calc_data_len
1e035fdc T ubi_check_volume
1e036090 T ubi_update_reserved
1e0360e8 T ubi_calculate_reserved
1e036100 T ubi_check_pattern
1e036130 T ubi_dump_flash
1e0361c0 T ubi_dump_ec_hdr
1e0361c4 T ubi_dump_vid_hdr
1e0361c8 T ubi_dump_vol_info
1e036314 T ubi_dump_vtbl_record
1e03634c T ubi_dump_av
1e036350 T ubi_dump_aeb
1e036354 T ubi_debugfs_init
1e03635c T ubi_debugfs_exit
1e036360 T ubi_debugfs_init_dev
1e036368 T ubi_debugfs_exit_dev
1e03636c T ubi_dbg_power_cut
1e036374 t bcm_xgs_eth_open
1e0363b8 t bcm_xgs_eth_close
1e0363f8 t bcm_xgs_eth_write_hwaddr
1e036450 t bcm_xgs_eth_receive
1e0364d0 t bcm_xgs_eth_send
1e036560 T bcm_xgs_eth_register
1e036740 T gmac_check_tx_done
1e036768 t gmac_core_reset
1e0367a8 T gmac_set_mac_addr
1e0367ec T gmac_check_rx_done
1e0368fc T gmac_tx_packet
1e0369b4 t gmac_enable_dma
1e036a84 t gmac_disable_dma.part.1
1e036b30 t gmac_disable_dma
1e036b9c t gmac_serdes_init
1e036cac t dma_ctrlflags.constprop.5
1e036d14 T gmac_init_reset
1e036d38 T gmac_clear_reset
1e036d5c T gmac_mac_init
1e037044 T gmac_set_speed
1e037114 T gmac_enable
1e03718c T gmac_disable
1e0371d0 T ethHw_serdesEarlyInit
1e037204 T gmac_add
1e0373b4 T chip_phy_wr
1e037514 T chip_phy_rd
1e037678 T serdes_set_blk
1e0376cc T serdes_wr_reg
1e03770c T serdes_rd_reg
1e037744 T serdes_reset
1e0377a4 T serdes_reset_core
1e037850 T serdes_start_pll
1e0378c8 T serdes_init
1e037a24 T genphy_shutdown
1e037a2c T genphy_restart_aneg
1e037a80 T genphy_config_aneg
1e037c68 T genphy_update_link
1e037c70 T genphy_parse_link
1e037c78 T phy_init
1e037c88 T phy_register
1e037cb0 T phy_reset
1e037d60 t bcm_cygnus_startup
1e037d7c t bcm_cygnus_config
1e037d98 t bcm5461_config
1e037db4 t bcm54xx_parse_status
1e037e60 t bcm54xx_startup
1e037e7c t bcm5482_startup
1e037fd0 t bcm5482_config
1e038110 T phy_broadcom_init
1e038170 T pci_hose_read_config_byte
1e038180 T pci_hose_read_config_word
1e038190 T pci_hose_read_config_dword
1e0381a0 T pci_hose_write_config_byte
1e0381b0 T pci_hose_write_config_word
1e0381c0 T pci_hose_write_config_dword
1e0381d0 T pci_get_hose_head
1e0381f0 T pci_register_hose
1e03821c T pci_bus_to_hose
1e038268 T pci_write_config_dword
1e0382a4 T pci_write_config_word
1e0382e0 T pci_write_config_byte
1e03831c T pci_read_config_dword
1e03835c T pci_read_config_word
1e03839c T pci_read_config_byte
1e0383dc T pci_hose_config_device
1e03859c T pci_find_config
1e038658 T pci_print_dev
1e038660 T pci_hose_scan_bus
1e03883c T pci_hose_scan
1e038870 T pci_init
1e038884 T pci_class_str
1e038a10 T pci_skip_dev
1e038a18 T iproc_pcie_wr_conf_byte
1e038aa4 T iproc_pcie_wr_conf_word
1e038b30 T iproc_pcie_wr_conf_dword
1e038bb8 T iproc_pcie_rd_conf_byte
1e038c7c T iproc_pcie_rd_conf_word
1e038d40 T iproc_pcie_rd_conf_dword
1e038de4 T pci_bus0_read_config_word
1e038e88 T pci_bus0_read_config_byte
1e038f2c T pci_bus0_write_config_word
1e03903c T pci_bus0_write_config_byte
1e0390b8 T soc_pcie_check_link
1e039254 T pci_iproc_init_board
1e0396f8 T pci_init_board
1e039708 t serial_stub_start
1e03971c t serial_stub_stop
1e039730 t serial_stub_putc
1e039748 t serial_stub_puts
1e039760 T serial_stub_getc
1e039774 T serial_stub_tstc
1e039788 t get_current
1e0397c4 W amirix_serial_initialize
1e0397c4 W arc_serial_initialize
1e0397c4 W arm_dcc_initialize
1e0397c4 W asc_serial_initialize
1e0397c4 W atmel_serial_initialize
1e0397c4 W au1x00_serial_initialize
1e0397c4 W bfin_jtag_initialize
1e0397c4 W bfin_serial_initialize
1e0397c4 W bmw_serial_initialize
1e0397c4 W clps7111_serial_initialize
1e0397c4 W cogent_serial_initialize
1e0397c4 W cpci750_serial_initialize
1e0397c4 W evb64260_serial_initialize
1e0397c4 W imx_serial_initialize
1e0397c4 W iop480_serial_initialize
1e0397c4 W jz_serial_initialize
1e0397c4 W leon2_serial_initialize
1e0397c4 W leon3_serial_initialize
1e0397c4 W lh7a40x_serial_initialize
1e0397c4 W lpc32xx_serial_initialize
1e0397c4 W marvell_serial_initialize
1e0397c4 W max3100_serial_initialize
1e0397c4 W mcf_serial_initialize
1e0397c4 W ml2_serial_initialize
1e0397c4 W mpc512x_serial_initialize
1e0397c4 W mpc5xx_serial_initialize
1e0397c4 W mpc8260_scc_serial_initialize
1e0397c4 W mpc8260_smc_serial_initialize
1e0397c4 W mpc85xx_serial_initialize
1e0397c4 W mpc8xx_serial_initialize
1e0397c4 W mxc_serial_initialize
1e0397c4 W mxs_auart_initialize
1e0397c4 W oc_serial_initialize
1e0397c4 W p3mx_serial_initialize
1e0397c4 W pl01x_serial_initialize
1e0397c4 W pxa_serial_initialize
1e0397c4 W s3c24xx_serial_initialize
1e0397c4 W s5p_serial_initialize
1e0397c4 W sa1100_serial_initialize
1e0397c4 W sandbox_serial_initialize
1e0397c4 W sconsole_serial_initialize
1e0397c4 W sh_serial_initialize
1e0397c4 W stm32_serial_initialize
1e0397c4 W uartlite_serial_initialize
1e0397c4 W zynq_serial_initialize
1e0397c4 t serial_null
1e0397c8 T serial_register
1e0397e0 T serial_stdio_init
1e039888 T serial_assign
1e0398d8 T serial_initialize
1e0399a0 T serial_init
1e0399c0 T serial_setbrg
1e0399d4 t on_baudrate
1e039ac4 T serial_getc
1e039ad8 T serial_tstc
1e039aec T serial_putc
1e039b08 T serial_puts
1e039b24 t eserial1_init
1e039b5c t eserial1_setbrg
1e039b90 t eserial1_tstc
1e039b9c t eserial1_getc
1e039bb0 t _serial_putc.constprop.4
1e039be0 t eserial1_puts
1e039c00 t eserial1_putc
1e039c04 W default_serial_console
1e039c10 T ns16550_serial_initialize
1e039c1c T ns16550_calc_divisor
1e039c34 T NS16550_init
1e039c88 T NS16550_reinit
1e039cd0 T NS16550_putc
1e039cec T NS16550_getc
1e039d00 T NS16550_tstc
1e039d0c T spi_do_alloc_slave
1e039d58 t bspi_flush_prefetch_buffers
1e039d78 t bspi_set_4byte_mode
1e039db0 t bspi_emulate_flash_read
1e039ff8 T spi_setup_slave
1e03a138 T spi_free_slave
1e03a144 T spi_claim_bus
1e03a1a0 T spi_release_bus
1e03a218 T spi_xfer
1e03a5e8 t ehci_get_port_speed
1e03a5f0 t ehci_set_usbmode
1e03a604 t ehci_get_portsc_register
1e03a61c t ehci_powerup_fixup
1e03a624 t ehci_td_buffer
1e03a6ac t handshake
1e03a6fc t disable_periodic
1e03a748 t enable_periodic
1e03a79c t _ehci_destroy_int_queue
1e03a878 t _ehci_poll_int_queue
1e03a938 t ehci_update_endpt2_dev_n_port
1e03a990 t ehci_submit_async
1e03af2c t ehci_shutdown
1e03afc8 t _ehci_create_int_queue.isra.0
1e03b358 T usb_lowlevel_stop
1e03b380 T usb_lowlevel_init
1e03b5cc T submit_bulk_msg
1e03b5f4 T submit_control_msg
1e03bb20 T submit_int_msg
1e03bbd4 T linux_usbh_init
1e03bce0 T ehci_hcd_init
1e03bd74 T ehci_hcd_stop
1e03bd7c t fs_probe_unsupported
1e03bd94 t fs_ls_unsupported
1e03bd9c t fs_exists_unsupported
1e03bda4 t fs_size_unsupported
1e03bdac t fs_read_unsupported
1e03bdb4 t fs_write_unsupported
1e03bdbc t fs_close_unsupported
1e03bdc0 t fs_uuid_unsupported
1e03bdc8 t fs_get_info
1e03be10 t fs_close
1e03be38 T fs_set_blk_dev
1e03beec T fs_ls
1e03bf28 T fs_exists
1e03bf5c T fs_size
1e03bf98 T fs_read
1e03c038 T do_size
1e03c098 T do_load
1e03c2f0 T do_ls
1e03c35c T file_exists
1e03c388 T get_fs
1e03c394 T ext4fs_free_node
1e03c3b8 T ext4fs_read_file
1e03c770 T ext4fs_ls
1e03c7e8 T ext4fs_exists
1e03c800 T ext4fs_size
1e03c804 T ext4fs_read
1e03c860 T ext4fs_probe
1e03c890 T ext4_read_file
1e03c90c T ext4fs_uuid
1e03c928 T ext4fs_read_inode
1e03ca5c T read_allocated_block
1e03d3f8 T ext4fs_reinit_global
1e03d4b4 T ext4fs_close
1e03d514 T ext4fs_iterate_dir
1e03d7e0 t ext4fs_find_file1
1e03da90 T ext4fs_find_file
1e03db04 T ext4fs_open
1e03dbb0 T ext4fs_mount
1e03dc78 T ext4fs_set_blk_dev
1e03dce4 T ext4fs_devread
1e03df50 T ext4_read_superblock
1e03df8c t downcase
1e03dfbc t disk_read
1e03e02c t dirdelim
1e03e060 t get_fatent
1e03e1b8 t mkcksum
1e03e20c t disk_write
1e03e2a0 t flush_fat_buffer
1e03e320 t set_fatent_value
1e03e420 t get_fatent_value
1e03e5f0 t find_empty_cluster
1e03e61c t get_name
1e03e6c8 t read_bootsectandvi
1e03e7f0 t get_cluster
1e03e96c t set_cluster
1e03eaf0 t set_name
1e03ec30 t check_overflow
1e03ecd8 t slot2str
1e03eda0 t get_vfatname
1e03ef7c t flush_dir_table.constprop.6
1e03f050 t do_fat_write
1e03fd64 T fat_set_blk_dev
1e03fe38 T do_fat_read_at
1e040bcc T do_fat_read
1e040c08 T file_fat_detectfs
1e040d54 T file_fat_ls
1e040d80 T fat_exists
1e040dc4 T fat_size
1e040dfc T file_fat_read_at
1e040e5c T fat_read_file
1e040ea4 T fat_close
1e040ea8 T file_fat_write
1e040f04 t ubifs_findfile
1e041264 t compr_init
1e041310 t gzip_decompress
1e041338 T kmemdup
1e04136c T ubifs_decompress
1e0413f4 t read_block
1e041520 T ubifs_compressors_init
1e04155c T ubifs_set_blk_dev
1e041584 T ubifs_ls
1e041a9c T ubifs_exists
1e041aec T ubifs_size
1e041b8c T ubifs_read
1e041f28 T ubifs_close
1e041f2c T ubifs_load
1e041fac T uboot_ubifs_umount
1e041ff0 T ubifs_ro_mode
1e04202c T ubifs_leb_read
1e04203c T ubifs_leb_unmap
1e042084 T ubifs_is_mapped
1e04208c T ubifs_check_node
1e0421cc T ubifs_pad
1e0422c0 T ubifs_wbuf_seek_nolock
1e04231c T ubifs_read_node
1e0423ec T ubifs_read_node_wbuf
1e042520 T ubifs_wbuf_init
1e0425cc t ubifs_dirty_inode
1e0425e0 t sb_test
1e042600 t sb_set
1e04260c t ubifs_alloc_inode
1e042644 t free_wbufs
1e0426ac t free_orphans
1e04273c t kill_ubifs_super
1e042744 t bud_wbuf_callback
1e04275c T iget_locked
1e0427ac T ubifs_iput
1e0427d8 T iput
1e042830 T clear_nlink
1e042868 T set_nlink
1e0428ac T ubifs_iget
1e042ce8 T ubifs_umount
1e042d9c T sget
1e042e54 t ubifs_mount
1e043c8c T ubifs_init
1e043cb4 T uboot_ubifs_mount
1e043d1c t key_r5_hash
1e043d5c t key_test_hash
1e043d98 T ubifs_read_sb_node
1e043e08 T ubifs_read_superblock
1e044404 T ubifs_read_master
1e044fac t do_calc_lpt_geom
1e0453f0 t calc_nnode_num_from_parent
1e045428 t calc_pnode_num_from_parent
1e045468 t validate_nnode
1e045530 t validate_pnode
1e0455dc t update_cats
1e04562c T ubifs_calc_lpt_geom
1e0456cc T ubifs_unpack_bits
1e04580c t check_lpt_crc.isra.3
1e04585c t unpack_pnode
1e045960 T ubifs_add_lpt_dirt
1e045990 T ubifs_add_nnode_dirt
1e0459f0 t dirty_cow_nnode
1e045af4 T ubifs_unpack_nnode
1e045bc0 T ubifs_read_nnode
1e045cfc T ubifs_get_nnode
1e045d30 T ubifs_get_pnode
1e045f00 T ubifs_lpt_lookup_dirty
1e046114 T ubifs_lpt_init
1e046318 T ubifs_lpt_free
1e0464fc T ubifs_scan_a_node
1e04665c T ubifs_start_scan
1e0466ec T ubifs_end_scan
1e046708 T ubifs_add_snod
1e0467f4 T ubifs_scanned_corruption
1e0467f8 T ubifs_scan_destroy
1e04683c T ubifs_scan
1e0469c4 t get_heap_comp_val
1e0469f0 t move_up_lpt_heap.isra.7
1e046a70 t adjust_lpt_heap.isra.8
1e046bfc t remove_from_lpt_heap
1e046c5c T ubifs_add_to_cat
1e046e0c T ubifs_replace_cat
1e046e70 T ubifs_categorize_lprops
1e046f10 T ubifs_calc_dark
1e046f34 T ubifs_change_lp
1e0472a8 T ubifs_change_one_lp
1e047308 T ubifs_update_one_lp
1e04736c t insert_zbranch
1e047444 t get_znode
1e047474 t tnc_next
1e047510 t tnc_prev
1e0475b0 t lnc_free
1e0475d4 t insert_old_idx
1e047678 t fallible_read_node
1e0477b4 t fallible_matches_name
1e0478a4 t fallible_resolve_collision
1e047b44 t key_in_range.isra.15
1e047ba4 t correct_parent_keys.isra.16
1e047c10 t tnc_insert
1e04805c t tnc_read_node_nm
1e0480e0 t dirty_cow_znode
1e048304 t dirty_cow_bottom_up
1e0483f8 t lookup_level0_dirty
1e0485c4 t matches_name
1e0486a8 t resolve_collision
1e04887c T insert_old_idx_znode
1e0488d0 t tnc_delete
1e048bc0 T destroy_old_idx
1e048c00 T ubifs_lookup_level0
1e048d68 T ubifs_tnc_locate
1e048e74 T ubifs_tnc_add
1e048f54 T ubifs_tnc_remove
1e048fa4 T ubifs_tnc_remove_nm
1e049080 T ubifs_tnc_add_nm
1e049254 T ubifs_tnc_remove_range
1e049478 T ubifs_tnc_next_ent
1e04958c T ubifs_tnc_remove_ino
1e0496c8 T ubifs_tnc_close
1e049768 T ubifs_search_zbranch
1e0497e8 T ubifs_tnc_postorder_first
1e049834 T ubifs_tnc_postorder_next
1e049888 T ubifs_destroy_tnc_subtree
1e04991c T ubifs_load_znode
1e049c20 T ubifs_tnc_read_node
1e049cb8 T ubifs_dump_inode
1e049cbc T ubifs_dump_node
1e049cc0 T ubifs_dump_znode
1e049cc4 T ubifs_dump_pnode
1e049cc8 T dbg_check_dir
1e049cd0 T dbg_debugfs_exit_fs
1e049cd4 T ubifs_debugging_init
1e049cdc T ubifs_debugging_exit
1e049ce0 T dbg_check_filesystem
1e049ce8 T dbg_debugfs_init_fs
1e049cf0 T dbg_check_tnc
1e049cf8 T dbg_check_idx_size
1e049d00 T crc16
1e049d34 T ubifs_calc_min_idx_lebs
1e049dd0 T ubifs_reported_space
1e049e44 T ubifs_search_bud
1e049e78 T ubifs_get_wbuf
1e049ec8 T ubifs_add_bud
1e049f70 T ubifs_clear_orphans
1e049fb8 T ubifs_mount_orphans
1e04a364 t is_empty
1e04a394 t find_ino
1e04a3c0 t add_ino
1e04a45c t get_master_node
1e04a65c T ubifs_recover_master_node
1e04a87c T ubifs_recover_leb
1e04ad0c T ubifs_recover_log_leb
1e04af30 T ubifs_destroy_size_tree
1e04af88 T ubifs_recover_size_accum
1e04b098 T ubifs_recover_size
1e04b220 t replay_entries_cmp
1e04b24c t insert_node
1e04b314 T ubifs_validate_entry
1e04b3f8 T ubifs_replay_journal
1e04c1c4 T ubifs_destroy_idx_gc
1e04c20c T lzo1x_decompress_safe
1e04c85c T lzop_decompress
1e04c9c8 T zcfree
1e04c9d0 T zcalloc
1e04c9d8 T inflate_fast
1e04cfa8 T inflate_table
1e04d548 T inflateReset
1e04d5c4 T inflateInit2_
1e04d6c8 T inflateEnd
1e04d72c T adler32
1e04da68 T inflate
1e04f09c T cyg_crc16
1e04f0e0 T gzalloc
1e04f0f0 T gzfree
1e04f0f8 T zunzip
1e04f218 T gunzip
1e04f2d4 T initcall_run_list
1e04f338 t lmb_add_region
1e04f508 T lmb_init
1e04f530 T lmb_add
1e04f534 T lmb_reserve
1e04f53c T __lmb_alloc_base
1e04f6b4 T lmb_alloc_base
1e04f6e8 T lmb_alloc
1e04f6f0 W board_lmb_reserve
1e04f6f4 T string_to_ip
1e04f750 T qsort
1e04f830 T strcmp_compar
1e04f83c t sha1_process
1e050d6c t sha1_update.part.0
1e050e28 T sha1_starts
1e050e74 T sha1_update
1e050e80 T sha1_finish
1e050fc0 T sha1_csum_wd
1e051000 t sha256_process
1e0534c0 t sha256_update.part.0
1e05357c T sha256_starts
1e0535ec T sha256_update
1e0535f8 T sha256_finish
1e0537a4 T sha256_csum_wd
1e0537e4 T rb_insert_color
1e053914 T rb_erase
1e053c60 T rb_first
1e053c84 T rb_last
1e053ca8 T rb_next
1e053d08 T rb_next_postorder
1e053d5c T rb_first_postorder
1e053d8c t merge
1e053df0 T list_sort
1e053f94 t cmpkey
1e053fa8 t _hdelete.isra.1
1e053ff8 t drop_var_from_set.part.2
1e054048 t match_string
1e054100 t match_entry
1e0541c0 T hcreate_r
1e054274 T hdestroy_r
1e0542ec T hmatch_r
1e05438c T hsearch_r
1e054824 T hdelete_r
1e0548f8 T hexport_r
1e054b9c T himport_r
1e054f98 T hwalk_r
1e054ff8 T display_options
1e055018 T print_size
1e055150 T print_buffer
1e055310 T crc32_no_comp
1e0553e8 T crc32
1e0553fc T crc32_wd
1e055400 T crc32_wd_buf
1e05543c T __div64_32
1e055518 T hang
1e055534 T copy_from_user
1e055544 T kmalloc
1e05557c T get_mem
1e055598 T kmem_cache_alloc
1e0555a8 T skip_spaces
1e0555d8 T strim
1e055640 t emit
1e055664 t store_char_in_data
1e05568c t get_escape_char
1e055720 t match
1e055b2c t loop_greedy
1e055bb8 t loop_non_greedy
1e055c38 t relocate
1e055c78 t fixup_branch.part.0
1e055cb0 t quantifier
1e055d4c t compile
1e0560d8 T slre_compile
1e05618c T slre_match
1e056224 T strcpy
1e056240 T strncpy
1e056264 T strcat
1e056294 T strncat
1e0562e8 T strcmp
1e056314 T strncmp
1e056354 T strchr
1e056388 T strlen
1e0563a8 T strrchr
1e0563e4 T strnlen
1e056414 T strdup
1e05644c T strpbrk
1e056488 T strsep
1e0564bc T memset
1e056528 T memcpy
1e056590 T memmove
1e0565f0 T memcmp
1e056624 T strstr
1e056688 T udelay
1e0566b8 T mdelay
1e0566dc t put_dec_trunc
1e0567b8 t put_dec
1e0568e8 t string.isra.0
1e056988 t number.isra.4
1e056bec t vsnprintf_internal.isra.6
1e057228 T vsprintf
1e05722c T sprintf
1e057250 T printf
1e057294 T vprintf
1e0572c8 T simple_itoa
1e057320 T str2off
1e057360 T str2long
1e0573a0 t panic_finish
1e0573d0 T panic
1e0573ec T simple_strtoul
1e0574bc T strict_strtoul
1e057534 T simple_strtol
1e05755c T ustrtoul
1e0575cc T simple_strtoull
1e0576c8 T ustrtoull
1e057750 T compute_ip_checksum
1e0577b8 T ip_checksum_ok
1e0577d4 T arp_init
1e057824 T arp_raw_request
1e0578e4 T arp_request
1e057964 T arp_timeout_check
1e0579f4 T arp_receive
1e057c14 t dhcp_extended
1e057d10 t dhcp_process_options
1e057efc t dhcp_packet_process_options
1e057f84 t dhcp_handler
1e05831c T bootp_reset
1e058360 T bootp_request
1e0585a4 t bootp_timeout_handler
1e05860c T dhcp_request
1e058610 W cpu_eth_init
1e058610 t __def_eth_init
1e058618 T eth_parse_enetaddr
1e05866c t on_ethaddr
1e0586fc T eth_getenv_enetaddr
1e058758 T eth_setenv_enetaddr
1e05878c T eth_getenv_enetaddr_by_index
1e0587dc T eth_get_dev_by_name
1e058864 T eth_get_dev_by_index
1e0588a4 T eth_get_dev_index
1e0588c0 T eth_write_hwaddr
1e058b34 T eth_halt
1e058b64 T eth_send
1e058b9c T eth_rx
1e058bc8 T eth_get_name
1e058be8 t eth_current_changed
1e058c84 T eth_set_current
1e058d20 T eth_try_another
1e058da8 T eth_init
1e058e20 T eth_initialize
1e058fb8 T eth_register
1e059034 t start_again_timeout_handler
1e059048 t dummy_handler
1e05904c t on_serverip
1e059074 t on_netmask
1e05909c t on_gatewayip
1e0590c4 t on_ipaddr
1e0590ec t net_init_loop
1e059114 t net_clear_handlers
1e059148 T net_auto_load
1e0591ac T net_init
1e05921c T net_start_again
1e059394 T net_loop
1e059824 T net_set_udp_handler
1e059844 T net_get_arp_handler
1e059854 T net_set_icmp_handler
1e059864 T net_set_timeout_handler
1e0598b0 T net_process_received_packet
1e059bc8 T net_eth_hdr_size
1e059c04 T net_set_ether
1e059ca8 T net_update_ether
1e059d2c T net_set_ip_header
1e059db4 T net_set_udp_header
1e059e58 T net_send_udp_packet
1e059f6c T copy_filename
1e059fb8 t on_bootfile
1e059fec T ip_to_string
1e05a020 T string_to_vlan
1e05a06c t on_vlan
1e05a094 t on_nvlan
1e05a0bc t basename
1e05a0fc t rpc_add_credentials
1e05a1b0 t rpc_lookup_reply
1e05a264 t nfs_mount_reply
1e05a310 t nfs_umountall_reply
1e05a3ac t nfs_lookup_reply
1e05a448 t rpc_req
1e05a544 t nfs_mount_req
1e05a5d4 t nfs_umountall_req
1e05a634 t nfs_lookup_req
1e05a6d8 t nfs_read_req
1e05a750 t nfs_readlink_req
1e05a7a8 t nfs_readlink_reply
1e05a8a8 t nfs_read_reply.isra.3
1e05a9f0 t nfs_send
1e05ab04 t nfs_handler
1e05ad60 t nfs_timeout_handler
1e05adc4 T nfs_start
1e05b02c t ping_timeout_handler
1e05b048 T ping_start
1e05b164 T ping_receive
1e05b244 t tftp_complete
1e05b2bc t tftp_send
1e05b518 t update_block_number
1e05b5cc t tftp_timeout_handler
1e05b654 t tftp_handler
1e05b9c4 t icmp_handler
1e05b9f0 T tftp_start
1e05be50 T raise
1e05be6c T __aeabi_unwind_cpp_pr0
1e05be70 T __udivsi3
1e05be70 t .udivsi3_skip_div0_test
1e05be70 t __aeabi_uidiv
1e05bf00 t __aeabi_uidivmod
1e05bf1c T __divsi3
1e05bf1c t __aeabi_idiv
1e05bf20 t .divsi3_skip_div0_test
1e05bfe0 t __aeabi_idivmod
1e05bffc T __lshrdi3
1e05bffc t __aeabi_llsr
1e05c014 T __ashrdi3
1e05c014 t __aeabi_lasr
1e05c030 T __ashldi3
1e05c030 t __aeabi_llsl
1e05c048 t __aeabi_uldivmod
1e05c074 t __aeabi_idiv0
1e05c074 t __aeabi_ldiv0
1e05c080 T __gnu_ldivmod_helper
1e05c0aa t __gnu_uldivmod_helper
1e05c0d2 t __divdi3
1e05c410 t __udivdi3
1e060000 r mmu_table1
1e064094 r CSWTCH.22
1e0640a8 r CSWTCH.26
1e0640c8 r baudrate_table
1e0640dc r block_drvr
1e0640f4 r block_sizes
1e064110 r boot_os
1e064170 r crc32table_le
1e064570 r crc_table
1e064970 R default_ehci_ops
1e064980 r desc_and_len_tbl
1e0649b0 r device_sizes
1e0649f0 R drc_channel_set
1e064a10 r env_flags_varaccess_mask
1e064a20 r gmac_regs
1e064a28 r iproc_nand_strap_page_sizes
1e064a38 r mon_lengths.7343
1e064a98 R op_adv
1e064b98 r op_table
1e064c00 r page_sizes
1e064c10 r reg_0_5_desc_tbl
1e064c40 r reg_0_desc_tbl
1e064cb8 r reg_1_desc_tbl
1e064d78 r reg_2_desc_tbl
1e064d84 r reg_3_desc_tbl
1e064da8 r reg_4_desc_tbl
1e064e38 r reg_5_desc_tbl
1e064ec8 R spi_flash_params_table
1e065738 R ubifs_super_operations
1e065774 r uimage_arch
1e0658a0 r uimage_comp
1e0658f4 r uimage_os
1e06596c r uimage_type
1e065ab0 r year_lengths.7344
1e065ab8 r crc16_tab
1e065cb8 R crc16_table
1e065eb8 r dbase.6787
1e065ef8 r ddr_phy_ctl_regs
1e065efe r ddr_phy_wl_regs
1e065faa r dext.6788
1e065fea r distfix
1e06606a r iproc_nand_strap_types
1e06608e r lbase.6785
1e0660cc r lenfix
1e0668cc r lext.6786
1e06690a r order.6881
1e0669ab r CSWTCH.27
1e0669ad r CSWTCH.49
1e0669c3 r CSWTCH.63
1e0669c6 r CSWTCH.63
1e0669c9 r __FUNCTION__.6518
1e0669d6 r __FUNCTION__.6524
1e0669e8 r __FUNCTION__.6533
1e0669f9 r __FUNCTION__.7294
1e066a0a r __FUNCTION__.7783
1e066a15 r __FUNCTION__.7854
1e066a26 r __FUNCTION__.7926
1e066a37 r __FUNCTION__.8136
1e066a47 r __FUNCTION__.8207
1e066a5a r __FUNCTION__.8263
1e066a6c r __FUNCTION__.8544
1e066a7c r __FUNCTION__.8547
1e066a8a r __FUNCTION__.8781
1e066a9e r __FUNCTION__.8891
1e066aad r __FUNCTION__.9496
1e066ac6 r __func__.6626
1e066ad6 r __func__.6642
1e066ae1 r __func__.6649
1e066af7 r __func__.6649
1e066b02 r __func__.6662
1e066b1d r __func__.6687
1e066b2c r __func__.6774
1e066b45 r __func__.6802
1e066b59 r __func__.6814
1e066b6d r __func__.6853
1e066b7b r __func__.6873
1e066b8a r __func__.6996
1e066b96 r __func__.7007
1e066ba4 r __func__.7017
1e066bb0 r __func__.7044
1e066bbe r __func__.7278
1e066bcf r __func__.7279
1e066bde r __func__.7288
1e066bef r __func__.7310
1e066bfd r __func__.7325
1e066c06 r __func__.7326
1e066c1b r __func__.7915
1e066c26 r __func__.8108
1e066c3f r __func__.8118
1e066c57 r __func__.8182
1e066c6c r __func__.8202
1e066c88 r __func__.8216
1e066c9e r __func__.9240
1e066cb5 r __func__.9700
1e066cbd r __func__.9730
1e066ccb r __func__.9773
1e066cd4 r __func__.9789
1e066cdf r __func__.9824
1e066ceb r __func__.9845
1e066cf6 R _ctype
1e066df6 r banner
1e066e1e r day_name.7337
1e066e33 R default_environment
1e0673ee r digits.6441
1e0673fe r env_flags_varaccess_rep
1e067403 r env_flags_vartype_rep
1e06740a r erase_seq
1e06740e r hex_asc
1e06741f r lzop_magic
1e067428 r mon_name.7338
1e06744c r names.6594
1e067452 r nand_ecc_precalc_table
1e067552 r nand_iproc_ecc_bytes
1e067562 R net_bcast_ethaddr
1e067568 r patterns
1e06756b r sha1_padding
1e0675ab r spi_read_cmds_array
1e077382 r tab_seq
1e07738b r us_direction
1e0773ab V version_string
1e077428 D armpll_clk_tab
1e07752c D ddr2_init_tab_1066
1e077a60 D ddr3_init_tab_1066
1e077f4c D ddr2_init_tab_800
1e078480 D ddr_init_tab
1e078634 D ddr_clk_tab
1e078698 D ddr3_init_tab_800
1e078b84 D ddr3_init_tab_1600
1e079070 D ddr3_init_tab_1333
1e079564 d hash_algo
1e0795b8 d reserved_list
1e07963c d init_sequence_f
1e0796d0 D init_sequence_r
1e07973c d bootm_help_text
1e079984 d cmd_bootm_sub
1e079a64 d bootz_help_text
1e079b4c d first_call
1e079b50 d first_call
1e079b54 D env_name_spec
1e079b58 d source_help_text
1e079ba6 d i2c_help_text
1e079f24 d cmd_i2c_sub
1e07a090 d i2c_dp_last_length
1e07a094 d do_echo
1e07a098 d dp_last_length
1e07a09c d mtdparts_help_text
1e07a56f d nand_help_text
1e07a954 d regs_start
1e07a99c d regs_cardbus
1e07aac8 d pci_help_text
1e07acbc d regs_bridge
1e07adb8 d regs_rest
1e07ae18 d regs_normal
1e07aec0 d usb_stor_curr_dev
1e07aec4 d imgextract_help_text
1e07af19 d env_help_text
1e07b168 d env_id
1e07b16c d cmd_env_sub
1e07b284 D env_htab
1e07b294 d av_
1e07b69c d sbrk_base
1e07b6a0 d trim_threshold
1e07b6a4 D load_addr
1e07b6a8 D stdio_names
1e07b6b4 d hist_cur
1e07b6b8 d IPROC_SMBUS_BASE_ADDR
1e07b6bc d mtd_partitions
1e07b6c4 D nand_curr_device
1e07b6c8 d bbt_mirror_descr
1e07b6ec d mirror_pattern
1e07b6f0 d bbt_main_no_oob_descr
1e07b714 d bbt_mirror_no_oob_descr
1e07b738 d scan_ff_pattern
1e07b73c d bbt_main_descr
1e07b760 d bbt_pattern
1e07b764 D nand_flash_ids
1e07c45c D nand_manuf_ids
1e07c4d4 d nand_oob_8
1e07d07c d nand_oob_128
1e07dc24 d nand_oob_16
1e07e7cc d nand_oob_64
1e07f374 d iproc_chip_list
1e07f5a4 d phy_drivers
1e07f5ac d BCM5481_driver
1e07f5e0 d BCM54616S_driver
1e07f614 d BCM_CYGNUS_driver
1e07f648 d BCM5482S_driver
1e07f67c d BCM5461S_driver
1e07f6b0 d BCM5221_driver
1e07f6e4 d BCM5464S_driver
1e07f718 d soc_pcie_ports
1e07f73c D eserial1_device
1e07f76c d descriptor
1e07f7a4 d fstypes
1e07f854 D ext4fs_indir3_blkno
1e07f858 D ext4fs_indir1_blkno
1e07f85c D ext4fs_indir2_blkno
1e07f860 d lzo_compr
1e07f87c d none_compr
1e07f898 d zlib_compr
1e07f8b4 d ubifs_fs_type
1e07f8d0 D super_blocks
1e07f8d8 d sha256_padding
1e07f918 d first_call.6756
1e07f91c D net_native_vlan
1e07f91e D net_our_vlan
1e07f920 d nfs_offset
1e07f924 d tftp_block_size_option
1e07f928 D tftp_timeout_count_max
1e07f92c d timeout_ms
1e07f930 d tftp_block_size
1e07f934 d timeout_count_max
1e07f944 D _u_boot_list_2_cmd_2_activeimage
1e07f944 d start.6389
1e07f944 d start.6393
1e07f944 d start.6462
1e07f944 d start.6466
1e07f944 d start.6493
1e07f944 d start.6497
1e07f960 D _u_boot_list_2_cmd_2_base
1e07f97c D _u_boot_list_2_cmd_2_bdinfo
1e07f998 D _u_boot_list_2_cmd_2_boot
1e07f9b4 D _u_boot_list_2_cmd_2_bootd
1e07f9d0 D _u_boot_list_2_cmd_2_bootelf
1e07f9ec D _u_boot_list_2_cmd_2_bootm
1e07fa08 D _u_boot_list_2_cmd_2_bootp
1e07fa24 D _u_boot_list_2_cmd_2_bootvx
1e07fa40 D _u_boot_list_2_cmd_2_bootz
1e07fa5c D _u_boot_list_2_cmd_2_chpart
1e07fa78 D _u_boot_list_2_cmd_2_cmp
1e07fa94 D _u_boot_list_2_cmd_2_coninfo
1e07fab0 D _u_boot_list_2_cmd_2_cp
1e07facc D _u_boot_list_2_cmd_2_crc32
1e07fae8 D _u_boot_list_2_cmd_2_dhcp
1e07fb04 D _u_boot_list_2_cmd_2_echo
1e07fb20 D _u_boot_list_2_cmd_2_editenv
1e07fb3c D _u_boot_list_2_cmd_2_env
1e07fb58 D _u_boot_list_2_cmd_2_exit
1e07fb74 D _u_boot_list_2_cmd_2_ext2load
1e07fb90 D _u_boot_list_2_cmd_2_ext2ls
1e07fbac D _u_boot_list_2_cmd_2_false
1e07fbc8 D _u_boot_list_2_cmd_2_fatinfo
1e07fbe4 D _u_boot_list_2_cmd_2_fatload
1e07fc00 D _u_boot_list_2_cmd_2_fatls
1e07fc1c D _u_boot_list_2_cmd_2_fatsize
1e07fc38 D _u_boot_list_2_cmd_2_fatwrite
1e07fc54 D _u_boot_list_2_cmd_2_go
1e07fc70 D _u_boot_list_2_cmd_2_hash
1e07fc8c D _u_boot_list_2_cmd_2_help
1e07fca8 D _u_boot_list_2_cmd_2_i2c
1e07fcc4 D _u_boot_list_2_cmd_2_iminfo
1e07fce0 D _u_boot_list_2_cmd_2_imxtract
1e07fcfc D _u_boot_list_2_cmd_2_itest
1e07fd18 D _u_boot_list_2_cmd_2_loadb
1e07fd34 D _u_boot_list_2_cmd_2_loads
1e07fd50 D _u_boot_list_2_cmd_2_loadx
1e07fd6c D _u_boot_list_2_cmd_2_loady
1e07fd88 D _u_boot_list_2_cmd_2_loop
1e07fda4 D _u_boot_list_2_cmd_2_md
1e07fdc0 D _u_boot_list_2_cmd_2_mdc
1e07fddc D _u_boot_list_2_cmd_2_mdio
1e07fdf8 D _u_boot_list_2_cmd_2_mii
1e07fe14 D _u_boot_list_2_cmd_2_mm
1e07fe30 D _u_boot_list_2_cmd_2_mtdparts
1e07fe4c D _u_boot_list_2_cmd_2_mtest
1e07fe68 D _u_boot_list_2_cmd_2_mw
1e07fe84 D _u_boot_list_2_cmd_2_mwc
1e07fea0 D _u_boot_list_2_cmd_2_nand
1e07febc D _u_boot_list_2_cmd_2_nboot
1e07fed8 D _u_boot_list_2_cmd_2_nfs
1e07fef4 D _u_boot_list_2_cmd_2_nm
1e07ff10 D _u_boot_list_2_cmd_2_pci
1e07ff2c D _u_boot_list_2_cmd_2_ping
1e07ff48 D _u_boot_list_2_cmd_2_printenv
1e07ff64 D _u_boot_list_2_cmd_2_printimage
1e07ff80 D _u_boot_list_2_cmd_2_question_mark
1e07ff9c D _u_boot_list_2_cmd_2_reset
1e07ffb8 D _u_boot_list_2_cmd_2_run
1e07ffd4 D _u_boot_list_2_cmd_2_saveenv
1e07fff0 D _u_boot_list_2_cmd_2_setenv
1e08000c D _u_boot_list_2_cmd_2_sf
1e080028 D _u_boot_list_2_cmd_2_showvar
1e080044 D _u_boot_list_2_cmd_2_sleep
1e080060 D _u_boot_list_2_cmd_2_source
1e08007c D _u_boot_list_2_cmd_2_test
1e080098 D _u_boot_list_2_cmd_2_tftpboot
1e0800b4 D _u_boot_list_2_cmd_2_tftpput
1e0800d0 D _u_boot_list_2_cmd_2_time
1e0800ec D _u_boot_list_2_cmd_2_true
1e080108 D _u_boot_list_2_cmd_2_ubi
1e080124 D _u_boot_list_2_cmd_2_ubifsload
1e080140 D _u_boot_list_2_cmd_2_ubifsls
1e08015c D _u_boot_list_2_cmd_2_ubifsmount
1e080178 D _u_boot_list_2_cmd_2_ubifsumount
1e080194 D _u_boot_list_2_cmd_2_usb
1e0801b0 D _u_boot_list_2_cmd_2_usbboot
1e0801cc D _u_boot_list_2_cmd_2_version
1e0801e8 D _u_boot_list_2_env_clbk_2_baudrate
1e0801e8 d end.6396
1e0801e8 d end.6469
1e0801e8 d end.6500
1e0801e8 d start.6539
1e0801e8 d start.6546
1e0801f0 D _u_boot_list_2_env_clbk_2_bootfile
1e0801f8 D _u_boot_list_2_env_clbk_2_callbacks
1e080200 D _u_boot_list_2_env_clbk_2_console
1e080208 D _u_boot_list_2_env_clbk_2_ethaddr
1e080210 D _u_boot_list_2_env_clbk_2_flags
1e080218 D _u_boot_list_2_env_clbk_2_gatewayip
1e080220 D _u_boot_list_2_env_clbk_2_ipaddr
1e080228 D _u_boot_list_2_env_clbk_2_loadaddr
1e080230 D _u_boot_list_2_env_clbk_2_netmask
1e080238 D _u_boot_list_2_env_clbk_2_nvlan
1e080240 D _u_boot_list_2_env_clbk_2_serverip
1e080248 D _u_boot_list_2_env_clbk_2_vlan
1e080250 D _u_boot_list_2_i2c_2_iproc_0
1e080250 d end.6542
1e080250 d start.6602
1e080250 d start.6606
1e080250 d start.6627
1e080250 d start.6648
1e080250 d start.8720
1e080250 d start.8732
1e080250 d start.8748
1e08027c D _u_boot_list_2_i2c_2_iproc_1
1e0802a8 B __bss_base
1e0802a8 B __bss_start
1e0802a8 D __image_copy_end
1e0802a8 D __rel_dyn_start
1e0802a8 b iproc_clk
1e0802a8 d end.6609
1e0802a8 d end.6630
1e0802a8 d end.6651
1e0802a8 d end.8723
1e0802a8 d end.8735
1e0802a8 d end.8751
1e0802b8 b params
1e0802bc b flag_repeat
1e0802c0 b buf.6921
1e0802e8 b the_command.6721
1e0806ec b ifs
1e0806f0 b last_return_code
1e0806f4 b map
1e0807f4 b do_repeat
1e0807f8 b top_vars
1e0807fc b stored_bootdelay
1e080800 B monitor_flash_len
1e080804 B images
1e080934 b callback_list
1e080938 b flags_list
1e08093c b env_flash
1e080940 b i2c_mm_last_chip
1e080944 b i2c_mm_last_alen
1e080948 b i2c_mm_last_addr
1e08094c b i2c_dp_last_chip
1e080950 b i2c_dp_last_addr
1e080954 b i2c_dp_last_alen
1e080958 b send_parms
1e08096c b os_data_init
1e080970 b os_data_addr_saved
1e080974 b his_pad_char
1e080975 b a_b
1e080990 b os_data_char
1e080994 b os_data_state
1e080998 b k_data_escape
1e08099c b os_data_state_saved
1e0809a0 b os_data_addr
1e0809a4 b send_ptr
1e0809a8 b bin_start_address
1e0809ac b his_quote
1e0809b0 b his_pad_count
1e0809b4 b his_eol
1e0809b8 b k_data_escape_saved
1e0809bc b dp_last_addr
1e0809c0 b base_address
1e0809c4 b mm_last_size
1e0809c8 b mm_last_addr
1e0809cc b dp_last_size
1e0809d0 b current_mii
1e0809d4 b mii_devs
1e0809dc b last_data
1e0809e0 b last_data
1e0809e4 b last_reg_hi
1e0809e8 b last_reg_hi
1e0809ec b last_mask
1e0809f0 b last_addr_lo
1e0809f4 b last_addr_lo
1e0809f8 b last_op
1e0809fa b last_op
1e0809fc b last_addr_hi
1e080a00 b last_addr_hi
1e080a04 b last_reg_lo
1e080a08 b last_reg_lo
1e080a0c b last_devad_hi
1e080a10 b last_devad_lo
1e080a14 b last_ids
1e080a94 B current_mtd_dev
1e080a98 b last_partition
1e080aa8 b last_parts
1e080ca8 b initialized.8113
1e080cac B current_mtd_partnum
1e080cb0 b mtdids
1e080cb8 b devices
1e080cc0 b last.7886
1e080cc8 b flash
1e080ccc b ubi
1e080cd0 b ubi_dev
1e080d2c b ubi_initialized
1e080d30 b buffer
1e080d80 b ubifs_initialized
1e080d84 b ubifs_mounted
1e080d88 b dev_index
1e080dc0 b usb_dev
1e08a240 R __rel_dyn_end
1e08a240 R _end
1e08a240 r _image_binary_end
1e093dc0 b asynch_allowed
1e093dc4 B usb_started
1e093dc8 b usb_hub_index
1e093dcc b hub_dev
1e093ecc b usb_stor
1e094038 b usb_dev_desc
1e094364 b usb_max_devs
1e094368 b CBWTag
1e094380 b usb_ccb
1e094440 b ctrlc_was_pressed
1e094444 b ctrlc_disabled
1e094448 b max_total_mem
1e09444c B mem_malloc_brk
1e094450 b max_sbrked_mem
1e094454 b current_mallinfo
1e09447c B mem_malloc_end
1e094480 b top_pad
1e094484 B mem_malloc_start
1e094488 B save_addr
1e09448c B save_size
1e094490 b devs
1e0944dc B stdio_devices
1e0944e8 b hist_list
1e094538 b hist_lines
1e09954c b hist_max
1e099550 b initted.6574
1e099554 b hist_add_idx
1e099558 b hist_num
1e09955c B console_buffer
1e09995d b tmp_buf
1e099d5d b tmp_buf.6483
1e099f60 b xyz
1e09a394 b mtd_idr
1e09a598 B nand_info
1e09a668 b nand_chip
1e09aaa0 b total_nand_size
1e09aaa4 b dev_name
1e09aaac b iproc_nand_oob_layout
1e09b654 b cs.8281
1e09b658 B mlocal
1e09b65c B inand
1e09b660 b vidh
1e09b664 b ech
1e09b668 b mtd_devs
1e09b66c B ubi_wl_entry_slab
1e09b670 B ubi_devices
1e09b6f0 b mtd_dev_param
1e09c070 b empty_vtbl_record
1e09c11c B g_dmactrlflags
1e09c120 b hose_head
1e09c124 b indent.7148
1e09c128 b PORT_IN_USE
1e09c12c B pci_hoses
1e09c3cc b conf_trace
1e09c3d0 b serial_devices
1e09c3d4 b serial_current
1e09c400 b ehcic
1e09c540 b fs_partition
1e09c590 b fs_type
1e09c594 b fs_dev_desc
1e09c598 B ext_fs
1e09c5e0 B ext4fs_indir3_block
1e09c5e4 B ext4fs_root
1e09c5e8 B ext4fs_indir3_size
1e09c5ec B ext4fs_indir1_block
1e09c5f0 B ext4fs_indir2_size
1e09c5f4 B ext4fs_indir2_block
1e09c5f8 B ext4fs_indir1_size
1e09c5fc b symlinknest
1e09c600 B ext4fs_file
1e09c604 b part_info
1e09c608 b ext4fs_block_dev_desc
1e09c60c B part_offset
1e09c640 B get_contents_vfatname_block
1e0ac640 B do_fat_read_at_block
1e0bc640 B get_dentfromdir_block
1e0cc640 b empty_dentptr
1e0cc644 b cur_part_info
1e0cc694 b total_sector
1e0cc698 b dir_curclust
1e0cc69c b num_of_fats
1e0cc6a0 b cur_dev
1e0cc6a4 B ubifs_compressors
1e0cc6b0 B ubifs_clean_zn_cnt
1e0cc6b4 B ubifs_sb
1e0cc6b8 b inodes_locked_down
1e0cc7b8 B ubifs_inode_slab
1e0cc7bc B errno
1e0cc7c0 b local.6637
1e0cc7d6 b arp_tx_packet_buf
1e0cce18 B arp_wait_packet_ethaddr
1e0cce1c b arp_tx_packet
1e0cce20 B arp_wait_tx_packet_size
1e0cce24 B arp_wait_try
1e0cce28 b net_arp_wait_reply_ip
1e0cce2c B net_arp_wait_packet_ip
1e0cce30 B arp_wait_timer_start
1e0cce34 b dhcp_state
1e0cce38 B net_hostname
1e0cce58 B bootp_timeout
1e0cce5c b dhcp_server_ip
1e0cce60 b dhcp_option_overload
1e0cce61 B net_root_path
1e0ccea4 B bootp_ids
1e0cceb4 B bootp_num_ids
1e0cceb8 B bootp_try
1e0ccebc B bootp_start
1e0ccec0 b dhcp_leasetime
1e0ccec4 B net_nis_domain
1e0ccee4 b first_failed.8867
1e0ccee8 b env_changed_id.8873
1e0cceec b act.8872
1e0ccef0 b index.8820
1e0ccef4 B eth_current
1e0ccef8 b eth_devices
1e0ccefc B net_ethaddr
1e0ccf04 B net_dns_server
1e0ccf08 B net_state
1e0ccf0c B net_server_ip
1e0ccf10 B net_rx_packet
1e0ccf14 B net_boot_file_expected_size_in_blocks
1e0ccf18 B net_rx_packets
1e0ccf28 b time_start
1e0ccf2c b time_start
1e0ccf30 B net_gateway
1e0ccf34 B net_boot_file_name
1e0cd334 b udp_packet_handler
1e0cd338 b net_dev_exists
1e0cd33c b net_try_count
1e0cd340 B net_server_ethaddr
1e0cd346 B net_null_ethaddr
1e0cd34c b net_ip_id
1e0cd350 B net_restart_wrap
1e0cd354 b net_pkt_buf
1e0cf194 b net_restarted
1e0cf198 b time_delta
1e0cf19c b arp_packet_handler
1e0cf1a0 B net_netmask
1e0cf1a4 b packet_icmp_handler
1e0cf1a8 B net_ip
1e0cf1ac B net_rx_packet_len
1e0cf1b0 B net_tx_packet
1e0cf1b4 b time_handler
1e0cf1b8 B net_boot_file_size
1e0cf1bc b nfs_server_mount_port
1e0cf1c0 b nfs_server_ip
1e0cf1c4 b nfs_filename
1e0cf1c8 b nfs_state
1e0cf1cc b dirfh
1e0cf1ec b nfs_len
1e0cf1f0 b rpc_id
1e0cf1f4 b fs_mounted
1e0cf1f8 b default_filename
1e0cf238 b default_filename
1e0cf248 b nfs_server_port
1e0cf24c b nfs_download_state
1e0cf250 b nfs_path
1e0cf254 b filefh
1e0cf274 b nfs_path_buff
1e0cfa74 b nfs_timeout_count
1e0cfa78 b nfs_our_port
1e0cfa7c B net_ping_ip
1e0cfa80 b ping_seq_number
1e0cfa84 b tftp_put_final_block_sent
1e0cfa88 b tftp_prev_block
1e0cfa8c b timeout_count
1e0cfa90 b tftp_put_active
1e0cfa94 b tftp_remote_port
1e0cfa98 b tftp_cur_block
1e0cfa9c b tftp_remote_ip
1e0cfaa0 b tftp_state
1e0cfaa4 b tftp_our_port
1e0cfaa8 b tftp_block_wrap
1e0cfaac B tftp_filename
1e0cfb2c b tftp_block_wrap_offset
1e0cfb30 B __bss_end
1e0cfb30 B __bss_limit
