Archive member included because of file (symbol)

/opt/arm/usr/lib/gcc/arm-broadcom-linux-gnueabi/4.7.3/libgcc.a(_udivsi3.o)
                              arch/arm/cpu/armv7/built-in.o (__aeabi_uidiv)
/opt/arm/usr/lib/gcc/arm-broadcom-linux-gnueabi/4.7.3/libgcc.a(_divsi3.o)
                              arch/arm/cpu/armv7/built-in.o (__aeabi_idiv)
/opt/arm/usr/lib/gcc/arm-broadcom-linux-gnueabi/4.7.3/libgcc.a(_lshrdi3.o)
                              drivers/mtd/built-in.o (__aeabi_llsr)
/opt/arm/usr/lib/gcc/arm-broadcom-linux-gnueabi/4.7.3/libgcc.a(_ashrdi3.o)
                              drivers/mtd/nand/built-in.o (__aeabi_lasr)
/opt/arm/usr/lib/gcc/arm-broadcom-linux-gnueabi/4.7.3/libgcc.a(_ashldi3.o)
                              drivers/mtd/nand/built-in.o (__aeabi_llsl)
/opt/arm/usr/lib/gcc/arm-broadcom-linux-gnueabi/4.7.3/libgcc.a(_aeabi_uldivmod.o)
                              arch/arm/cpu/armv7/built-in.o (__aeabi_uldivmod)
/opt/arm/usr/lib/gcc/arm-broadcom-linux-gnueabi/4.7.3/libgcc.a(_dvmd_lnx.o)
                              /opt/arm/usr/lib/gcc/arm-broadcom-linux-gnueabi/4.7.3/libgcc.a(_udivsi3.o) (__aeabi_idiv0)
/opt/arm/usr/lib/gcc/arm-broadcom-linux-gnueabi/4.7.3/libgcc.a(bpabi.o)
                              /opt/arm/usr/lib/gcc/arm-broadcom-linux-gnueabi/4.7.3/libgcc.a(_aeabi_uldivmod.o) (__gnu_uldivmod_helper)
/opt/arm/usr/lib/gcc/arm-broadcom-linux-gnueabi/4.7.3/libgcc.a(_divdi3.o)
                              /opt/arm/usr/lib/gcc/arm-broadcom-linux-gnueabi/4.7.3/libgcc.a(bpabi.o) (__divdi3)
/opt/arm/usr/lib/gcc/arm-broadcom-linux-gnueabi/4.7.3/libgcc.a(_udivdi3.o)
                              /opt/arm/usr/lib/gcc/arm-broadcom-linux-gnueabi/4.7.3/libgcc.a(bpabi.o) (__udivdi3)

Discarded input sections

 .data          0x00000000        0x0 arch/arm/cpu/armv7/start.o
 .bss           0x00000000        0x0 arch/arm/cpu/armv7/start.o
 .text.v7_outer_cache_flush_all
                0x00000000        0x4 arch/arm/cpu/armv7/built-in.o
 .text.v7_outer_cache_inval_all
                0x00000000        0x4 arch/arm/cpu/armv7/built-in.o
 .text.v7_outer_cache_flush_range
                0x00000000        0x4 arch/arm/cpu/armv7/built-in.o
 .text.mmu_page_table_flush
                0x00000000       0x24 arch/arm/cpu/armv7/built-in.o
 .text.v7_outer_cache_inval_range
                0x00000000        0x4 arch/arm/cpu/armv7/built-in.o
 .text.v7_arch_cp15_set_l2aux_ctrl
                0x00000000        0x8 arch/arm/cpu/armv7/built-in.o
 .text.v7_arch_cp15_set_acr
                0x00000000        0x8 arch/arm/cpu/armv7/built-in.o
 .text.sdelay   0x00000000        0xc arch/arm/cpu/armv7/built-in.o
 .text.wait_on_value
                0x00000000       0x34 arch/arm/cpu/armv7/built-in.o
 .text.timer_systick_init
                0x00000000       0x40 arch/arm/cpu/armv7/built-in.o
 .text.timer_systick_isr
                0x00000000       0x14 arch/arm/cpu/armv7/built-in.o
 .text.iproc_get_axi_clk
                0x00000000        0xc arch/arm/cpu/armv7/built-in.o
 .text.dump_phy_regs
                0x00000000        0x4 arch/arm/cpu/armv7/built-in.o
 .text.ddr_phy_ctl_regs_ovrd
                0x00000000       0x38 arch/arm/cpu/armv7/built-in.o
 .text.ddr_phy_wl_regs_ovrd
                0x00000000       0x48 arch/arm/cpu/armv7/built-in.o
 .text.is_ddr_32bit
                0x00000000        0x8 arch/arm/cpu/armv7/built-in.o
 .text.ddr_init
                0x00000000      0x380 arch/arm/cpu/armv7/built-in.o
 .text.shmoo_mem2sig
                0x00000000       0x64 arch/arm/cpu/armv7/built-in.o
 .text.shmoo_dump_sig
                0x00000000       0x4c arch/arm/cpu/armv7/built-in.o
 .text.soc_reg32_get
                0x00000000       0x10 arch/arm/cpu/armv7/built-in.o
 .text.soc_reg32_set
                0x00000000        0xc arch/arm/cpu/armv7/built-in.o
 .text._check_dram
                0x00000000       0x10 arch/arm/cpu/armv7/built-in.o
 .text._soc_ddr40_mem_rowstoloc
                0x00000000       0x20 arch/arm/cpu/armv7/built-in.o
 .text._soc_ddr40_mem_gradetoloc
                0x00000000       0xa4 arch/arm/cpu/armv7/built-in.o
 .text._soc_ddr40_pll_calc
                0x00000000       0xdc arch/arm/cpu/armv7/built-in.o
 .text.soc_ddr40_ctlr_reset
                0x00000000        0x8 arch/arm/cpu/armv7/built-in.o
 .text.soc_ddr40_ctlr_ctl
                0x00000000        0x8 arch/arm/cpu/armv7/built-in.o
 .text.soc_ddr40_read
                0x00000000       0x8c arch/arm/cpu/armv7/built-in.o
 .text.soc_ddr40_write
                0x00000000       0x70 arch/arm/cpu/armv7/built-in.o
 .text.soc_ddr40_phy_reg_ci_read
                0x00000000       0x20 arch/arm/cpu/armv7/built-in.o
 .text.soc_ddr40_phy_reg_ci_write
                0x00000000       0x1c arch/arm/cpu/armv7/built-in.o
 .text._test_func_self_test_1
                0x00000000        0x4 arch/arm/cpu/armv7/built-in.o
 .text._test_func_self_test_2
                0x00000000        0x4 arch/arm/cpu/armv7/built-in.o
[...]
Memory Configuration

Name             Origin             Length             Attributes
*default*        0x00000000         0xffffffff

Linker script and memory map

Address of section .text set to 0x1e000000

/DISCARD/
 *(.rel._secure*)
                0x00000000                . = 0x0
                0x00000000                . = ALIGN (0x4)

.text           0x1e000000    0x5c6de
 *(.__image_copy_start)
 .__image_copy_start
                0x1e000000        0x0 arch/arm/lib/built-in.o
                0x1e000000                __image_copy_start
 *(.vectors)
 .vectors       0x1e000000      0x300 arch/arm/lib/built-in.o
                0x1e000000                _start
                0x1e000020                _undefined_instruction
                0x1e000024                _software_interrupt
                0x1e000028                _prefetch_abort
                0x1e00002c                _data_abort
                0x1e000030                _not_used
                0x1e000034                _irq
                0x1e000038                _fiq
                0x1e000040                IRQ_STACK_START_IN
 arch/arm/cpu/armv7/start.o(.text*)
 .text          0x1e000300       0xb0 arch/arm/cpu/armv7/start.o
                0x1e000300                reset
                0x1e000304                save_boot_params_ret
                0x1e000340                c_runtime_cpu_setup
                0x1e000350                save_boot_params
                0x1e000354                cpu_init_cp15
                0x1e0003a8                cpu_init_crit
 *(.text*)
 .text          0x1e0003b0      0x1b0 arch/arm/cpu/armv7/built-in.o
                0x1e0003b0                mmu_table_addr
                0x1e0003b4                lowlevel_init
 .text.v7_maint_dcache_all
                0x1e000560       0xcc arch/arm/cpu/armv7/built-in.o
 .text.v7_dcache_inval_range
                0x1e00062c       0x80 arch/arm/cpu/armv7/built-in.o
 .text.invalidate_icache_all
                0x1e0006ac       0x18 arch/arm/cpu/armv7/built-in.o
                0x1e0006ac                invalidate_icache_all
 .text.v7_outer_cache_enable
                0x1e0006c4        0x4 arch/arm/cpu/armv7/built-in.o
                0x1e0006c4                v7_outer_cache_enable
 .text.v7_outer_cache_disable
                0x1e0006c8        0x4 arch/arm/cpu/armv7/built-in.o
                0x1e0006c8                v7_outer_cache_disable
 .text.flush_dcache_all
                0x1e0006cc       0x14 arch/arm/cpu/armv7/built-in.o
                0x1e0006cc                flush_dcache_all
 .text.invalidate_dcache_all
                0x1e0006e0       0x14 arch/arm/cpu/armv7/built-in.o
                0x1e0006e0                invalidate_dcache_all
 .text.arm_init_before_mmu
                0x1e0006f4       0x28 arch/arm/cpu/armv7/built-in.o
                0x1e0006f4                arm_init_before_mmu
 .text.flush_dcache_range
                0x1e00071c       0x38 arch/arm/cpu/armv7/built-in.o
                0x1e00071c                flush_dcache_range
 .text.invalidate_dcache_range
                0x1e000754       0x38 arch/arm/cpu/armv7/built-in.o
                0x1e000754                invalidate_dcache_range
 .text.cpu_cache_initialization
                0x1e00078c        0x4 arch/arm/cpu/armv7/built-in.o
                0x1e00078c                cpu_cache_initialization
 .text.cleanup_before_linux_select
                0x1e000790       0x4c arch/arm/cpu/armv7/built-in.o
                0x1e000790                cleanup_before_linux_select
 .text.cleanup_before_linux
                0x1e0007dc        0x8 arch/arm/cpu/armv7/built-in.o
                0x1e0007dc                cleanup_before_linux
 .text.armpll_config
                0x1e0007e4      0x1b0 arch/arm/cpu/armv7/built-in.o
                0x1e0007e4                armpll_config
 .text.early_access_env_vars
                0x1e000994      0x10c arch/arm/cpu/armv7/built-in.o
                0x1e000994                early_access_env_vars
 .text.reset_cpu
                0x1e000aa0       0x14 arch/arm/cpu/armv7/built-in.o
                0x1e000aa0                reset_cpu
 .text.enable_caches
                0x1e000ab4       0x24 arch/arm/cpu/armv7/built-in.o
                0x1e000ab4                enable_caches
 .text.timer_global_init
                0x1e000ad8       0x24 arch/arm/cpu/armv7/built-in.o
                0x1e000ad8                timer_global_init
 .text.timer_init
                0x1e000afc       0x10 arch/arm/cpu/armv7/built-in.o
                0x1e000afc                timer_init
 .text.get_timer
                0x1e000b0c       0xa0 arch/arm/cpu/armv7/built-in.o
                0x1e000b0c                get_timer
 .text.__udelay
                0x1e000bac       0xb4 arch/arm/cpu/armv7/built-in.o
                0x1e000bac                __udelay
 .text.get_ticks
                0x1e000c60       0x14 arch/arm/cpu/armv7/built-in.o
                0x1e000c60                get_ticks
 .text.get_tbclk
                0x1e000c74        0x8 arch/arm/cpu/armv7/built-in.o
                0x1e000c74                get_tbclk
 .text.iproc_get_uart_clk
                0x1e000c7c       0x5c arch/arm/cpu/armv7/built-in.o
                0x1e000c7c                iproc_get_uart_clk
 .text.iproc_get_periph_clk
                0x1e000cd8       0x34 arch/arm/cpu/armv7/built-in.o
                0x1e000cd8                iproc_get_periph_clk
 .text.iproc_get_apb_clk
                0x1e000d0c       0x34 arch/arm/cpu/armv7/built-in.o
                0x1e000d0c                iproc_get_apb_clk
 .text.iproc_clk_enum
                0x1e000d40      0x14c arch/arm/cpu/armv7/built-in.o
                0x1e000d40                iproc_clk_enum
 .text.validate_flash_shmoo_values
                0x1e000e8c      0x124 arch/arm/cpu/armv7/built-in.o
 .text.iproc_get_ddr3_clock_mhz
                0x1e000fb0       0x70 arch/arm/cpu/armv7/built-in.o
                0x1e000fb0                iproc_get_ddr3_clock_mhz
 .text.change_ddr_clock
                0x1e001020       0xf0 arch/arm/cpu/armv7/built-in.o
                0x1e001020                change_ddr_clock
 .text.ddr_init_regs
                0x1e001110       0x28 arch/arm/cpu/armv7/built-in.o
                0x1e001110                ddr_init_regs
 .text.iproc_save_shmoo_values
                0x1e001138      0x25c arch/arm/cpu/armv7/built-in.o
                0x1e001138                iproc_save_shmoo_values
 .text.ddr_init2
                0x1e001394      0x548 arch/arm/cpu/armv7/built-in.o
                0x1e001394                ddr_init2
 .text.shmoo_sig2mem
                0x1e0018dc       0x7c arch/arm/cpu/armv7/built-in.o
                0x1e0018dc                shmoo_sig2mem
 .text.shmoo_sigmemcmp
                0x1e001958       0x28 arch/arm/cpu/armv7/built-in.o
                0x1e001958                shmoo_sigmemcmp
 .text._get_random
                0x1e001980       0x50 arch/arm/cpu/armv7/built-in.o
 .text._fill_in_data
                0x1e0019d0       0x30 arch/arm/cpu/armv7/built-in.o
 .text._shmoo_print_diagnostics.isra.5
                0x1e001a00      0x3bc arch/arm/cpu/armv7/built-in.o
 .text._calib_all.isra.7
                0x1e001dbc      0x514 arch/arm/cpu/armv7/built-in.o
 .text.soc_cm_debug
                0x1e0022d0       0x54 arch/arm/cpu/armv7/built-in.o
                0x1e0022d0                soc_cm_debug
 .text.soc_timeout_init
                0x1e002324       0x34 arch/arm/cpu/armv7/built-in.o
                0x1e002324                soc_timeout_init
 .text.soc_timeout_check
                0x1e002358       0x24 arch/arm/cpu/armv7/built-in.o
                0x1e002358                soc_timeout_check
 .text.soc_ddr40_set_shmoo_dram_config
                0x1e00237c        0x4 arch/arm/cpu/armv7/built-in.o
                0x1e00237c                soc_ddr40_set_shmoo_dram_config
 .text._check_dram_either
                0x1e002380       0x28 arch/arm/cpu/armv7/built-in.o
                0x1e002380                _check_dram_either
 .text._check_dram_both
                0x1e0023a8       0x30 arch/arm/cpu/armv7/built-in.o
                0x1e0023a8                _check_dram_both
 .text._soc_ddr40_phy_PVT_ctl
                0x1e0023d8      0x258 arch/arm/cpu/armv7/built-in.o
                0x1e0023d8                _soc_ddr40_phy_PVT_ctl
 .text.soc_ddr40_phy_calibrate
                0x1e002630      0x5d4 arch/arm/cpu/armv7/built-in.o
                0x1e002630                soc_ddr40_phy_calibrate
 .text.soc_ddr40_phy_reg_ci_modify
                0x1e002c04       0x2c arch/arm/cpu/armv7/built-in.o
                0x1e002c04                soc_ddr40_phy_reg_ci_modify
 .text._test_func_self_test_1_arad
                0x1e002c30      0x268 arch/arm/cpu/armv7/built-in.o
                0x1e002c30                _test_func_self_test_1_arad
 .text._test_func_self_test_2_arad
                0x1e002e98      0x16c arch/arm/cpu/armv7/built-in.o
                0x1e002e98                _test_func_self_test_2_arad
 .text._soc_ddr_shmoo_prepare_for_shmoo
                0x1e003004      0x6ac arch/arm/cpu/armv7/built-in.o
                0x1e003004                _soc_ddr_shmoo_prepare_for_shmoo
 .text._shmoo_init_vdl_result
                0x1e0036b0      0x26c arch/arm/cpu/armv7/built-in.o
                0x1e0036b0                _shmoo_init_vdl_result
 .text._shmoo_rd_data_dly
                0x1e00391c      0x394 arch/arm/cpu/armv7/built-in.o
                0x1e00391c                _shmoo_rd_data_dly
 .text._soc_ddr40_shmoo_get_init_step
                0x1e003cb0      0x254 arch/arm/cpu/armv7/built-in.o
                0x1e003cb0                _soc_ddr40_shmoo_get_init_step
 .text._soc_ddr40_shmoo_do
                0x1e003f04      0xadc arch/arm/cpu/armv7/built-in.o
                0x1e003f04                _soc_ddr40_shmoo_do
 .text._soc_ddr40_shmoo_calib
                0x1e0049e0      0x8b4 arch/arm/cpu/armv7/built-in.o
                0x1e0049e0                _soc_ddr40_shmoo_calib
 .text._soc_ddr40_shmoo_plot
                0x1e005294      0x758 arch/arm/cpu/armv7/built-in.o
                0x1e005294                _soc_ddr40_shmoo_plot
 .text._soc_ddr40_shmoo_set_new_step
                0x1e0059ec      0x380 arch/arm/cpu/armv7/built-in.o
                0x1e0059ec                _soc_ddr40_shmoo_set_new_step
 .text.soc_ddr40_shmoo_ctl
                0x1e005d6c      0x970 arch/arm/cpu/armv7/built-in.o
                0x1e005d6c                soc_ddr40_shmoo_ctl
 .text          0x1e0066dc       0x88 arch/arm/lib/built-in.o
                0x1e0066dc                _main
 .text.relocate_vectors
                0x1e006764       0x70 arch/arm/lib/built-in.o
                0x1e006764                relocate_vectors
                0x1e006770                relocate_code
 .text.boot_jump_linux
                0x1e0067d4       0xd8 arch/arm/lib/built-in.o
 .text.arch_lmb_reserve
                0x1e0068ac       0x24 arch/arm/lib/built-in.o
                0x1e0068ac                arch_lmb_reserve
 .text.setup_board_tags
                0x1e0068d0        0x4 arch/arm/lib/built-in.o
                0x1e0068d0                setup_board_tags
 .text.boot_prep_linux.isra.4
                0x1e0068d4      0x108 arch/arm/lib/built-in.o
 .text.do_bootm_linux
                0x1e0069dc       0x6c arch/arm/lib/built-in.o
                0x1e0069dc                do_bootm_linux
 .text.bootz_setup
                0x1e006a48       0x60 arch/arm/lib/built-in.o
                0x1e006a48                bootz_setup
 .text.boot_prep_vxworks
                0x1e006aa8        0x4 arch/arm/lib/built-in.o
                0x1e006aa8                boot_prep_vxworks
 .text.boot_jump_vxworks
                0x1e006aac       0x14 arch/arm/lib/built-in.o
                0x1e006aac                boot_jump_vxworks
 .text.pl310_background_op_all_ways
                0x1e006ac0       0x44 arch/arm/lib/built-in.o
 .text.v7_outer_cache_inval_all
                0x1e006b04        0xc arch/arm/lib/built-in.o
                0x1e006b04                v7_outer_cache_inval_all
 .text.v7_outer_cache_flush_all
                0x1e006b10        0xc arch/arm/lib/built-in.o
                0x1e006b10                v7_outer_cache_flush_all
 .text.v7_outer_cache_flush_range
                0x1e006b1c       0x30 arch/arm/lib/built-in.o
                0x1e006b1c                v7_outer_cache_flush_range
 .text.v7_outer_cache_inval_range
                0x1e006b4c       0x80 arch/arm/lib/built-in.o
                0x1e006b4c                v7_outer_cache_inval_range
 .text.arch_reserve_stacks
                0x1e006bcc       0x1c arch/arm/lib/built-in.o
                0x1e006bcc                arch_reserve_stacks
 .text.interrupt_init
                0x1e006be8       0x1c arch/arm/lib/built-in.o
                0x1e006be8                interrupt_init
 .text.enable_interrupts
                0x1e006c04        0x4 arch/arm/lib/built-in.o
                0x1e006c04                enable_interrupts
 .text.disable_interrupts
                0x1e006c08        0x8 arch/arm/lib/built-in.o
                0x1e006c08                disable_interrupts
 .text.bad_mode
                0x1e006c10       0x10 arch/arm/lib/built-in.o
                0x1e006c10                bad_mode
 .text.show_regs
                0x1e006c20      0x174 arch/arm/lib/built-in.o
                0x1e006c20                show_regs
 .text.do_undefined_instruction
                0x1e006d94       0x20 arch/arm/lib/built-in.o
                0x1e006d94                do_undefined_instruction
 .text.do_software_interrupt
                0x1e006db4       0x20 arch/arm/lib/built-in.o
                0x1e006db4                do_software_interrupt
 .text.do_prefetch_abort
                0x1e006dd4       0x20 arch/arm/lib/built-in.o
                0x1e006dd4                do_prefetch_abort
 .text.do_data_abort
                0x1e006df4       0x20 arch/arm/lib/built-in.o
                0x1e006df4                do_data_abort
 .text.do_not_used
                0x1e006e14       0x20 arch/arm/lib/built-in.o
                0x1e006e14                do_not_used
 .text.do_fiq   0x1e006e34       0x20 arch/arm/lib/built-in.o
                0x1e006e34                do_fiq
 .text.do_irq   0x1e006e54       0x20 arch/arm/lib/built-in.o
                0x1e006e54                do_irq
 .text.reset_misc
                0x1e006e74        0x4 arch/arm/lib/built-in.o
                0x1e006e74                reset_misc
 .text.do_reset
                0x1e006e78       0x30 arch/arm/lib/built-in.o
                0x1e006e78                do_reset
 .text.flush_cache
                0x1e006ea8        0x8 arch/arm/lib/built-in.o
                0x1e006ea8                flush_cache
 .text.cp_delay
                0x1e006eb0       0x30 arch/arm/lib/built-in.o
 .text.arm_init_domains
                0x1e006ee0        0x4 arch/arm/lib/built-in.o
                0x1e006ee0                arm_init_domains
 .text.set_section_dcache
                0x1e006ee4       0x14 arch/arm/lib/built-in.o
                0x1e006ee4                set_section_dcache
 .text.dram_bank_mmu_setup
                0x1e006ef8       0x4c arch/arm/lib/built-in.o
                0x1e006ef8                dram_bank_mmu_setup
 .text.icache_enable
                0x1e006f44       0x18 arch/arm/lib/built-in.o
                0x1e006f44                icache_enable
 .text.icache_disable
                0x1e006f5c       0x20 arch/arm/lib/built-in.o
                0x1e006f5c                icache_disable
 .text.dcache_enable
                0x1e006f7c       0x6c arch/arm/lib/built-in.o
                0x1e006f7c                dcache_enable
 .text.dcache_disable
                0x1e006fe8       0x2c arch/arm/lib/built-in.o
                0x1e006fe8                dcache_disable
 .text.dcache_status
                0x1e007014        0xc arch/arm/lib/built-in.o
                0x1e007014                dcache_status
 .text.board_init
                0x1e007020       0x2c board/broadcom/bcmkt2/built-in.o
                0x1e007020                board_init
 .text.dram_init
                0x1e00704c       0x2c board/broadcom/bcmkt2/built-in.o
                0x1e00704c                dram_init
 .text.board_early_init_f
                0x1e007078       0x14 board/broadcom/bcmkt2/built-in.o
                0x1e007078                board_early_init_f
 .text.board_late_init
                0x1e00708c       0x30 board/broadcom/bcmkt2/built-in.o
                0x1e00708c                board_late_init
 .text.board_eth_init
                0x1e0070bc       0x24 board/broadcom/bcmkt2/built-in.o
                0x1e0070bc                board_eth_init
 .text.arch_setup_gd
                0x1e0070e0        0x8 common/built-in.o
                0x1e0070e0                arch_setup_gd
 .text.board_init_f_mem
                0x1e0070e8       0x2c common/built-in.o
                0x1e0070e8                board_init_f_mem
 .text.show_boot_progress
                0x1e007114        0x4 common/built-in.o
                0x1e007114                show_boot_progress
 .text.main_loop
                0x1e007118       0x34 common/built-in.o
                0x1e007118                main_loop
 .text.dummy    0x1e00714c        0x4 common/built-in.o
 .text.get_version
                0x1e007150        0x8 common/built-in.o
                0x1e007150                get_version
 .text.jumptable_init
                0x1e007158      0x1e0 common/built-in.o
                0x1e007158                jumptable_init
 .text.hash_finish_crc32
                0x1e007338       0x30 common/built-in.o
 .text.hash_update_crc32
                0x1e007368       0x24 common/built-in.o
 .text.hash_init_crc32
                0x1e00738c       0x24 common/built-in.o
 .text.hash_finish_sha256
                0x1e0073b0       0x38 common/built-in.o
 .text.hash_update_sha256
                0x1e0073e8       0x1c common/built-in.o
 .text.hash_init_sha256
                0x1e007404       0x24 common/built-in.o
 .text.hash_finish_sha1
                0x1e007428       0x38 common/built-in.o
 .text.hash_update_sha1
                0x1e007460       0x1c common/built-in.o
 .text.hash_init_sha1
                0x1e00747c       0x24 common/built-in.o
 .text.hash_lookup_algo
                0x1e0074a0       0x58 common/built-in.o
                0x1e0074a0                hash_lookup_algo
 .text.hash_parse_string
                0x1e0074f8       0x64 common/built-in.o
                0x1e0074f8                hash_parse_string
 .text.hash_show
                0x1e00755c       0x58 common/built-in.o
                0x1e00755c                hash_show
 .text.hash_command
                0x1e0075b4      0x2c4 common/built-in.o
                0x1e0075b4                hash_command
 .text.b_reset  0x1e007878       0x1c common/built-in.o
 .text.static_get
                0x1e007894       0x1c common/built-in.o
 .text.static_peek
                0x1e0078b0        0xc common/built-in.o
 .text.file_peek
                0x1e0078bc        0xc common/built-in.o
 .text.mapset   0x1e0078c8       0x24 common/built-in.o
 .text.syntax_err
                0x1e0078ec        0xc common/built-in.o
 .text.do_showvar
                0x1e0078f8       0xf4 common/built-in.o
 .text.xmalloc  0x1e0079ec       0x20 common/built-in.o
 .text.new_pipe
                0x1e007a0c       0x28 common/built-in.o
 .text.free_pipe_list
                0x1e007a34       0xfc common/built-in.o
 .text.xrealloc
                0x1e007b30       0x20 common/built-in.o
 .text.done_command
                0x1e007b50       0x8c common/built-in.o
 .text.done_pipe
                0x1e007bdc       0x48 common/built-in.o
 .text.done_word
                0x1e007c24      0x2f0 common/built-in.o
 .text.is_assignment
                0x1e007f14       0x54 common/built-in.o
 .text.file_get
                0x1e007f68      0x1d0 common/built-in.o
 .text.b_addchr
                0x1e008138       0x80 common/built-in.o
 .text.b_addqchr
                0x1e0081b8       0x50 common/built-in.o
 .text.get_local_var
                0x1e008208       0x98 common/built-in.o
                0x1e008208                get_local_var
 .text.set_local_var
                0x1e0082a0      0x1d0 common/built-in.o
                0x1e0082a0                set_local_var
 .text.insert_var_value_sub
                0x1e008470      0x2b0 common/built-in.o
 .text.parse_string_outer
                0x1e008720       0xf8 common/built-in.o
                0x1e008720                parse_string_outer
 .text.run_list_real
                0x1e008818      0x7ec common/built-in.o
 .text.parse_stream_outer
                0x1e009004      0x6fc common/built-in.o
 .text.parse_file_outer
                0x1e009700       0x44 common/built-in.o
                0x1e009700                parse_file_outer
 .text.u_boot_hush_start
                0x1e009744       0x54 common/built-in.o
                0x1e009744                u_boot_hush_start
 .text.bootdelay_process
                0x1e009798       0x50 common/built-in.o
                0x1e009798                bootdelay_process
 .text.autoboot_command
                0x1e0097e8       0xd8 common/built-in.o
                0x1e0097e8                autoboot_command
 .text.print_cpuinfo
                0x1e0098c0        0x8 common/built-in.o
 .text.display_text_info
                0x1e0098c8        0x8 common/built-in.o
 .text.setup_mon_len
                0x1e0098d0       0x20 common/built-in.o
 .text.arch_cpu_init
                0x1e0098f0        0x8 common/built-in.o
                0x1e0098f0                arch_cpu_init
 .text.reserve_round_4k
                0x1e0098f8       0x18 common/built-in.o
 .text.reserve_mmu
                0x1e009910       0x38 common/built-in.o
 .text.reserve_trace
                0x1e009948        0x8 common/built-in.o
 .text.reserve_uboot
                0x1e009950       0x30 common/built-in.o
 .text.reserve_malloc
                0x1e009980       0x14 common/built-in.o
 .text.setup_machine
                0x1e009994       0x14 common/built-in.o
 .text.reserve_global_data
                0x1e0099a8       0x1c common/built-in.o
 .text.reserve_fdt
                0x1e0099c4       0x4c common/built-in.o
 .text.display_new_sp
                0x1e009a10        0x8 common/built-in.o
 .text.initf_console_record
                0x1e009a18        0x8 common/built-in.o
 .text.initf_dm
                0x1e009a20        0x8 common/built-in.o
 .text.reserve_arch
                0x1e009a28        0x8 common/built-in.o
                0x1e009a28                reserve_arch
 .text.arch_cpu_init_dm
                0x1e009a30        0x8 common/built-in.o
                0x1e009a30                arch_cpu_init_dm
 .text.announce_dram_init
                0x1e009a38       0x18 common/built-in.o
 .text.init_func_i2c
                0x1e009a50       0x28 common/built-in.o
 .text.mark_bootstage
                0x1e009a78       0x14 common/built-in.o
 .text.setup_reloc
                0x1e009a8c       0x34 common/built-in.o
 .text.reloc_fdt
                0x1e009ac0       0x3c common/built-in.o
 .text.reserve_board
                0x1e009afc       0x38 common/built-in.o
 .text.init_baud_rate
                0x1e009b34       0x38 common/built-in.o
 .text.coloured_LED_init
                0x1e009b6c        0x4 common/built-in.o
                0x1e009b6c                coloured_LED_init
 .text.red_led_on
                0x1e009b70        0x4 common/built-in.o
                0x1e009b70                red_led_on
 .text.board_add_ram_info
                0x1e009b74        0x4 common/built-in.o
                0x1e009b74                board_add_ram_info
 .text.show_dram_config
                0x1e009b78       0x38 common/built-in.o
 .text.dram_init_banksize
                0x1e009bb0       0x20 common/built-in.o
                0x1e009bb0                dram_init_banksize
 .text.setup_dram_config
                0x1e009bd0       0x10 common/built-in.o
 .text.board_get_usable_ram_top
                0x1e009be0       0x14 common/built-in.o
                0x1e009be0                board_get_usable_ram_top
 .text.board_reserve_ram_top
                0x1e009bf4        0x4 common/built-in.o
                0x1e009bf4                board_reserve_ram_top
 .text.setup_dest_addr
                0x1e009bf8       0x50 common/built-in.o
 .text.reserve_stacks
                0x1e009c48       0x1c common/built-in.o
 .text.board_init_f
                0x1e009c64       0x28 common/built-in.o
                0x1e009c64                board_init_f
 .text.bootstage_relocate
                0x1e009c8c        0x8 common/built-in.o
 .text.initr_trace
                0x1e009c94        0x8 common/built-in.o
 .text.initr_reloc
                0x1e009c9c       0x18 common/built-in.o
 .text.initr_reloc_global_data
                0x1e009cb4       0x28 common/built-in.o
 .text.initr_barrier
                0x1e009cdc        0x8 common/built-in.o
 .text.initr_console_record
                0x1e009ce4        0x8 common/built-in.o
 .text.power_init_board
                0x1e009cec        0x8 common/built-in.o
                0x1e009cec                power_init_board
 .text.initr_announce
                0x1e009cf4        0x8 common/built-in.o
 .text.run_main_loop
                0x1e009cfc        0xc common/built-in.o
 .text.initr_net
                0x1e009d08       0x1c common/built-in.o
 .text.initr_ethaddr
                0x1e009d24       0x20 common/built-in.o
 .text.initr_enable_interrupts
                0x1e009d44       0x10 common/built-in.o
 .text.initr_jumptable
                0x1e009d54       0x10 common/built-in.o
 .text.initr_pci
                0x1e009d64       0x10 common/built-in.o
 .text.initr_env
                0x1e009d74       0x30 common/built-in.o
 .text.initr_nand
                0x1e009da4       0x1c common/built-in.o
 .text.initr_serial
                0x1e009dc0       0x10 common/built-in.o
 .text.initr_bootstage
                0x1e009dd0       0x14 common/built-in.o
 .text.initr_malloc
                0x1e009de4       0x1c common/built-in.o
 .text.initr_caches
                0x1e009e00       0x10 common/built-in.o
 .text.cpu_secondary_init_r
                0x1e009e10        0x4 common/built-in.o
                0x1e009e10                cpu_secondary_init_r
 .text.initr_secondary_cpu
                0x1e009e14       0x10 common/built-in.o
 .text.board_init_r
                0x1e009e24       0x14 common/built-in.o
                0x1e009e24                board_init_r
 .text.do_go_exec
                0x1e009e38       0x18 common/built-in.o
                0x1e009e38                do_go_exec
 .text.do_go    0x1e009e50       0x70 common/built-in.o
 .text.image_info
                0x1e009ec0       0xc4 common/built-in.o
 .text.do_bootd
                0x1e009f84       0x20 common/built-in.o
                0x1e009f84                do_bootd
 .text.do_bootm
                0x1e009fa4      0x104 common/built-in.o
                0x1e009fa4                do_bootm
 .text.do_iminfo
                0x1e00a0a8       0x60 common/built-in.o
 .text.bootm_maybe_autostart
                0x1e00a108       0x74 common/built-in.o
                0x1e00a108                bootm_maybe_autostart
 .text.do_bootz
                0x1e00a17c       0xf8 common/built-in.o
                0x1e00a17c                do_bootz
 .text.bootm_find_images
                0x1e00a274       0x48 common/built-in.o
                0x1e00a274                bootm_find_images
 .text.bootm_decomp_image
                0x1e00a2bc      0x190 common/built-in.o
                0x1e00a2bc                bootm_decomp_image
 .text.bootm_disable_interrupts
                0x1e00a44c       0x18 common/built-in.o
                0x1e00a44c                bootm_disable_interrupts
 .text.do_bootm_states
                0x1e00a464      0x790 common/built-in.o
                0x1e00a464                do_bootm_states
 .text.copy_args
                0x1e00abf4       0x4c common/built-in.o
 .text.do_bootm_rtems
                0x1e00ac40       0x40 common/built-in.o
 .text.do_bootm_plan9
                0x1e00ac80       0xa4 common/built-in.o
 .text.do_bootm_standalone
                0x1e00ad24       0x64 common/built-in.o
 .text.do_bootm_qnxelf
                0x1e00ad88       0x5c common/built-in.o
 .text.do_bootm_netbsd
                0x1e00ade4       0xf8 common/built-in.o
 .text.do_bootvx_fdt
                0x1e00aedc       0x3c common/built-in.o
                0x1e00aedc                do_bootvx_fdt
 .text.do_bootm_vxworks
                0x1e00af18       0x24 common/built-in.o
 .text.arch_preboot_os
                0x1e00af3c        0x4 common/built-in.o
                0x1e00af3c                arch_preboot_os
 .text.boot_selected_os
                0x1e00af40       0x5c common/built-in.o
                0x1e00af40                boot_selected_os
 .text.bootm_os_get_boot_func
                0x1e00af9c       0x10 common/built-in.o
                0x1e00af9c                bootm_os_get_boot_func
 .text.do_help  0x1e00afac       0x44 common/built-in.o
 .text.do_version
                0x1e00aff0       0x38 common/built-in.o
 .text.regex_callback
                0x1e00b028      0x138 common/built-in.o
 .text.env_attr_walk
                0x1e00b160      0x128 common/built-in.o
                0x1e00b160                env_attr_walk
 .text.env_attr_lookup
                0x1e00b288       0x84 common/built-in.o
                0x1e00b288                env_attr_lookup
 .text.clear_callback
                0x1e00b30c       0x10 common/built-in.o
 .text.on_callbacks
                0x1e00b31c       0x50 common/built-in.o
 .text.set_callback
                0x1e00b36c       0xdc common/built-in.o
 .text.env_callback_init
                0x1e00b448      0x114 common/built-in.o
                0x1e00b448                env_callback_init
 .text.skip_num
                0x1e00b55c       0x88 common/built-in.o
 .text.clear_flags
                0x1e00b5e4       0x10 common/built-in.o
 .text.on_flags
                0x1e00b5f4       0x50 common/built-in.o
 .text.env_flags_parse_vartype
                0x1e00b644       0x50 common/built-in.o
                0x1e00b644                env_flags_parse_vartype
 .text.env_flags_parse_varaccess
                0x1e00b694       0x58 common/built-in.o
                0x1e00b694                env_flags_parse_varaccess
 .text.set_flags
                0x1e00b6ec       0xb0 common/built-in.o
 .text.eth_validate_ethaddr_str
                0x1e00b79c       0x90 common/built-in.o
                0x1e00b79c                eth_validate_ethaddr_str
 .text.env_flags_init
                0x1e00b82c       0xd4 common/built-in.o
                0x1e00b82c                env_flags_init
 .text.env_flags_validate
                0x1e00b900      0x294 common/built-in.o
                0x1e00b900                env_flags_validate
 .text.saveenv  0x1e00bb94       0xd8 common/built-in.o
                0x1e00bb94                saveenv
 .text.env_relocate_spec
                0x1e00bc6c       0xd0 common/built-in.o
                0x1e00bc6c                env_relocate_spec
 .text.env_init
                0x1e00bd3c       0x1c common/built-in.o
                0x1e00bd3c                env_init
 .text.source   0x1e00bd58       0xe0 common/built-in.o
                0x1e00bd58                source
 .text.do_source
                0x1e00be38       0x48 common/built-in.o
 .text.print_num
                0x1e00be80       0x18 common/built-in.o
 .text.do_bdinfo
                0x1e00be98      0x17c common/built-in.o
 .text.do_coninfo
                0x1e00c014       0xac common/built-in.o
 .text.do_echo  0x1e00c0c0       0xb0 common/built-in.o
 .text.load_elf_image_shdr
                0x1e00c170       0x8c common/built-in.o
 .text.valid_elf_image
                0x1e00c1fc       0x4c common/built-in.o
                0x1e00c1fc                valid_elf_image
 .text.do_bootvx
                0x1e00c248      0x334 common/built-in.o
                0x1e00c248                do_bootvx
 .text.do_bootelf
                0x1e00c57c      0x1c0 common/built-in.o
                0x1e00c57c                do_bootelf
 .text.do_exit  0x1e00c73c       0x34 common/built-in.o
 .text.do_ext2ls
                0x1e00c770       0x14 common/built-in.o
 .text.do_ext2load
                0x1e00c784       0x14 common/built-in.o
                0x1e00c784                do_ext2load
 .text.do_fat_fswrite
                0x1e00c798      0x108 common/built-in.o
 .text.do_fat_fsinfo
                0x1e00c8a0       0x90 common/built-in.o
 .text.do_fat_ls
                0x1e00c930       0x14 common/built-in.o
 .text.do_fat_fsload
                0x1e00c944       0x14 common/built-in.o
                0x1e00c944                do_fat_fsload
 .text.do_fat_size
                0x1e00c958       0x14 common/built-in.o
                0x1e00c958                do_fat_size
 .text.do_i2c   0x1e00c96c       0x5c common/built-in.o
 .text.do_i2c_reset
                0x1e00c9c8       0x30 common/built-in.o
 .text.do_i2c_probe
                0x1e00c9f8       0xa0 common/built-in.o
 .text.do_i2c_bus_num
                0x1e00ca98       0xb8 common/built-in.o
 .text.do_i2c_bus_speed
                0x1e00cb50       0x74 common/built-in.o
 .text.do_i2c_show_bus
                0x1e00cbc4       0xe0 common/built-in.o
 .text.get_alen.constprop.5
                0x1e00cca4       0x3c common/built-in.o
 .text.do_i2c_crc
                0x1e00cce0      0x120 common/built-in.o
 .text.do_i2c_write
                0x1e00ce00      0x14c common/built-in.o
 .text.do_i2c_mw
                0x1e00cf4c      0x100 common/built-in.o
 .text.do_i2c_read
                0x1e00d04c       0xbc common/built-in.o
 .text.do_i2c_md
                0x1e00d108      0x1e0 common/built-in.o
 .text.mod_i2c_mem.isra.4
                0x1e00d2e8      0x1f4 common/built-in.o
 .text.do_i2c_nm
                0x1e00d4dc        0x8 common/built-in.o
 .text.do_i2c_mm
                0x1e00d4e4        0x8 common/built-in.o
 .text.do_i2c_loop
                0x1e00d4ec       0xe4 common/built-in.o
 .text.i2c_init_board
                0x1e00d5d0        0x4 common/built-in.o
                0x1e00d5d0                i2c_init_board
 .text.do_hash  0x1e00d5d4       0xa0 common/built-in.o
 .text.evalexp  0x1e00d674       0x94 common/built-in.o
 .text.evalstr  0x1e00d708       0x70 common/built-in.o
 .text.binary_test
                0x1e00d778      0x19c common/built-in.o
 .text.do_itest
                0x1e00d914       0x98 common/built-in.o
 .text.bin_data_init
                0x1e00d9ac       0x2c common/built-in.o
 .text.k_data_restore
                0x1e00d9d8       0x4c common/built-in.o
 .text.load_serial_ymodem
                0x1e00da24       0xe0 common/built-in.o
 .text.getcxmodem
                0x1e00db04       0x20 common/built-in.o
 .text.bin_data_char
                0x1e00db24       0x28 common/built-in.o
 .text.chk1.constprop.1
                0x1e00db4c       0x30 common/built-in.o
 .text.s1_sendpacket.constprop.2
                0x1e00db7c       0x50 common/built-in.o
 .text.load_serial
                0x1e00dbcc      0x1f8 common/built-in.o
 .text.do_load_serial
                0x1e00ddc4       0xe0 common/built-in.o
 .text.do_load_serial_bin
                0x1e00dea4      0x804 common/built-in.o
 .text.do_mem_base
                0x1e00e6a8       0x40 common/built-in.o
 .text.do_mem_mtest
                0x1e00e6e8      0x240 common/built-in.o
 .text.do_mem_loop
                0x1e00e928       0xfc common/built-in.o
 .text.do_mem_cmp
                0x1e00ea24      0x16c common/built-in.o
 .text.do_mem_cp
                0x1e00eb90       0xd8 common/built-in.o
 .text.do_mem_mw
                0x1e00ec68       0xc4 common/built-in.o
 .text.do_mem_mwc
                0x1e00ed2c       0x7c common/built-in.o
 .text.do_mem_crc
                0x1e00eda8       0x6c common/built-in.o
 .text.do_mem_md
                0x1e00ee14       0xec common/built-in.o
 .text.do_mem_mdc
                0x1e00ef00       0x7c common/built-in.o
 .text.mod_mem.isra.2
                0x1e00ef7c      0x178 common/built-in.o
 .text.do_mem_nm
                0x1e00f0f4        0x8 common/built-in.o
 .text.do_mem_mm
                0x1e00f0fc        0x8 common/built-in.o
 .text.legacy_miiphy_read
                0x1e00f104       0x30 common/built-in.o
 .text.legacy_miiphy_write
                0x1e00f134       0x24 common/built-in.o
 .text.miiphy_get_dev_by_name
                0x1e00f158       0x5c common/built-in.o
                0x1e00f158                miiphy_get_dev_by_name
 .text.miiphy_init
                0x1e00f1b4       0x24 common/built-in.o
                0x1e00f1b4                miiphy_init
 .text.mdio_alloc
                0x1e00f1d8       0x30 common/built-in.o
                0x1e00f1d8                mdio_alloc
 .text.miiphy_register
                0x1e00f208      0x124 common/built-in.o
                0x1e00f208                miiphy_register
 .text.mdio_list_devices
                0x1e00f32c       0x9c common/built-in.o
                0x1e00f32c                mdio_list_devices
 .text.miiphy_set_current_dev
                0x1e00f3c8       0x40 common/built-in.o
                0x1e00f3c8                miiphy_set_current_dev
 .text.miiphy_get_active_dev
                0x1e00f408       0x54 common/built-in.o
 .text.mdio_get_current_dev
                0x1e00f45c       0x10 common/built-in.o
                0x1e00f45c                mdio_get_current_dev
 .text.mdio_phydev_for_ethname
                0x1e00f46c       0x8c common/built-in.o
                0x1e00f46c                mdio_phydev_for_ethname
 .text.miiphy_get_current_dev
                0x1e00f4f8       0x18 common/built-in.o
                0x1e00f4f8                miiphy_get_current_dev
 .text.miiphy_read
                0x1e00f510       0x4c common/built-in.o
                0x1e00f510                miiphy_read
 .text.miiphy_write
                0x1e00f55c       0x40 common/built-in.o
                0x1e00f55c                miiphy_write
 .text.miiphy_listdev
                0x1e00f59c       0x74 common/built-in.o
                0x1e00f59c                miiphy_listdev
 .text.miiphy_info
                0x1e00f610       0x84 common/built-in.o
                0x1e00f610                miiphy_info
 .text.miiphy_speed
                0x1e00f694       0xa8 common/built-in.o
                0x1e00f694                miiphy_speed
 .text.miiphy_duplex
                0x1e00f73c       0xa8 common/built-in.o
                0x1e00f73c                miiphy_duplex
 .text.miiphy_is_1000base_x
                0x1e00f7e4        0x8 common/built-in.o
                0x1e00f7e4                miiphy_is_1000base_x
 .text.extract_range
                0x1e00f7ec       0xd8 common/built-in.o
 .text.do_mii   0x1e00f8c4      0x8fc common/built-in.o
 .text.do_mdio  0x1e0101c0      0x4c0 common/built-in.o
 .text.do_sleep
                0x1e010680       0x70 common/built-in.o
 .text.part_delall
                0x1e0106f0       0x44 common/built-in.o
 .text.memsize_parse
                0x1e010734       0x80 common/built-in.o
 .text.get_mtd_info
                0x1e0107b4       0x84 common/built-in.o
 .text.part_validate
                0x1e010838      0x380 common/built-in.o
 .text.mtd_part_info
                0x1e010bb8       0x94 common/built-in.o
 .text.memsize_format
                0x1e010c4c       0xa0 common/built-in.o
 .text.index_partitions
                0x1e010cec       0xb4 common/built-in.o
 .text.current_save
                0x1e010da0       0xbc common/built-in.o
 .text.part_sort_add
                0x1e010e5c      0x128 common/built-in.o
 .text.device_del
                0x1e010f84       0x7c common/built-in.o
 .text.generate_mtdparts_save.constprop.7
                0x1e011000      0x2d4 common/built-in.o
 .text.device_delall.constprop.9
                0x1e0112d4       0x64 common/built-in.o
 .text.mtd_devices_init
                0x1e011338       0x2c common/built-in.o
 .text.device_find
                0x1e011364       0x50 common/built-in.o
                0x1e011364                device_find
 .text.device_parse
                0x1e0113b4      0x530 common/built-in.o
 .text.mtd_id_parse
                0x1e0118e4      0x118 common/built-in.o
                0x1e0118e4                mtd_id_parse
 .text.find_dev_and_part
                0x1e0119fc      0x1c0 common/built-in.o
                0x1e0119fc                find_dev_and_part
 .text.mtdparts_init
                0x1e011bbc      0x6b0 common/built-in.o
                0x1e011bbc                mtdparts_init
 .text.do_mtdparts
                0x1e01226c      0x6a0 common/built-in.o
 .text.do_chpart
                0x1e01290c       0xd4 common/built-in.o
 .text.set_dev  0x1e0129e0       0x70 common/built-in.o
 .text.nand_load_image
                0x1e012a50      0x1b0 common/built-in.o
 .text.do_nandboot
                0x1e012c00      0x23c common/built-in.o
 .text.nand_print_and_set_info
                0x1e012e3c       0xec common/built-in.o
 .text.do_nand  0x1e012f28      0xcec common/built-in.o
                0x1e012f28                do_nand
 .text.do_Activeimage
                0x1e013c14      0x314 common/built-in.o
                0x1e013c14                do_Activeimage
 .text.do_Printfimage
                0x1e013f28      0x1c8 common/built-in.o
                0x1e013f28                do_Printfimage
 .text.netboot_common
                0x1e0140f0      0x300 common/built-in.o
 .text.do_nfs   0x1e0143f0        0xc common/built-in.o
 .text.do_dhcp  0x1e0143fc        0xc common/built-in.o
 .text.do_bootp
                0x1e014408        0xc common/built-in.o
 .text.do_tftpput
                0x1e014414        0xc common/built-in.o
                0x1e014414                do_tftpput
 .text.do_tftpb
                0x1e014420       0x40 common/built-in.o
                0x1e014420                do_tftpb
 .text.do_ping  0x1e014460       0x74 common/built-in.o
 .text.pci_cfg_write
                0x1e0144d4       0x3c common/built-in.o
 .text.pci_read_config
                0x1e014510       0x48 common/built-in.o
 .text.pci_cfg_modify.isra.1
                0x1e014558      0x108 common/built-in.o
 .text.pci_show_regs
                0x1e014660       0x7c common/built-in.o
 .text.pci_header_show
                0x1e0146dc       0xc8 common/built-in.o
                0x1e0146dc                pci_header_show
 .text.pciinfo_header
                0x1e0147a4       0x40 common/built-in.o
                0x1e0147a4                pciinfo_header
 .text.pci_header_show_brief
                0x1e0147e4       0x80 common/built-in.o
                0x1e0147e4                pci_header_show_brief
 .text.pciinfo  0x1e014864      0x14c common/built-in.o
                0x1e014864                pciinfo
 .text.do_pci   0x1e0149b0      0x3c0 common/built-in.o
 .text.bytes_per_second
                0x1e014d70       0x50 common/built-in.o
 .text.do_spi_flash
                0x1e014dc0      0x890 common/built-in.o
                0x1e014dc0                do_spi_flash
 .text.do_time  0x1e015650       0xd4 common/built-in.o
 .text.do_false
                0x1e015724        0x8 common/built-in.o
 .text.do_true  0x1e01572c        0x8 common/built-in.o
 .text.do_test  0x1e015734      0x354 common/built-in.o
 .text.ubi_find_volume
                0x1e015a88       0x74 common/built-in.o
 .text.ubi_volume_continue_write
                0x1e015afc       0xa0 common/built-in.o
 .text.ubi_volume_begin_write
                0x1e015b9c       0xa0 common/built-in.o
                0x1e015b9c                ubi_volume_begin_write
 .text.ubi_volume_write
                0x1e015c3c        0x8 common/built-in.o
                0x1e015c3c                ubi_volume_write
 .text.ubi_volume_read
                0x1e015c44      0x1fc common/built-in.o
                0x1e015c44                ubi_volume_read
 .text.ubi_part
                0x1e015e40      0x260 common/built-in.o
                0x1e015e40                ubi_part
 .text.do_ubi   0x1e0160a0      0x890 common/built-in.o
 .text.do_ubifs_load
                0x1e016930       0xc4 common/built-in.o
 .text.do_ubifs_ls
                0x1e0169f4       0x64 common/built-in.o
 .text.do_ubifs_mount
                0x1e016a58       0x5c common/built-in.o
 .text.ubifs_is_mounted
                0x1e016ab4       0x10 common/built-in.o
                0x1e016ab4                ubifs_is_mounted
 .text.cmd_ubifs_umount
                0x1e016ac4       0x28 common/built-in.o
                0x1e016ac4                cmd_ubifs_umount
 .text.do_ubifs_umount
                0x1e016aec       0x44 common/built-in.o
 .text.usb_get_class_desc
                0x1e016b30       0xc4 common/built-in.o
 .text.do_usbboot
                0x1e016bf4        0xc common/built-in.o
 .text.usb_display_class_sub
                0x1e016c00      0x188 common/built-in.o
 .text.usb_find_device
                0x1e016d88       0x3c common/built-in.o
 .text.usb_show_tree_graph
                0x1e016dc4      0x228 common/built-in.o
 .text.usb_display_string
                0x1e016fec       0x44 common/built-in.o
 .text.usb_display_config
                0x1e017030      0x240 common/built-in.o
 .text.do_usb_start
                0x1e017270       0x30 common/built-in.o
 .text.usb_display_desc.part.3
                0x1e0172a0      0x120 common/built-in.o
 .text.usb_show_tree
                0x1e0173c0       0x54 common/built-in.o
                0x1e0173c0                usb_show_tree
 .text.do_usb   0x1e017414      0x738 common/built-in.o
 .text.usb_set_maxpacket_ep
                0x1e017b4c       0x68 common/built-in.o
 .text.usb_stop
                0x1e017bb4       0x5c common/built-in.o
                0x1e017bb4                usb_stop
 .text.usb_disable_asynch
                0x1e017c10       0x20 common/built-in.o
                0x1e017c10                usb_disable_asynch
 .text.usb_control_msg
                0x1e017c30       0xcc common/built-in.o
                0x1e017c30                usb_control_msg
 .text.usb_get_descriptor
                0x1e017cfc       0x50 common/built-in.o
 .text.get_descriptor_len
                0x1e017d4c       0x90 common/built-in.o
 .text.usb_get_string
                0x1e017ddc       0x6c common/built-in.o
 .text.usb_string_sub
                0x1e017e48      0x10c common/built-in.o
 .text.usb_bulk_msg
                0x1e017f54       0x7c common/built-in.o
                0x1e017f54                usb_bulk_msg
 .text.usb_maxpacket
                0x1e017fd0       0x1c common/built-in.o
                0x1e017fd0                usb_maxpacket
 .text.usb_clear_halt
                0x1e017fec       0xa0 common/built-in.o
                0x1e017fec                usb_clear_halt
 .text.usb_get_configuration_len
                0x1e01808c       0x78 common/built-in.o
                0x1e01808c                usb_get_configuration_len
 .text.usb_get_configuration_no
                0x1e018104       0x30 common/built-in.o
                0x1e018104                usb_get_configuration_no
 .text.usb_set_interface
                0x1e018134       0xbc common/built-in.o
                0x1e018134                usb_set_interface
 .text.usb_string
                0x1e0181f0      0x10c common/built-in.o
                0x1e0181f0                usb_string
 .text.usb_get_dev_index
                0x1e0182fc       0x24 common/built-in.o
                0x1e0182fc                usb_get_dev_index
 .text.usb_alloc_new_device
                0x1e018320       0x94 common/built-in.o
                0x1e018320                usb_alloc_new_device
 .text.usb_free_device
                0x1e0183b4       0x48 common/built-in.o
                0x1e0183b4                usb_free_device
 .text.usb_alloc_device
                0x1e0183fc        0x8 common/built-in.o
                0x1e0183fc                usb_alloc_device
 .text.usb_select_config
                0x1e018404      0x468 common/built-in.o
                0x1e018404                usb_select_config
 .text.usb_setup_device
                0x1e01886c      0x1b4 common/built-in.o
                0x1e01886c                usb_setup_device
 .text.usb_new_device
                0x1e018a20       0x30 common/built-in.o
                0x1e018a20                usb_new_device
 .text.usb_init
                0x1e018a50      0x150 common/built-in.o
                0x1e018a50                usb_init
 .text.usb_device_has_child_on_port
                0x1e018ba0       0x14 common/built-in.o
                0x1e018ba0                usb_device_has_child_on_port
 .text.usb_find_usb2_hub_address_port
                0x1e018bb4       0x5c common/built-in.o
                0x1e018bb4                usb_find_usb2_hub_address_port
 .text.usb_get_hub_descriptor
                0x1e018c10       0x4c common/built-in.o
 .text.usb_set_port_feature
                0x1e018c5c       0x4c common/built-in.o
 .text.usb_clear_port_feature
                0x1e018ca8       0x4c common/built-in.o
 .text.usb_hub_power_on
                0x1e018cf4       0x6c common/built-in.o
 .text.usb_hub_reset_devices
                0x1e018d60        0x4 common/built-in.o
                0x1e018d60                usb_hub_reset_devices
 .text.usb_get_port_status
                0x1e018d64       0x4c common/built-in.o
                0x1e018d64                usb_get_port_status
 .text.usb_hub_reset
                0x1e018db0       0x14 common/built-in.o
                0x1e018db0                usb_hub_reset
 .text.legacy_hub_port_reset
                0x1e018dc4       0xa8 common/built-in.o
                0x1e018dc4                legacy_hub_port_reset
 .text.usb_hub_port_connect_change
                0x1e018e6c      0x170 common/built-in.o
                0x1e018e6c                usb_hub_port_connect_change
 .text.usb_hub_configure
                0x1e018fdc      0x310 common/built-in.o
 .text.usb_hub_probe
                0x1e0192ec       0x58 common/built-in.o
                0x1e0192ec                usb_hub_probe
 .text.usb_stor_irq
                0x1e019344       0x1c common/built-in.o
 .text.usb_stor_BBB_clear_endpt_stall
                0x1e019360       0x44 common/built-in.o
 .text.usb_stor_BBB_reset
                0x1e0193a4       0xd0 common/built-in.o
 .text.usb_stor_CB_reset
                0x1e019474       0xcc common/built-in.o
 .text.usb_stor_BBB_transport
                0x1e019540      0x260 common/built-in.o
 .text.usb_stor_CB_comdat
                0x1e0197a0      0x1f0 common/built-in.o
 .text.usb_stor_CBI_get_status.isra.0
                0x1e019990       0xc8 common/built-in.o
 .text.usb_stor_CB_transport
                0x1e019a58      0x224 common/built-in.o
 .text.usb_request_sense.constprop.7
                0x1e019c7c       0x70 common/built-in.o
 .text.usb_stor_read
                0x1e019cec      0x17c common/built-in.o
                0x1e019cec                usb_stor_read
 .text.usb_stor_write
                0x1e019e68      0x17c common/built-in.o
                0x1e019e68                usb_stor_write
 .text.usb_stor_get_dev
                0x1e019fe4       0x28 common/built-in.o
                0x1e019fe4                usb_stor_get_dev
 .text.usb_stor_info
                0x1e01a00c       0x78 common/built-in.o
                0x1e01a00c                usb_stor_info
 .text.usb_storage_probe
                0x1e01a084      0x20c common/built-in.o
                0x1e01a084                usb_storage_probe
 .text.usb_stor_get_info
                0x1e01a290      0x330 common/built-in.o
                0x1e01a290                usb_stor_get_info
 .text.usb_stor_scan
                0x1e01a5c0      0x208 common/built-in.o
                0x1e01a5c0                usb_stor_scan
 .text.do_imgextract
                0x1e01a7c8      0x280 common/built-in.o
 .text.do_env_delete
                0x1e01aa48       0xa8 common/built-in.o
 .text.do_env_exists
                0x1e01aaf0       0x64 common/built-in.o
 .text.env_print
                0x1e01ab54       0xc8 common/built-in.o
 .text.do_env_print
                0x1e01ac1c       0xc4 common/built-in.o
 .text.do_env   0x1e01ace0       0x5c common/built-in.o
 .text.do_env_import
                0x1e01ad3c      0x2a0 common/built-in.o
 .text.do_env_default
                0x1e01afdc       0xb4 common/built-in.o
 .text.do_env_save
                0x1e01b090       0x2c common/built-in.o
 .text._do_env_set.isra.1
                0x1e01b0bc      0x1d8 common/built-in.o
 .text.do_env_set
                0x1e01b294       0x20 common/built-in.o
 .text.get_env_id
                0x1e01b2b4       0x10 common/built-in.o
                0x1e01b2b4                get_env_id
 .text.setenv   0x1e01b2c4       0x64 common/built-in.o
                0x1e01b2c4                setenv
 .text.setenv_ulong
                0x1e01b328       0x20 common/built-in.o
                0x1e01b328                setenv_ulong
 .text.setenv_hex
                0x1e01b348       0x34 common/built-in.o
                0x1e01b348                setenv_hex
 .text.do_env_export
                0x1e01b37c      0x268 common/built-in.o
 .text.envmatch
                0x1e01b5e4       0x6c common/built-in.o
                0x1e01b5e4                envmatch
 .text.getenv_f
                0x1e01b650       0xcc common/built-in.o
                0x1e01b650                getenv_f
 .text.getenv   0x1e01b71c       0x78 common/built-in.o
                0x1e01b71c                getenv
 .text.do_env_edit.part.3
                0x1e01b794       0xa8 common/built-in.o
 .text.do_env_edit
                0x1e01b83c       0x2c common/built-in.o
 .text.getenv_ulong
                0x1e01b868       0x30 common/built-in.o
                0x1e01b868                getenv_ulong
 .text.env_get_char_spec
                0x1e01b898        0xc common/built-in.o
                0x1e01b898                env_get_char_spec
 .text.env_get_addr
                0x1e01b8a4       0x20 common/built-in.o
                0x1e01b8a4                env_get_addr
 .text.env_get_char_memory
                0x1e01b8c4       0x10 common/built-in.o
                0x1e01b8c4                env_get_char_memory
 .text.env_get_char
                0x1e01b8d4       0x30 common/built-in.o
                0x1e01b8d4                env_get_char
 .text.getenv_yesno
                0x1e01b904       0x50 common/built-in.o
                0x1e01b904                getenv_yesno
 .text.getenv_default
                0x1e01b954       0x30 common/built-in.o
                0x1e01b954                getenv_default
 .text.set_default_env
                0x1e01b984       0xbc common/built-in.o
                0x1e01b984                set_default_env
 .text.set_default_vars
                0x1e01ba40       0x3c common/built-in.o
                0x1e01ba40                set_default_vars
 .text.env_import
                0x1e01ba7c       0xdc common/built-in.o
                0x1e01ba7c                env_import
 .text.env_export
                0x1e01bb58       0xa0 common/built-in.o
                0x1e01bb58                env_export
 .text.env_relocate
                0x1e01bbf8       0x30 common/built-in.o
                0x1e01bbf8                env_relocate
 .text.env_complete
                0x1e01bc28       0xd4 common/built-in.o
                0x1e01bc28                env_complete
 .text.console_setfile
                0x1e01bcfc       0xbc common/built-in.o
 .text.puts     0x1e01bdb8       0x40 common/built-in.o
                0x1e01bdb8                puts
 .text.fgetc    0x1e01bdf8       0x2c common/built-in.o
                0x1e01bdf8                fgetc
 .text.getc     0x1e01be24       0x24 common/built-in.o
                0x1e01be24                getc
 .text.ftstc    0x1e01be48       0x2c common/built-in.o
                0x1e01be48                ftstc
 .text.tstc     0x1e01be74       0x24 common/built-in.o
                0x1e01be74                tstc
 .text.fputc    0x1e01be98       0x24 common/built-in.o
                0x1e01be98                fputc
 .text.putc     0x1e01bebc       0x28 common/built-in.o
                0x1e01bebc                putc
 .text.ctrlc    0x1e01bee4       0x58 common/built-in.o
                0x1e01bee4                ctrlc
 .text.confirm_yesno
                0x1e01bf3c       0xd0 common/built-in.o
                0x1e01bf3c                confirm_yesno
 .text.had_ctrlc
                0x1e01c00c       0x10 common/built-in.o
                0x1e01c00c                had_ctrlc
 .text.clear_ctrlc
                0x1e01c01c       0x14 common/built-in.o
                0x1e01c01c                clear_ctrlc
 .text.search_device
                0x1e01c030       0x30 common/built-in.o
                0x1e01c030                search_device
 .text.console_assign
                0x1e01c060       0x48 common/built-in.o
                0x1e01c060                console_assign
 .text.on_console
                0x1e01c0a8       0xc4 common/built-in.o
 .text.console_init_f
                0x1e01c16c       0x10 common/built-in.o
                0x1e01c16c                console_init_f
 .text.stdio_print_current_devices
                0x1e01c17c       0xb8 common/built-in.o
                0x1e01c17c                stdio_print_current_devices
 .text.console_init_r
                0x1e01c234       0xd4 common/built-in.o
                0x1e01c234                console_init_r
 .text.sbrk     0x1e01c308       0x70 common/built-in.o
                0x1e01c308                sbrk
 .text.mem_malloc_init
                0x1e01c378       0x34 common/built-in.o
                0x1e01c378                mem_malloc_init
 .text.malloc_trim
                0x1e01c3ac       0xcc common/built-in.o
                0x1e01c3ac                malloc_trim
 .text.free     0x1e01c478      0x228 common/built-in.o
                0x1e01c478                free
 .text.malloc   0x1e01c6a0      0x608 common/built-in.o
                0x1e01c6a0                malloc
 .text.calloc   0x1e01cca8       0xd8 common/built-in.o
                0x1e01cca8                calloc
 .text.memalign
                0x1e01cd80      0x10c common/built-in.o
                0x1e01cd80                memalign
 .text.realloc  0x1e01ce8c      0x414 common/built-in.o
                0x1e01ce8c                realloc
 .text.initf_malloc
                0x1e01d2a0        0x8 common/built-in.o
                0x1e01d2a0                initf_malloc
 .text.on_loadaddr
                0x1e01d2a8       0x38 common/built-in.o
 .text.image_check_hcrc
                0x1e01d2e0       0x4c common/built-in.o
                0x1e01d2e0                image_check_hcrc
 .text.image_check_dcrc
                0x1e01d32c       0x38 common/built-in.o
                0x1e01d32c                image_check_dcrc
 .text.image_multi_count
                0x1e01d364       0x20 common/built-in.o
                0x1e01d364                image_multi_count
 .text.image_multi_getimg
                0x1e01d384       0x80 common/built-in.o
                0x1e01d384                image_multi_getimg
 .text.getenv_bootm_low
                0x1e01d404       0x30 common/built-in.o
                0x1e01d404                getenv_bootm_low
 .text.getenv_bootm_size
                0x1e01d434       0x60 common/built-in.o
                0x1e01d434                getenv_bootm_size
 .text.memmove_wd
                0x1e01d494        0xc common/built-in.o
                0x1e01d494                memmove_wd
 .text.genimg_print_size
                0x1e01d4a0       0x30 common/built-in.o
                0x1e01d4a0                genimg_print_size
 .text.get_table_entry
                0x1e01d4d0       0x24 common/built-in.o
                0x1e01d4d0                get_table_entry
 .text.get_table_entry_name
                0x1e01d4f4       0x20 common/built-in.o
                0x1e01d4f4                get_table_entry_name
 .text.genimg_get_os_name
                0x1e01d514       0x18 common/built-in.o
                0x1e01d514                genimg_get_os_name
 .text.genimg_get_arch_name
                0x1e01d52c       0x18 common/built-in.o
                0x1e01d52c                genimg_get_arch_name
 .text.genimg_get_type_name
                0x1e01d544       0x18 common/built-in.o
                0x1e01d544                genimg_get_type_name
 .text.genimg_get_comp_name
                0x1e01d55c       0x18 common/built-in.o
                0x1e01d55c                genimg_get_comp_name
 .text.image_print_contents
                0x1e01d574      0x170 common/built-in.o
                0x1e01d574                image_print_contents
 .text.genimg_get_kernel_addr_fit
                0x1e01d6e4       0x24 common/built-in.o
                0x1e01d6e4                genimg_get_kernel_addr_fit
 .text.genimg_get_format
                0x1e01d708       0x20 common/built-in.o
                0x1e01d708                genimg_get_format
 .text.genimg_get_image
                0x1e01d728        0x4 common/built-in.o
                0x1e01d728                genimg_get_image
 .text.boot_get_ramdisk
                0x1e01d72c      0x240 common/built-in.o
                0x1e01d72c                boot_get_ramdisk
 .text.boot_ramdisk_high
                0x1e01d96c      0x140 common/built-in.o
                0x1e01d96c                boot_ramdisk_high
 .text.boot_get_setup
                0x1e01daac        0x8 common/built-in.o
                0x1e01daac                boot_get_setup
 .text.get_effective_memsize
                0x1e01dab4        0x8 common/built-in.o
                0x1e01dab4                get_effective_memsize
 .text.stdio_serial_tstc
                0x1e01dabc        0x4 common/built-in.o
 .text.stdio_serial_getc
                0x1e01dac0        0x4 common/built-in.o
 .text.stdio_serial_puts
                0x1e01dac4        0x8 common/built-in.o
 .text.stdio_serial_putc
                0x1e01dacc        0x8 common/built-in.o
 .text.stdio_get_list
                0x1e01dad4        0xc common/built-in.o
                0x1e01dad4                stdio_get_list
 .text.stdio_get_by_name
                0x1e01dae0       0x50 common/built-in.o
                0x1e01dae0                stdio_get_by_name
 .text.stdio_clone
                0x1e01db30       0x3c common/built-in.o
                0x1e01db30                stdio_clone
 .text.stdio_register_dev
                0x1e01db6c       0x50 common/built-in.o
                0x1e01db6c                stdio_register_dev
 .text.stdio_register
                0x1e01dbbc        0x8 common/built-in.o
                0x1e01dbbc                stdio_register
 .text.stdio_init_tables
                0x1e01dbc4       0x1c common/built-in.o
                0x1e01dbc4                stdio_init_tables
 .text.stdio_add_devices
                0x1e01dbe0       0x7c common/built-in.o
                0x1e01dbe0                stdio_add_devices
 .text.run_command
                0x1e01dc5c       0x10 common/built-in.o
                0x1e01dc5c                run_command
 .text.run_command_list
                0x1e01dc6c       0x84 common/built-in.o
                0x1e01dc6c                run_command_list
 .text.do_run   0x1e01dcf0       0x78 common/built-in.o
                0x1e01dcf0                do_run
 .text.cli_loop
                0x1e01dd68        0xc common/built-in.o
                0x1e01dd68                cli_loop
 .text.cli_init
                0x1e01dd74        0x4 common/built-in.o
                0x1e01dd74                cli_init
 .text.delete_char.part.0
                0x1e01dd78       0xd4 common/built-in.o
 .text.cread_add_char
                0x1e01de4c       0xec common/built-in.o
 .text.cli_readline_into_buffer
                0x1e01df38      0x9cc common/built-in.o
                0x1e01df38                cli_readline_into_buffer
 .text.cli_readline
                0x1e01e904       0x14 common/built-in.o
                0x1e01e904                cli_readline
 .text.find_cmd_tbl
                0x1e01e918       0xa4 common/built-in.o
                0x1e01e918                find_cmd_tbl
 .text.find_cmd
                0x1e01e9bc       0x28 common/built-in.o
                0x1e01e9bc                find_cmd
 .text.cmd_usage
                0x1e01e9e4       0x5c common/built-in.o
                0x1e01e9e4                cmd_usage
 .text._do_help
                0x1e01ea40      0x184 common/built-in.o
                0x1e01ea40                _do_help
 .text.var_complete
                0x1e01ebc4       0x88 common/built-in.o
                0x1e01ebc4                var_complete
 .text.cmd_auto_complete
                0x1e01ec4c      0x4c4 common/built-in.o
                0x1e01ec4c                cmd_auto_complete
 .text.cmd_get_data_size
                0x1e01f110       0x50 common/built-in.o
                0x1e01f110                cmd_get_data_size
 .text.cmd_process
                0x1e01f160       0xec common/built-in.o
                0x1e01f160                cmd_process
 .text.hex1_bin
                0x1e01f24c       0x40 common/built-in.o
 .text.hex2_bin
                0x1e01f28c       0x38 common/built-in.o
 .text.srec_decode
                0x1e01f2c4      0x25c common/built-in.o
                0x1e01f2c4                srec_decode
 .text.CYGACC_COMM_IF_GETC_TIMEOUT.isra.1
                0x1e01f520       0x4c common/built-in.o
 .text.xyzModem_flush
                0x1e01f56c       0x18 common/built-in.o
 .text.xyzModem_get_hdr
                0x1e01f584      0x250 common/built-in.o
 .text.xyzModem_stream_open
                0x1e01f7d4      0x254 common/built-in.o
                0x1e01f7d4                xyzModem_stream_open
 .text.xyzModem_stream_read
                0x1e01fa28      0x254 common/built-in.o
                0x1e01fa28                xyzModem_stream_read
 .text.xyzModem_stream_close
                0x1e01fc7c       0x50 common/built-in.o
                0x1e01fc7c                xyzModem_stream_close
 .text.xyzModem_stream_terminate
                0x1e01fccc       0x94 common/built-in.o
                0x1e01fccc                xyzModem_stream_terminate
 .text.xyzModem_error
                0x1e01fd60       0x20 common/built-in.o
                0x1e01fd60                xyzModem_error
 .text.common_diskboot
                0x1e01fd80      0x23c common/built-in.o
                0x1e01fd80                common_diskboot
 .text.get_dev_hwpart
                0x1e01ffbc       0xac disk/built-in.o
 .text.dev_print
                0x1e020068      0x21c disk/built-in.o
                0x1e020068                dev_print
 .text.init_part
                0x1e020284       0x20 disk/built-in.o
                0x1e020284                init_part
 .text.print_part
                0x1e0202a4       0xf8 disk/built-in.o
                0x1e0202a4                print_part
 .text.get_partition_info
                0x1e02039c       0x2c disk/built-in.o
                0x1e02039c                get_partition_info
 .text.get_device
                0x1e0203c8      0x114 disk/built-in.o
                0x1e0203c8                get_device
 .text.get_device_and_partition
                0x1e0204dc      0x45c disk/built-in.o
                0x1e0204dc                get_device_and_partition
 .text.test_block_type
                0x1e020938       0x7c disk/built-in.o
 .text.print_partition_extended
                0x1e0209b4      0x268 disk/built-in.o
 .text.get_partition_info_extended.constprop.2
                0x1e020c1c      0x2f0 disk/built-in.o
 .text.test_part_dos
                0x1e020f0c       0x64 disk/built-in.o
                0x1e020f0c                test_part_dos
 .text.print_part_dos
                0x1e020f70       0x30 disk/built-in.o
                0x1e020f70                print_part_dos
 .text.get_partition_info_dos
                0x1e020fa0       0x1c disk/built-in.o
                0x1e020fa0                get_partition_info_dos
 .text.i2c_get_adapter
                0x1e020fbc       0x64 drivers/i2c/built-in.o
                0x1e020fbc                i2c_get_adapter
 .text.i2c_init_bus
                0x1e021020       0x90 drivers/i2c/built-in.o
                0x1e021020                i2c_init_bus
 .text.i2c_get_bus_num
                0x1e0210b0        0x8 drivers/i2c/built-in.o
                0x1e0210b0                i2c_get_bus_num
 .text.i2c_set_bus_num
                0x1e0210b8       0xbc drivers/i2c/built-in.o
                0x1e0210b8                i2c_set_bus_num
 .text.i2c_init_all
                0x1e021174       0x14 drivers/i2c/built-in.o
                0x1e021174                i2c_init_all
 .text.i2c_probe
                0x1e021188       0x28 drivers/i2c/built-in.o
                0x1e021188                i2c_probe
 .text.i2c_read
                0x1e0211b0       0x48 drivers/i2c/built-in.o
                0x1e0211b0                i2c_read
 .text.i2c_write
                0x1e0211f8       0x48 drivers/i2c/built-in.o
                0x1e0211f8                i2c_write
 .text.i2c_set_bus_speed
                0x1e021240       0x64 drivers/i2c/built-in.o
                0x1e021240                i2c_set_bus_speed
 .text.i2c_get_bus_speed
                0x1e0212a4       0x14 drivers/i2c/built-in.o
                0x1e0212a4                i2c_get_bus_speed
 .text.i2c_init
                0x1e0212b8       0x14 drivers/i2c/built-in.o
                0x1e0212b8                i2c_init
 .text.iproc_i2c_write_trans_data
                0x1e0212cc       0xa8 drivers/i2c/built-in.o
 .text.iproc_get_base
                0x1e021374       0x50 drivers/i2c/built-in.o
 .text.iproc_i2c_startbusy_wait
                0x1e0213c4       0x78 drivers/i2c/built-in.o
 .text.iproc_i2c_data_send
                0x1e02143c       0xc4 drivers/i2c/built-in.o
 .text.iproc_i2c_data_recv
                0x1e021500      0x148 drivers/i2c/built-in.o
 .text.iproc_i2c_write
                0x1e021648       0xf4 drivers/i2c/built-in.o
 .text.iproc_i2c_read
                0x1e02173c       0xf4 drivers/i2c/built-in.o
 .text.iproc_i2c_init
                0x1e021830       0x54 drivers/i2c/built-in.o
 .text.iproc_i2c_probe
                0x1e021884       0x80 drivers/i2c/built-in.o
                0x1e021884                iproc_i2c_probe
 .text.iproc_i2c_set_bus_speed
                0x1e021904       0x6c drivers/i2c/built-in.o
 .text.idr_get_next
                0x1e021970       0x48 drivers/mtd/built-in.o
                0x1e021970                idr_get_next
 .text.idr_alloc
                0x1e0219b8       0x34 drivers/mtd/built-in.o
                0x1e0219b8                idr_alloc
 .text.__mtd_next_device
                0x1e0219ec       0x1c drivers/mtd/built-in.o
                0x1e0219ec                __mtd_next_device
 .text.del_mtd_device
                0x1e021a08       0x78 drivers/mtd/built-in.o
                0x1e021a08                del_mtd_device
 .text.__get_mtd_device
                0x1e021a80       0x38 drivers/mtd/built-in.o
                0x1e021a80                __get_mtd_device
 .text.get_mtd_device
                0x1e021ab8       0x94 drivers/mtd/built-in.o
                0x1e021ab8                get_mtd_device
 .text.get_mtd_device_nm
                0x1e021b4c       0x58 drivers/mtd/built-in.o
                0x1e021b4c                get_mtd_device_nm
 .text.__put_mtd_device
                0x1e021ba4       0x4c drivers/mtd/built-in.o
                0x1e021ba4                __put_mtd_device
 .text.put_mtd_device
                0x1e021bf0        0x4 drivers/mtd/built-in.o
                0x1e021bf0                put_mtd_device
 .text.mtd_erase
                0x1e021bf4       0x88 drivers/mtd/built-in.o
                0x1e021bf4                mtd_erase
 .text.mtd_read
                0x1e021c7c       0xb0 drivers/mtd/built-in.o
                0x1e021c7c                mtd_read
 .text.mtd_write
                0x1e021d2c       0xa4 drivers/mtd/built-in.o
                0x1e021d2c                mtd_write
 .text.mtd_read_oob
                0x1e021dd0       0x64 drivers/mtd/built-in.o
                0x1e021dd0                mtd_read_oob
 .text.mtd_unlock
                0x1e021e34       0x78 drivers/mtd/built-in.o
                0x1e021e34                mtd_unlock
 .text.add_mtd_device
                0x1e021eac      0x1ec drivers/mtd/built-in.o
                0x1e021eac                add_mtd_device
 .text.mtd_block_isbad
                0x1e022098       0x4c drivers/mtd/built-in.o
                0x1e022098                mtd_block_isbad
 .text.mtd_block_markbad
                0x1e0220e4       0x60 drivers/mtd/built-in.o
                0x1e0220e4                mtd_block_markbad
 .text.mtd_arg_off
                0x1e022144       0xec drivers/mtd/built-in.o
                0x1e022144                mtd_arg_off
 .text.mtd_arg_off_size
                0x1e022230      0x11c drivers/mtd/built-in.o
                0x1e022230                mtd_arg_off_size
 .text.part_get_unmapped_area
                0x1e02234c       0x20 drivers/mtd/built-in.o
 .text.part_read_user_prot_reg
                0x1e02236c       0x30 drivers/mtd/built-in.o
 .text.part_get_user_prot_info
                0x1e02239c       0x14 drivers/mtd/built-in.o
 .text.part_read_fact_prot_reg
                0x1e0223b0       0x30 drivers/mtd/built-in.o
 .text.part_get_fact_prot_info
                0x1e0223e0       0x14 drivers/mtd/built-in.o
 .text.part_write
                0x1e0223f4       0x44 drivers/mtd/built-in.o
 .text.part_panic_write
                0x1e022438       0x44 drivers/mtd/built-in.o
 .text.part_write_oob
                0x1e02247c       0x68 drivers/mtd/built-in.o
 .text.part_write_user_prot_reg
                0x1e0224e4       0x30 drivers/mtd/built-in.o
 .text.part_lock_user_prot_reg
                0x1e022514       0x1c drivers/mtd/built-in.o
 .text.part_lock
                0x1e022530       0x2c drivers/mtd/built-in.o
 .text.part_unlock
                0x1e02255c       0x2c drivers/mtd/built-in.o
 .text.part_is_locked
                0x1e022588       0x2c drivers/mtd/built-in.o
 .text.part_sync
                0x1e0225b4       0x14 drivers/mtd/built-in.o
 .text.part_block_isreserved
                0x1e0225c8       0x20 drivers/mtd/built-in.o
 .text.part_block_isbad
                0x1e0225e8       0x20 drivers/mtd/built-in.o
 .text.part_block_markbad
                0x1e022608       0x34 drivers/mtd/built-in.o
 .text.part_read
                0x1e02263c       0xa0 drivers/mtd/built-in.o
 .text.part_read_oob
                0x1e0226dc      0x1a0 drivers/mtd/built-in.o
 .text.part_erase
                0x1e02287c       0x70 drivers/mtd/built-in.o
 .text.kstrdup  0x1e0228ec       0x48 drivers/mtd/built-in.o
                0x1e0228ec                kstrdup
 .text.mtd_erase_callback
                0x1e022934       0x68 drivers/mtd/built-in.o
                0x1e022934                mtd_erase_callback
 .text.del_mtd_partitions
                0x1e02299c       0x9c drivers/mtd/built-in.o
                0x1e02299c                del_mtd_partitions
 .text.add_mtd_partitions
                0x1e022a38      0x6f0 drivers/mtd/built-in.o
                0x1e022a38                add_mtd_partitions
 .text.mtd_is_partition
                0x1e023128       0x3c drivers/mtd/built-in.o
                0x1e023128                mtd_is_partition
 .text.mtd_get_device_size
                0x1e023164       0x28 drivers/mtd/built-in.o
                0x1e023164                mtd_get_device_size
 .text.nand_register
                0x1e02318c       0x94 drivers/mtd/nand/built-in.o
                0x1e02318c                nand_register
 .text.nand_init
                0x1e023220       0x6c drivers/mtd/nand/built-in.o
                0x1e023220                nand_init
 .text.read_bbt
                0x1e02328c      0x1ec drivers/mtd/nand/built-in.o
 .text.read_abs_bbt
                0x1e023478       0xcc drivers/mtd/nand/built-in.o
 .text.scan_read
                0x1e023544       0xfc drivers/mtd/nand/built-in.o
 .text.write_bbt
                0x1e023640      0x610 drivers/mtd/nand/built-in.o
 .text.nand_update_bbt
                0x1e023c50      0x12c drivers/mtd/nand/built-in.o
 .text.mark_bbt_region
                0x1e023d7c      0x188 drivers/mtd/nand/built-in.o
 .text.verify_bbt_descr
                0x1e023f04      0x13c drivers/mtd/nand/built-in.o
 .text.create_bbt
                0x1e024040      0x20c drivers/mtd/nand/built-in.o
 .text.search_bbt
                0x1e02424c      0x1a4 drivers/mtd/nand/built-in.o
 .text.nand_scan_bbt
                0x1e0243f0      0x520 drivers/mtd/nand/built-in.o
                0x1e0243f0                nand_scan_bbt
 .text.nand_default_bbt
                0x1e024910       0xd4 drivers/mtd/nand/built-in.o
                0x1e024910                nand_default_bbt
 .text.nand_isreserved_bbt
                0x1e0249e4       0x48 drivers/mtd/nand/built-in.o
                0x1e0249e4                nand_isreserved_bbt
 .text.nand_isbad_bbt
                0x1e024a2c       0x5c drivers/mtd/nand/built-in.o
                0x1e024a2c                nand_isbad_bbt
 .text.nand_markbad_bbt
                0x1e024a88       0x68 drivers/mtd/nand/built-in.o
                0x1e024a88                nand_markbad_bbt
 .text.check_skip_len
                0x1e024af0       0xa8 drivers/mtd/nand/built-in.o
 .text.nand_erase_opts
                0x1e024b98      0x37c drivers/mtd/nand/built-in.o
                0x1e024b98                nand_erase_opts
 .text.nand_verify_page_oob
                0x1e024f14       0xc4 drivers/mtd/nand/built-in.o
                0x1e024f14                nand_verify_page_oob
 .text.nand_verify
                0x1e024fd8       0xf0 drivers/mtd/nand/built-in.o
                0x1e024fd8                nand_verify
 .text.nand_write_skip_bad
                0x1e0250c8      0x2a0 drivers/mtd/nand/built-in.o
                0x1e0250c8                nand_write_skip_bad
 .text.nand_read_skip_bad
                0x1e025368      0x238 drivers/mtd/nand/built-in.o
                0x1e025368                nand_read_skip_bad
 .text.nand_calculate_ecc
                0x1e0255a0       0xfc drivers/mtd/nand/built-in.o
                0x1e0255a0                nand_calculate_ecc
 .text.nand_correct_data
                0x1e02569c      0x124 drivers/mtd/nand/built-in.o
                0x1e02569c                nand_correct_data
 .text.nand_release_device
                0x1e0257c0       0x18 drivers/mtd/nand/built-in.o
 .text.nand_read_byte
                0x1e0257d8       0x10 drivers/mtd/nand/built-in.o
                0x1e0257d8                nand_read_byte
 .text.nand_read_byte16
                0x1e0257e8       0x14 drivers/mtd/nand/built-in.o
 .text.nand_read_word
                0x1e0257fc       0x10 drivers/mtd/nand/built-in.o
 .text.nand_write_byte
                0x1e02580c       0x24 drivers/mtd/nand/built-in.o
 .text.nand_write_byte16
                0x1e025830       0x24 drivers/mtd/nand/built-in.o
 .text.nand_write_buf
                0x1e025854       0x28 drivers/mtd/nand/built-in.o
                0x1e025854                nand_write_buf
 .text.nand_read_buf
                0x1e02587c       0x28 drivers/mtd/nand/built-in.o
                0x1e02587c                nand_read_buf
 .text.nand_write_buf16
                0x1e0258a4       0x30 drivers/mtd/nand/built-in.o
                0x1e0258a4                nand_write_buf16
 .text.nand_read_buf16
                0x1e0258d4       0x34 drivers/mtd/nand/built-in.o
                0x1e0258d4                nand_read_buf16
 .text.nand_check_wp
                0x1e025908       0x50 drivers/mtd/nand/built-in.o
 .text.nand_read_page_raw_syndrome
                0x1e025958       0xd4 drivers/mtd/nand/built-in.o
 .text.nand_read_page_swecc
                0x1e025a2c      0x138 drivers/mtd/nand/built-in.o
 .text.nand_read_subpage
                0x1e025b64      0x294 drivers/mtd/nand/built-in.o
 .text.nand_read_page_hwecc
                0x1e025df8      0x158 drivers/mtd/nand/built-in.o
 .text.nand_read_page_hwecc_oob_first
                0x1e025f50      0x150 drivers/mtd/nand/built-in.o
 .text.nand_read_page_syndrome
                0x1e0260a0      0x140 drivers/mtd/nand/built-in.o
 .text.nand_setup_read_retry
                0x1e0261e0       0x38 drivers/mtd/nand/built-in.o
 .text.nand_read_oob_std
                0x1e026218       0x3c drivers/mtd/nand/built-in.o
 .text.nand_read_oob_syndrome
                0x1e026254      0x108 drivers/mtd/nand/built-in.o
 .text.nand_write_oob_std
                0x1e02635c       0x70 drivers/mtd/nand/built-in.o
 .text.nand_write_oob_syndrome
                0x1e0263cc      0x1b0 drivers/mtd/nand/built-in.o
 .text.nand_write_page_raw_syndrome
                0x1e02657c       0xd4 drivers/mtd/nand/built-in.o
 .text.nand_write_page_swecc
                0x1e026650       0xb8 drivers/mtd/nand/built-in.o
 .text.nand_write_page_hwecc
                0x1e026708       0xcc drivers/mtd/nand/built-in.o
 .text.nand_write_page_syndrome
                0x1e0267d4       0xf4 drivers/mtd/nand/built-in.o
 .text.single_erase
                0x1e0268c8       0x4c drivers/mtd/nand/built-in.o
 .text.nand_sync
                0x1e026914       0x10 drivers/mtd/nand/built-in.o
 .text.nand_onfi_set_features
                0x1e026924       0x84 drivers/mtd/nand/built-in.o
 .text.nand_set_defaults
                0x1e0269a8      0x1ac drivers/mtd/nand/built-in.o
 .text.nand_setup_read_retry_micron
                0x1e026b54       0x2c drivers/mtd/nand/built-in.o
 .text.nand_write_page
                0x1e026b80      0x134 drivers/mtd/nand/built-in.o
 .text.nand_block_bad
                0x1e026cb4      0x1b0 drivers/mtd/nand/built-in.o
 .text.nand_write_subpage_hwecc
                0x1e026e64      0x1a4 drivers/mtd/nand/built-in.o
 .text.nand_onfi_get_features
                0x1e027008       0x8c drivers/mtd/nand/built-in.o
 .text.nand_block_checkbad
                0x1e027094       0x90 drivers/mtd/nand/built-in.o
 .text.nand_block_isbad
                0x1e027124       0x18 drivers/mtd/nand/built-in.o
 .text.nand_block_isreserved
                0x1e02713c       0x1c drivers/mtd/nand/built-in.o
 .text.nand_fill_oob
                0x1e027158      0x124 drivers/mtd/nand/built-in.o
 .text.nand_do_write_oob
                0x1e02727c      0x1a4 drivers/mtd/nand/built-in.o
 .text.nand_default_block_markbad
                0x1e027420       0xe4 drivers/mtd/nand/built-in.o
 .text.nand_do_write_ops
                0x1e027504      0x378 drivers/mtd/nand/built-in.o
 .text.nand_write_oob
                0x1e02787c       0x98 drivers/mtd/nand/built-in.o
 .text.nand_write
                0x1e027914       0x84 drivers/mtd/nand/built-in.o
 .text.nand_wait
                0x1e027998       0xe8 drivers/mtd/nand/built-in.o
 .text.unlikely.sanitize_string
                0x1e027a80       0x38 drivers/mtd/nand/built-in.o
 .text.nand_read_page_raw
                0x1e027ab8       0x44 drivers/mtd/nand/built-in.o
 .text.nand_write_page_raw
                0x1e027afc       0x44 drivers/mtd/nand/built-in.o
 .text.nand_select_chip
                0x1e027b40       0x58 drivers/mtd/nand/built-in.o
 .text.nand_transfer_oob
                0x1e027b98      0x10c drivers/mtd/nand/built-in.o
 .text.onfi_crc16.constprop.13
                0x1e027ca4       0x50 drivers/mtd/nand/built-in.o
 .text.panic_nand_write
                0x1e027cf4       0xd4 drivers/mtd/nand/built-in.o
 .text.nand_wait_status_ready.constprop.15
                0x1e027dc8       0x4c drivers/mtd/nand/built-in.o
 .text.nand_wait_ready
                0x1e027e14       0x4c drivers/mtd/nand/built-in.o
                0x1e027e14                nand_wait_ready
 .text.nand_do_read_ops
                0x1e027e60      0x458 drivers/mtd/nand/built-in.o
 .text.nand_read_oob
                0x1e0282b8      0x2b4 drivers/mtd/nand/built-in.o
 .text.nand_read
                0x1e02856c       0x84 drivers/mtd/nand/built-in.o
 .text.nand_command
                0x1e0285f0      0x1e4 drivers/mtd/nand/built-in.o
 .text.nand_command_lp
                0x1e0287d4      0x258 drivers/mtd/nand/built-in.o
 .text.nand_erase_nand
                0x1e028a2c      0x288 drivers/mtd/nand/built-in.o
                0x1e028a2c                nand_erase_nand
 .text.nand_block_markbad
                0x1e028cb4       0xe4 drivers/mtd/nand/built-in.o
 .text.nand_erase
                0x1e028d98        0x8 drivers/mtd/nand/built-in.o
 .text.nand_scan_ident
                0x1e028da0     0x10ec drivers/mtd/nand/built-in.o
                0x1e028da0                nand_scan_ident
 .text.nand_scan_tail
                0x1e029e8c      0x630 drivers/mtd/nand/built-in.o
                0x1e029e8c                nand_scan_tail
 .text.nand_scan
                0x1e02a4bc       0x24 drivers/mtd/nand/built-in.o
                0x1e02a4bc                nand_scan
 .text.iproc_nand_waitfunc
                0x1e02a4e0        0x8 drivers/mtd/nand/built-in.o
 .text.iproc_nand_read_byte
                0x1e02a4e8      0x120 drivers/mtd/nand/built-in.o
 .text.iproc_nand_read_buf
                0x1e02a608       0x34 drivers/mtd/nand/built-in.o
 .text.iproc_nand_cmd_ctrl
                0x1e02a63c        0x4 drivers/mtd/nand/built-in.o
 .text.iproc_nand_mark_bad
                0x1e02a640       0x18 drivers/mtd/nand/built-in.o
 .text.iproc_check_nand_done
                0x1e02a658      0x120 drivers/mtd/nand/built-in.o
 .text.nand_dev_ready
                0x1e02a778       0x78 drivers/mtd/nand/built-in.o
 .text._iproc_nand_one_page_read
                0x1e02a7f0      0x34c drivers/mtd/nand/built-in.o
 .text.iproc_nand_onfi_parameters_cmd.part.0
                0x1e02ab3c       0x28 drivers/mtd/nand/built-in.o
 .text.iproc_nand_block_bad
                0x1e02ab64       0xbc drivers/mtd/nand/built-in.o
 .text.iproc_nand_read_page_raw
                0x1e02ac20      0x354 drivers/mtd/nand/built-in.o
 .text.iproc_nand_onfi_parameter_pages
                0x1e02af74       0xd4 drivers/mtd/nand/built-in.o
                0x1e02af74                iproc_nand_onfi_parameter_pages
 .text.iproc_nand_config.part.2
                0x1e02b048      0x6b0 drivers/mtd/nand/built-in.o
 .text.iproc_nand_config
                0x1e02b6f8       0x38 drivers/mtd/nand/built-in.o
 .text.board_nand_init
                0x1e02b730      0x29c drivers/mtd/nand/built-in.o
                0x1e02b730                board_nand_init
 .text.iproc_nand_page_read
                0x1e02b9cc       0xfc drivers/mtd/nand/built-in.o
                0x1e02b9cc                iproc_nand_page_read
 .text.iproc_nand_read_page
                0x1e02bac8       0x64 drivers/mtd/nand/built-in.o
 .text.iproc_nand_block_erase
                0x1e02bb2c      0x124 drivers/mtd/nand/built-in.o
                0x1e02bb2c                iproc_nand_block_erase
 .text.iproc_nand_page_program
                0x1e02bc50      0x308 drivers/mtd/nand/built-in.o
                0x1e02bc50                iproc_nand_page_program
 .text.iproc_nand_write_page_hwecc
                0x1e02bf58       0x5c drivers/mtd/nand/built-in.o
 .text.iproc_nand_write_page
                0x1e02bfb4       0x60 drivers/mtd/nand/built-in.o
 .text.iproc_nand_command
                0x1e02c014      0x1bc drivers/mtd/nand/built-in.o
 .text.spi_flash_probe
                0x1e02c1d0       0x80 drivers/mtd/spi/built-in.o
                0x1e02c1d0                spi_flash_probe
 .text.spi_flash_free
                0x1e02c250       0x1c drivers/mtd/spi/built-in.o
                0x1e02c250                spi_flash_free
 .text.stm_is_locked_sr
                0x1e02c26c       0x70 drivers/mtd/spi/built-in.o
 .text.spi_flash_read_common
                0x1e02c2dc       0x58 drivers/mtd/spi/built-in.o
                0x1e02c2dc                spi_flash_read_common
 .text.read_sr  0x1e02c334       0x2c drivers/mtd/spi/built-in.o
 .text.stm_is_locked
                0x1e02c360       0x38 drivers/mtd/spi/built-in.o
                0x1e02c360                stm_is_locked
 .text.spi_flash_cmd_wait_ready
                0x1e02c398       0xe4 drivers/mtd/spi/built-in.o
 .text.sst_byte_write
                0x1e02c47c       0x80 drivers/mtd/spi/built-in.o
 .text.sst_write_bp
                0x1e02c4fc       0x7c drivers/mtd/spi/built-in.o
                0x1e02c4fc                sst_write_bp
 .text.sst_write_wp
                0x1e02c578      0x140 drivers/mtd/spi/built-in.o
                0x1e02c578                sst_write_wp
 .text.spi_flash_write_common
                0x1e02c6b8       0x98 drivers/mtd/spi/built-in.o
                0x1e02c6b8                spi_flash_write_common
 .text.write_sr
                0x1e02c750       0x2c drivers/mtd/spi/built-in.o
 .text.stm_unlock
                0x1e02c77c      0x1ac drivers/mtd/spi/built-in.o
                0x1e02c77c                stm_unlock
 .text.stm_lock
                0x1e02c928      0x158 drivers/mtd/spi/built-in.o
                0x1e02c928                stm_lock
 .text.spi_flash_write_bar
                0x1e02ca80       0x60 drivers/mtd/spi/built-in.o
 .text.spi_flash_cmd_write_ops
                0x1e02cae0      0x104 drivers/mtd/spi/built-in.o
                0x1e02cae0                spi_flash_cmd_write_ops
 .text.spi_flash_cmd_erase_ops
                0x1e02cbe4       0xfc drivers/mtd/spi/built-in.o
                0x1e02cbe4                spi_flash_cmd_erase_ops
 .text.spi_flash_copy_mmap
                0x1e02cce0        0x4 drivers/mtd/spi/built-in.o
                0x1e02cce0                spi_flash_copy_mmap
 .text.spi_flash_cmd_read_ops
                0x1e02cce4      0x15c drivers/mtd/spi/built-in.o
                0x1e02cce4                spi_flash_cmd_read_ops
 .text.spi_flash_scan
                0x1e02ce40      0x514 drivers/mtd/spi/built-in.o
                0x1e02ce40                spi_flash_scan
 .text.spi_flash_read_write
                0x1e02d354       0x74 drivers/mtd/spi/built-in.o
 .text.spi_flash_cmd_read
                0x1e02d3c8       0x1c drivers/mtd/spi/built-in.o
                0x1e02d3c8                spi_flash_cmd_read
 .text.spi_flash_cmd
                0x1e02d3e4       0x2c drivers/mtd/spi/built-in.o
                0x1e02d3e4                spi_flash_cmd
 .text.spi_flash_cmd_write
                0x1e02d410       0x1c drivers/mtd/spi/built-in.o
                0x1e02d410                spi_flash_cmd_write
 .text.add_to_list
                0x1e02d42c       0xd4 drivers/mtd/ubi/built-in.o
 .text.destroy_ai
                0x1e02d500      0x218 drivers/mtd/ubi/built-in.o
 .text.validate_vid_hdr.isra.3
                0x1e02d718       0xd0 drivers/mtd/ubi/built-in.o
 .text.ubi_compare_lebs
                0x1e02d7e8      0x224 drivers/mtd/ubi/built-in.o
                0x1e02d7e8                ubi_compare_lebs
 .text.ubi_add_to_av
                0x1e02da0c      0x438 drivers/mtd/ubi/built-in.o
                0x1e02da0c                ubi_add_to_av
 .text.ubi_find_av
                0x1e02de44       0x30 drivers/mtd/ubi/built-in.o
                0x1e02de44                ubi_find_av
 .text.ubi_remove_av
                0x1e02de74       0x68 drivers/mtd/ubi/built-in.o
                0x1e02de74                ubi_remove_av
 .text.ubi_early_get_peb
                0x1e02dedc      0x1b4 drivers/mtd/ubi/built-in.o
                0x1e02dedc                ubi_early_get_peb
 .text.ubi_attach
                0x1e02e090      0xf34 drivers/mtd/ubi/built-in.o
                0x1e02e090                ubi_attach
 .text.kill_volumes
                0x1e02efc4       0x40 drivers/mtd/ubi/built-in.o
 .text.ubi_volume_notify
                0x1e02f004       0x34 drivers/mtd/ubi/built-in.o
                0x1e02f004                ubi_volume_notify
 .text.ubi_notify_all
                0x1e02f038       0x68 drivers/mtd/ubi/built-in.o
                0x1e02f038                ubi_notify_all
 .text.ubi_get_device
                0x1e02f0a0       0x20 drivers/mtd/ubi/built-in.o
                0x1e02f0a0                ubi_get_device
 .text.ubi_put_device
                0x1e02f0c0       0x10 drivers/mtd/ubi/built-in.o
                0x1e02f0c0                ubi_put_device
 .text.ubi_free_internal_volumes
                0x1e02f0d0       0x48 drivers/mtd/ubi/built-in.o
                0x1e02f0d0                ubi_free_internal_volumes
 .text.ubi_attach_mtd_dev
                0x1e02f118      0x758 drivers/mtd/ubi/built-in.o
                0x1e02f118                ubi_attach_mtd_dev
 .text.ubi_detach_mtd_dev
                0x1e02f870       0xe4 drivers/mtd/ubi/built-in.o
                0x1e02f870                ubi_detach_mtd_dev
 .text.ubi_init
                0x1e02f954      0x148 drivers/mtd/ubi/built-in.o
                0x1e02f954                ubi_init
 .text.ubi_exit
                0x1e02fa9c       0x5c drivers/mtd/ubi/built-in.o
                0x1e02fa9c                ubi_exit
 .text.kstrtoint
                0x1e02faf8       0x28 drivers/mtd/ubi/built-in.o
                0x1e02faf8                kstrtoint
 .text.ubi_mtd_param_parse
                0x1e02fb20      0x1d0 drivers/mtd/ubi/built-in.o
                0x1e02fb20                ubi_mtd_param_parse
 .text.create_vtbl
                0x1e02fcf0      0x1ec drivers/mtd/ubi/built-in.o
 .text.vtbl_check
                0x1e02fedc      0x2c8 drivers/mtd/ubi/built-in.o
 .text.ubi_update_layout_vol
                0x1e0301a4       0x54 drivers/mtd/ubi/built-in.o
 .text.ubi_change_vtbl_record
                0x1e0301f8       0xc4 drivers/mtd/ubi/built-in.o
                0x1e0301f8                ubi_change_vtbl_record
 .text.ubi_read_volume_table
                0x1e0302bc      0x734 drivers/mtd/ubi/built-in.o
                0x1e0302bc                ubi_read_volume_table
 .text.vol_release
                0x1e0309f0       0x1c drivers/mtd/ubi/built-in.o
 .text.self_check_volumes
                0x1e030a0c      0x340 drivers/mtd/ubi/built-in.o
 .text.ubi_create_volume
                0x1e030d4c      0x488 drivers/mtd/ubi/built-in.o
                0x1e030d4c                ubi_create_volume
 .text.ubi_resize_volume