iproc_nand.c:1235:1:iproc_nand_waitfunc	0	static
iproc_nand.c:1528:16:iproc_nand_read_byte	0	static
iproc_nand.c:1222:13:iproc_nand_read_buf	24	static
iproc_nand.c:1595:13:iproc_nand_cmd_ctrl	0	static
iproc_nand.c:1295:12:iproc_nand_mark_bad	8	static
iproc_nand.c:271:12:iproc_check_nand_done	32	static
iproc_nand.c:1603:12:nand_dev_ready	24	static
iproc_nand.c:898:12:_iproc_nand_one_page_read	56	static
iproc_nand.c:339:12:0	0	static
iproc_nand.c:1243:12:iproc_nand_block_bad	16	static
iproc_nand.c:1391:12:iproc_nand_read_page_raw	88	static
iproc_nand.c:1343:5:iproc_nand_scan_bad_blocks	56	static
iproc_nand.c:1774:5:iproc_nand_set_cs_select	0	static
iproc_nand.c:1790:5:iproc_nand_onfi_parameter_pages	16	static
iproc_nand.c:386:12:2	1104	static
iproc_nand.c:386:12:iproc_nand_config	16	static
iproc_nand.c:1685:5:board_nand_init	32	static
iproc_nand.c:1847:5:iproc_nand_ecc_set_config	0	static
iproc_nand.c:1870:10:iproc_nand_onfi_ecc_update	0	static
iproc_nand.c:1967:5:iproc_nand_get_config	16	static
iproc_nand.c:2050:5:iproc_nand_ecc_get_config	0	static
iproc_nand.c:2119:5:iproc_nand_page_read	48	static
iproc_nand.c:1371:12:iproc_nand_read_page	24	static
iproc_nand.c:2142:5:iproc_nand_block_erase	24	static
iproc_nand.c:2068:5:iproc_nand_page_program	72	static
iproc_nand.c:1411:12:iproc_nand_write_page_hwecc	16	static
iproc_nand.c:1428:12:iproc_nand_write_page	16	static
iproc_nand.c:1447:13:iproc_nand_command	24	static
