nand_base.c:132:13:nand_release_device	8	static
nand_base.c:146:9:nand_read_byte	0	static
nand_base.c:159:16:nand_read_byte16	0	static
nand_base.c:171:12:nand_read_word	0	static
nand_base.c:207:13:nand_write_byte	16	static
nand_base.c:221:13:nand_write_byte16	16	static
nand_base.c:288:6:nand_write_buf	0	static
nand_base.c:303:6:nand_read_buf	0	static
nand_base.c:318:6:nand_write_buf16	0	static
nand_base.c:334:6:nand_read_buf16	8	static
nand_base.c:502:12:nand_check_wp	16	static
nand_base.c:947:12:nand_read_page_raw_syndrome	32	static
nand_base.c:989:12:nand_read_page_swecc	56	static
nand_base.c:1035:12:nand_read_subpage	48	static
nand_base.c:1129:12:nand_read_page_hwecc	48	static
nand_base.c:1182:12:nand_read_page_hwecc_oob_first	40	static
nand_base.c:1231:12:nand_read_page_syndrome	40	static
nand_base.c:1336:12:nand_setup_read_retry	8	static
nand_base.c:1567:12:nand_read_oob_std	16	static
nand_base.c:1582:12:nand_read_oob_syndrome	48	static
nand_base.c:1618:12:nand_write_oob_std	24	static
nand_base.c:1642:12:nand_write_oob_syndrome	64	static
nand_base.c:1868:12:nand_write_page_raw_syndrome	32	static
nand_base.c:1908:12:nand_write_page_swecc	48	static
nand_base.c:1935:12:nand_write_page_hwecc	40	static
nand_base.c:2031:12:nand_write_page_syndrome	32	static
nand_base.c:2517:12:single_erase	16	static
nand_base.c:2662:13:nand_sync	0	static
nand_base.c:2709:12:nand_onfi_set_features	24	static
nand_base.c:2761:13:nand_set_defaults	0	static
nand_base.c:2912:12:nand_setup_read_retry_micron	16	static
nand_base.c:2081:12:nand_write_page	40	static
nand_base.c:350:12:nand_block_bad	32	static
nand_base.c:1969:12:nand_write_subpage_hwecc	64	static
nand_base.c:2739:12:nand_onfi_get_features	24	static
nand_base.c:542:12:nand_block_checkbad	40	static
nand_base.c:2677:12:nand_block_isbad	16	static
nand_base.c:522:12:nand_block_isreserved	0	static
nand_base.c:2142:17:nand_fill_oob	24	static
nand_base.c:2390:12:nand_do_write_oob	56	static
nand_base.c:411:12:nand_default_block_markbad	80	static
nand_base.c:2201:12:nand_do_write_ops	104	static
nand_base.c:2474:12:nand_write_oob	32	static
nand_base.c:2365:12:nand_write	64	static
nand_base.c:881:12:nand_wait	24	static
nand_base.c:2811:13:sanitize_string	0	static
nand_base.c:928:12:nand_read_page_raw	16	static
nand_base.c:1849:12:nand_write_page_raw	16	static
nand_base.c:184:13:nand_select_chip	8	static
nand_base.c:1286:17:nand_transfer_oob	24	static
nand_base.c:2828:12:13	8	static
nand_base.c:2331:12:panic_nand_write	64	static
nand_base.c:587:13:15	16	static
nand_base.c:564:6:nand_wait_ready	16	static
nand_base.c:1359:12:nand_do_read_ops	104	static
nand_base.c:1803:12:nand_read_oob	88	static
nand_base.c:1544:12:nand_read	64	static
nand_base.c:611:13:nand_command	24	static
nand_base.c:714:13:nand_command_lp	32	static
nand_base.c:2547:5:nand_erase_nand	64	static
nand_base.c:2687:12:nand_block_markbad	96	static
nand_base.c:2534:12:nand_erase	0	static
nand_base.c:3618:5:nand_scan_ident	64	static
nand_base.c:3712:5:nand_scan_tail	24	static
nand_base.c:4019:5:nand_scan	8	static
