iproc_i2c.c:199:13:iproc_i2c_write_trans_data	0	static
iproc_i2c.c:37:13:iproc_get_base	0	static
iproc_i2c.c:157:12:iproc_i2c_startbusy_wait	16	static
iproc_i2c.c:278:12:iproc_i2c_data_send	16	static
iproc_i2c.c:330:12:iproc_i2c_data_recv	24	static
iproc_i2c.c:614:12:iproc_i2c_write	56	static
iproc_i2c.c:558:12:iproc_i2c_read	56	static
iproc_i2c.c:450:13:iproc_i2c_init	8	static
iproc_i2c.c:493:5:iproc_i2c_probe	16	static
iproc_i2c.c:760:13:iproc_i2c_set_bus_speed	8	static
iproc_i2c.c:640:5:i2c_write_word	40	static
iproc_i2c.c:669:5:i2c_read_word	48	static
