net.c:684:13:start_again_timeout_handler	0	static
net.c:748:13:dummy_handler	0	static
net.c:265:12:on_serverip	8	static
net.c:253:12:on_netmask	8	static
net.c:241:12:on_gatewayip	8	static
net.c:229:12:on_ipaddr	8	static
net.c:348:13:net_init_loop	0	static
net.c:356:13:net_clear_handlers	0	static
net.c:324:6:net_auto_load	8	static
net.c:368:6:net_init	8	static
net.c:689:5:net_start_again	8	static
net.c:399:5:net_loop	88	static
net.c:754:11:net_get_udp_handler	0	static
net.c:759:6:net_set_udp_handler	0	static
net.c:768:11:net_get_arp_handler	0	static
net.c:773:6:net_set_arp_handler	0	static
net.c:783:6:net_set_icmp_handler	0	static
net.c:789:6:net_set_timeout_handler	8	static
net.c:1062:6:net_process_received_packet	48	static
net.c:1402:1:net_eth_hdr_size	0	static
net.c:1414:5:net_set_ether	24	static
net.c:1439:5:net_update_ether	16	static
net.c:1462:6:net_set_ip_header	16	static
net.c:1483:6:net_set_udp_header	24	static
net.c:804:5:net_send_udp_packet	40	static
net.c:1507:6:copy_filename	0	static
net.c:209:12:on_bootfile	8	static
net.c:1527:14:random_port	8	static
net.c:1533:6:ip_to_string	16	static
net.c:1544:6:vlan_to_string	0	static
net.c:1557:8:string_to_vlan	8	static
net.c:289:12:on_vlan	8	static
net.c:277:12:on_nvlan	8	static
net.c:1572:8:getenv_vlan	8	static
