common.h:281:19:print_cpuinfo	0	static
board_f.c:156:12:display_text_info	0	static
board_f.c:278:12:setup_mon_len	0	static
board_f.c:295:12:arch_cpu_init	0	static
board_f.c:426:12:reserve_round_4k	0	static
board_f.c:434:12:reserve_mmu	0	static
board_f.c:464:12:reserve_trace	0	static
board_f.c:489:12:reserve_uboot	0	static
board_f.c:513:12:reserve_malloc	0	static
board_f.c:535:12:setup_machine	0	static
board_f.c:543:12:reserve_global_data	0	static
board_f.c:552:12:reserve_fdt	0	static
board_f.c:591:12:display_new_sp	0	static
board_f.c:785:12:initf_console_record	0	static
board_f.c:794:12:initf_dm	0	static
board_f.c:808:12:reserve_arch	0	static
board_f.c:813:12:arch_cpu_init_dm	0	static
board_f.c:185:12:announce_dram_init	8	static
board_f.c:247:12:init_func_i2c	8	static
board_f.c:778:12:mark_bootstage	8	static
board_f.c:718:12:setup_reloc	8	static
board_f.c:704:12:reloc_fdt	8	static
board_f.c:522:12:reserve_board	8	static
board_f.c:142:12:init_baud_rate	8	static
board_f.c:89:13:coloured_LED_init	0	static
board_f.c:90:13:red_led_on	0	static
board_f.c:91:13:red_led_off	0	static
board_f.c:92:13:green_led_on	0	static
board_f.c:93:13:green_led_off	0	static
board_f.c:94:13:yellow_led_on	0	static
board_f.c:95:13:yellow_led_off	0	static
board_f.c:96:13:blue_led_on	0	static
board_f.c:97:13:blue_led_off	0	static
board_f.c:137:13:board_add_ram_info	0	static
board_f.c:210:12:show_dram_config	8	static
board_f.c:238:13:dram_init_banksize	8	static
board_f.c:696:12:setup_dram_config	8	static
board_f.c:313:14:board_get_usable_ram_top	0	static
board_f.c:330:20:board_reserve_ram_top	0	static
board_f.c:339:12:setup_dest_addr	16	static
board_f.c:573:5:arch_reserve_stacks	0	static
board_f.c:578:12:reserve_stacks	0	static
board_f.c:1020:6:board_init_f	8	static
