pci.c:33:1:pci_hose_read_config_byte	8	static
pci.c:34:1:pci_hose_read_config_word	8	static
pci.c:35:1:pci_hose_read_config_dword	8	static
pci.c:36:1:pci_hose_write_config_byte	8	static
pci.c:37:1:pci_hose_write_config_word	8	static
pci.c:38:1:pci_hose_write_config_dword	8	static
pci.c:99:1:pci_hose_read_config_byte_via_dword	24	static
pci.c:100:1:pci_hose_read_config_word_via_dword	24	static
pci.c:101:1:pci_hose_write_config_byte_via_dword	32	static
pci.c:102:1:pci_hose_write_config_word_via_dword	32	static
pci.c:110:24:pci_get_hose_head	0	static
pci.c:118:6:pci_register_hose	0	static
pci.c:130:24:pci_bus_to_hose	16	static
pci.c:59:1:pci_write_config_dword	16	static
pci.c:58:1:pci_write_config_word	16	static
pci.c:57:1:pci_write_config_byte	16	static
pci.c:56:1:pci_read_config_dword	16	static
pci.c:55:1:pci_read_config_word	16	static
pci.c:54:1:pci_read_config_byte	16	static
pci.c:143:24:find_hose_by_cfg_addr	8	static
pci.c:155:5:pci_last_busno	8	static
pci.c:168:11:pci_find_devices	32	static
pci.c:189:5:pci_hose_config_device	56	static
pci.c:289:26:pci_find_config	16	static
pci.c:313:6:pci_cfgfunc_config_device	16	static
pci.c:321:6:pci_cfgfunc_do_nothing	0	static
pci.c:333:12:pci_print_dev	0	static
pci.c:342:5:pci_hose_scan_bus	64	static
pci.c:425:5:pci_hose_scan	8	static
pci.c:460:6:pci_init	0	static
pci.c:489:5:pci_hose_find_cap_start	16	static
pci.c:510:5:pci_find_cap	40	static
pci.c:472:5:pci_hose_find_capability	24	static
pci.c:541:5:pci_find_next_ext_capability	40	static
pci.c:580:5:pci_hose_find_ext_capability	0	static
