pcie_iproc.c:440:5:iproc_pcie_wr_conf_byte	40	static
pcie_iproc.c:423:5:iproc_pcie_wr_conf_word	40	static
pcie_iproc.c:406:5:iproc_pcie_wr_conf_dword	40	static
pcie_iproc.c:385:5:iproc_pcie_rd_conf_byte	40	static
pcie_iproc.c:364:5:iproc_pcie_rd_conf_word	40	static
pcie_iproc.c:345:5:iproc_pcie_rd_conf_dword	32	static
pcie_iproc.c:79:6:pci_bus0_read_config_dword	32	static
pcie_iproc.c:90:6:pci_bus0_read_config_word	32	static
pcie_iproc.c:103:6:pci_bus0_read_config_byte	32	static
pcie_iproc.c:116:6:pci_bus0_write_config_dword	32	static
pcie_iproc.c:127:6:pci_bus0_write_config_word	48	static
pcie_iproc.c:152:6:pci_bus0_write_config_byte	32	static
pcie_iproc.c:271:5:soc_pcie_check_link	32	static
pcie_iproc.c:594:5:pcie_diag_wr_conf_dword	40	static
pcie_iproc.c:614:5:pcie_diag_rd_conf_dword	32	static
pcie_iproc.c:634:6:pci_iproc_init_board	48	static
pcie_iproc.c:747:5:pci_skip_dev	0	static
pcie_iproc.c:753:5:pci_print_dev	0	static
pcie_iproc.c:762:6:pci_iproc_set_port	0	static
pcie_iproc.c:767:5:iproc_pcie_get_link_status	0	static
pcie_iproc.c:772:5:pci_iproc_get_pci_addr	0	static
pcie_iproc.c:777:5:pci_iproc_get_reg_base	0	static
pcie_iproc.c:783:6:pci_init_board	0	static
